[TGN] Seed fixed: 1
[TGN] L_link=43.0s  gamma=310.2  W_max=430
[TGN] Loaded 7751 rows from '../training_data/sim60_ap60_3seeds_events.csv'
      Attack events: 2089  Benign events: 5662
[TGN] After BEACON filter: 7751 rows

[TGN] Events per attack_scenario:
        scenario  1:   891 events (149 attack, 742 benign)
        scenario  2:  1520 events (52 attack, 1468 benign)
        scenario  3:   815 events (163 attack, 652 benign)
        scenario  4:   800 events (160 attack, 640 benign)
        scenario  5:   431 events (67 attack, 364 benign)
        scenario  6:  1188 events (136 attack, 1052 benign)
        scenario  7:   652 events (326 attack, 326 benign)
        scenario  8:   632 events (316 attack, 316 benign)
        scenario  9:     6 events (0 attack, 6 benign)
        scenario 10:    60 events (0 attack, 60 benign)
        scenario 11:   384 events (360 attack, 24 benign)
        scenario 12:   372 events (360 attack, 12 benign)
[TGN] Device: cuda
       train:  5417 events  (1458 attack, 3959 benign)
       val  :  1162 events  (312 attack, 850 benign)
       test :  1172 events  (319 attack, 853 benign)
       pos_weight = 6.00  (3959 benign / 1458 attack in train)  [override]

[TGN] Training attempt 1/2: dim=192 layers=2 epochs=200 lr=0.001 theta=-1.0

  Epoch   20/200  loss=1.0481  bce=0.7850  gap=0.414  mrgn=0.000  val_MCC@0.5=0.398  val_bestMCC=0.704  (θ=0.726)  val_AUROC=0.843  val_ACC=0.680  TP=256 TN=534 FP=316 FN=56
  Epoch   40/200  loss=0.7262  bce=0.5073  gap=0.615  mrgn=0.000  val_MCC@0.5=0.565  val_bestMCC=0.786  (θ=0.802)  val_AUROC=0.879  val_ACC=0.800  TP=258 TN=672 FP=178 FN=54
  Epoch   60/200  loss=0.4700  bce=0.2740  gap=0.771  mrgn=0.000  val_MCC@0.5=0.786  val_bestMCC=0.831  (θ=0.690)  val_AUROC=0.926  val_ACC=0.915  TP=268 TN=795 FP=55 FN=44
  Epoch   80/200  loss=0.3373  bce=0.1636  gap=0.865  mrgn=0.000  val_MCC@0.5=0.808  val_bestMCC=0.860  (θ=0.685)  val_AUROC=0.952  val_ACC=0.924  TP=270 TN=804 FP=46 FN=42
  Epoch  100/200  loss=0.2626  bce=0.1057  gap=0.903  mrgn=0.000  val_MCC@0.5=0.829  val_bestMCC=0.862  (θ=0.619)  val_AUROC=0.946  val_ACC=0.934  TP=266 TN=819 FP=31 FN=46
  Epoch  120/200  loss=0.2180  bce=0.0725  gap=0.931  mrgn=0.000  val_MCC@0.5=0.834  val_bestMCC=0.866  (θ=0.609)  val_AUROC=0.947  val_ACC=0.935  TP=269 TN=818 FP=32 FN=43
  Epoch  140/200  loss=0.1944  bce=0.0557  gap=0.946  mrgn=0.000  val_MCC@0.5=0.858  val_bestMCC=0.864  (θ=0.532)  val_AUROC=0.949  val_ACC=0.945  TP=269 TN=829 FP=21 FN=43
  Epoch  160/200  loss=0.1789  bce=0.0450  gap=0.957  mrgn=0.000  val_MCC@0.5=0.860  val_bestMCC=0.862  (θ=0.603)  val_AUROC=0.949  val_ACC=0.946  TP=266 TN=833 FP=17 FN=46
  Epoch  180/200  loss=0.1732  bce=0.0412  gap=0.960  mrgn=0.000  val_MCC@0.5=0.860  val_bestMCC=0.862  (θ=0.523)  val_AUROC=0.948  val_ACC=0.946  TP=266 TN=833 FP=17 FN=46
  Epoch  200/200  loss=0.1722  bce=0.0406  gap=0.961  mrgn=0.000  val_MCC@0.5=0.860  val_bestMCC=0.862  (θ=0.516)  val_AUROC=0.948  val_ACC=0.946  TP=266 TN=833 FP=17 FN=46

[TGN] Best checkpoint: epoch=120  val_bestMCC=0.866  val_AUROC=0.947
[TGN] Restart check: val_bestMCC=0.866 (>=0.975? False)  gap_width=0.0000 (>=0.01? False)

[TGN] Restart 1/1 — val_bestMCC=0.866 < target=0.975. Re-initialising model.
       pos_weight = 6.00  (3959 benign / 1458 attack in train)  [override]

[TGN] Training attempt 2/2: dim=192 layers=2 epochs=200 lr=0.001 theta=-1.0

  Epoch   20/200  loss=1.1145  bce=0.8391  gap=0.376  mrgn=0.000  val_MCC@0.5=0.491  val_bestMCC=0.678  (θ=0.808)  val_AUROC=0.837  val_ACC=0.764  TP=244 TN=644 FP=206 FN=68
  Epoch   40/200  loss=0.7485  bce=0.5281  gap=0.572  mrgn=0.000  val_MCC@0.5=0.623  val_bestMCC=0.791  (θ=0.717)  val_AUROC=0.869  val_ACC=0.838  TP=254 TN=720 FP=130 FN=58
  Epoch   60/200  loss=0.5157  bce=0.2813  gap=0.753  mrgn=0.000  val_MCC@0.5=0.797  val_bestMCC=0.848  (θ=0.689)  val_AUROC=0.938  val_ACC=0.920  TP=267 TN=802 FP=48 FN=45
  Epoch   80/200  loss=0.3304  bce=0.1442  gap=0.879  mrgn=0.000  val_MCC@0.5=0.846  val_bestMCC=0.862  (θ=0.682)  val_AUROC=0.959  val_ACC=0.940  TP=273 TN=819 FP=31 FN=39
  Epoch  100/200  loss=0.2333  bce=0.0756  gap=0.935  mrgn=0.000  val_MCC@0.5=0.852  val_bestMCC=0.873  (θ=0.565)  val_AUROC=0.962  val_ACC=0.942  TP=274 TN=821 FP=29 FN=38
  Epoch  120/200  loss=0.1911  bce=0.0476  gap=0.958  mrgn=0.000  val_MCC@0.5=0.872  val_bestMCC=0.878  (θ=0.554)  val_AUROC=0.961  val_ACC=0.950  TP=277 TN=827 FP=23 FN=35
  Epoch  140/200  loss=0.1669  bce=0.0330  gap=0.969  mrgn=0.000  val_MCC@0.5=0.872  val_bestMCC=0.882  (θ=0.546)  val_AUROC=0.961  val_ACC=0.950  TP=276 TN=828 FP=22 FN=36
  Epoch  160/200  loss=0.1559  bce=0.0268  gap=0.973  mrgn=0.000  val_MCC@0.5=0.873  val_bestMCC=0.878  (θ=0.532)  val_AUROC=0.961  val_ACC=0.951  TP=274 TN=831 FP=19 FN=38
  Epoch  180/200  loss=0.1521  bce=0.0248  gap=0.975  mrgn=0.000  val_MCC@0.5=0.873  val_bestMCC=0.878  (θ=0.553)  val_AUROC=0.961  val_ACC=0.951  TP=274 TN=831 FP=19 FN=38
  Epoch  200/200  loss=0.1515  bce=0.0245  gap=0.976  mrgn=0.000  val_MCC@0.5=0.873  val_bestMCC=0.878  (θ=0.553)  val_AUROC=0.961  val_ACC=0.951  TP=274 TN=831 FP=19 FN=38

[TGN] Best checkpoint: epoch=140  val_bestMCC=0.882  val_AUROC=0.961
[TGN] Restart check: val_bestMCC=0.882 (>=0.975? False)  gap_width=0.0000 (>=0.01? False)
[TGN] Max restarts (2) reached. Proceeding with global best (val_bestMCC=0.882).
[TGN] Global best restored: epoch=140  val_bestMCC=0.882  val_AUROC=0.961
[TGN] Optimal theta_FS = 0.547  (val_MCC=0.882  theta_plateau=0.547  gap=N/A  method=plateau_mid [no val separation gap])

[TGN] Test  MCC=0.894  AUROC=0.964  ACC=0.958  TP=275 TN=848 FP=5 FN=44
[TGN] Test variant classifier (TTW/BSHH/ME)  ACC=0.602  F1_macro=0.673  n=1172
[TGN] Wall-clock training time: 1697.0s (28.28 min)
[TGN] Weights saved to 'sweep_5seeds/tgn_weights_dim192_ce05_seed1.bin'  (2400808 bytes, dim=192 layers=2)

[TGN] Complete.  Deploy with (use the SAME simTime/N_Vehicles/mobility_scenario
                 as the data generation runs to avoid train/eval mismatch):
  ./waf --run "scratch/routing --simTime=<N> --N_Vehicles=<N> \
               --mobility_scenario=<N> --maxspeed=<N> \
               --attack_scenario=1 --tgn_weights=sweep_5seeds/tgn_weights_dim192_ce05_seed1.bin \
               --tgn_theta=0.55 --tgn_l_link=43.0"
  # Also pass: --tgn_dim=192 --tgn_layers=2
