[TGN] Seed fixed: 2
[TGN] L_link=43.0s  gamma=310.2  W_max=430
[TGN] Loaded 7751 rows from '../training_data/sim60_ap60_3seeds_events.csv'
      Attack events: 2089  Benign events: 5662
[TGN] After BEACON filter: 7751 rows

[TGN] Events per attack_scenario:
        scenario  1:   891 events (149 attack, 742 benign)
        scenario  2:  1520 events (52 attack, 1468 benign)
        scenario  3:   815 events (163 attack, 652 benign)
        scenario  4:   800 events (160 attack, 640 benign)
        scenario  5:   431 events (67 attack, 364 benign)
        scenario  6:  1188 events (136 attack, 1052 benign)
        scenario  7:   652 events (326 attack, 326 benign)
        scenario  8:   632 events (316 attack, 316 benign)
        scenario  9:     6 events (0 attack, 6 benign)
        scenario 10:    60 events (0 attack, 60 benign)
        scenario 11:   384 events (360 attack, 24 benign)
        scenario 12:   372 events (360 attack, 12 benign)
[TGN] Device: cuda
       train:  5417 events  (1458 attack, 3959 benign)
       val  :  1162 events  (312 attack, 850 benign)
       test :  1172 events  (319 attack, 853 benign)
       pos_weight = 6.00  (3959 benign / 1458 attack in train)  [override]

[TGN] Training attempt 1/2: dim=192 layers=2 epochs=200 lr=0.0005 theta=-1.0

  Epoch   20/200  loss=1.3624  bce=1.0985  gap=0.223  mrgn=0.127  val_MCC@0.5=0.532  val_bestMCC=0.567  (θ=0.525)  val_AUROC=0.830  val_ACC=0.784  TP=252 TN=659 FP=191 FN=60
  Epoch   40/200  loss=0.8498  bce=0.6926  gap=0.479  mrgn=0.000  val_MCC@0.5=0.520  val_bestMCC=0.745  (θ=0.702)  val_AUROC=0.828  val_ACC=0.786  TP=241 TN=672 FP=178 FN=71
  Epoch   60/200  loss=0.6794  bce=0.5385  gap=0.580  mrgn=0.000  val_MCC@0.5=0.602  val_bestMCC=0.767  (θ=0.672)  val_AUROC=0.845  val_ACC=0.838  TP=234 TN=740 FP=110 FN=78
  Epoch   80/200  loss=0.5356  bce=0.4051  gap=0.669  mrgn=0.000  val_MCC@0.5=0.736  val_bestMCC=0.808  (θ=0.597)  val_AUROC=0.891  val_ACC=0.898  TP=242 TN=802 FP=48 FN=70
  Epoch  100/200  loss=0.4413  bce=0.3162  gap=0.736  mrgn=0.000  val_MCC@0.5=0.777  val_bestMCC=0.830  (θ=0.586)  val_AUROC=0.918  val_ACC=0.914  TP=250 TN=812 FP=38 FN=62
  Epoch  120/200  loss=0.3760  bce=0.2548  gap=0.783  mrgn=0.000  val_MCC@0.5=0.810  val_bestMCC=0.838  (θ=0.571)  val_AUROC=0.928  val_ACC=0.927  TP=256 TN=821 FP=29 FN=56
  Epoch  140/200  loss=0.3340  bce=0.2159  gap=0.814  mrgn=0.000  val_MCC@0.5=0.819  val_bestMCC=0.844  (θ=0.549)  val_AUROC=0.933  val_ACC=0.930  TP=257 TN=824 FP=26 FN=55
  Epoch  160/200  loss=0.3078  bce=0.1923  gap=0.834  mrgn=0.000  val_MCC@0.5=0.826  val_bestMCC=0.848  (θ=0.521)  val_AUROC=0.936  val_ACC=0.933  TP=257 TN=827 FP=23 FN=55
  Epoch  180/200  loss=0.2955  bce=0.1813  gap=0.844  mrgn=0.000  val_MCC@0.5=0.830  val_bestMCC=0.849  (θ=0.562)  val_AUROC=0.937  val_ACC=0.935  TP=257 TN=829 FP=21 FN=55
  Epoch  200/200  loss=0.2935  bce=0.1796  gap=0.845  mrgn=0.000  val_MCC@0.5=0.830  val_bestMCC=0.849  (θ=0.561)  val_AUROC=0.937  val_ACC=0.935  TP=257 TN=829 FP=21 FN=55

[TGN] Best checkpoint: epoch=200  val_bestMCC=0.849  val_AUROC=0.937
[TGN] Restart check: val_bestMCC=0.849 (>=0.975? False)  gap_width=0.0000 (>=0.01? False)

[TGN] Restart 1/1 — val_bestMCC=0.849 < target=0.975. Re-initialising model.
       pos_weight = 6.00  (3959 benign / 1458 attack in train)  [override]

[TGN] Training attempt 2/2: dim=192 layers=2 epochs=200 lr=0.0005 theta=-1.0

  Epoch   20/200  loss=1.4030  bce=1.1281  gap=0.191  mrgn=0.159  val_MCC@0.5=0.574  val_bestMCC=0.582  (θ=0.504)  val_AUROC=0.856  val_ACC=0.813  TP=249 TN=696 FP=154 FN=63
  Epoch   40/200  loss=0.8774  bce=0.7191  gap=0.457  mrgn=0.000  val_MCC@0.5=0.505  val_bestMCC=0.745  (θ=0.722)  val_AUROC=0.829  val_ACC=0.773  TP=245 TN=653 FP=197 FN=67
  Epoch   60/200  loss=0.6659  bce=0.5206  gap=0.600  mrgn=0.000  val_MCC@0.5=0.644  val_bestMCC=0.786  (θ=0.700)  val_AUROC=0.858  val_ACC=0.857  TP=239 TN=757 FP=93 FN=73
  Epoch   80/200  loss=0.5292  bce=0.3944  gap=0.697  mrgn=0.000  val_MCC@0.5=0.737  val_bestMCC=0.805  (θ=0.631)  val_AUROC=0.892  val_ACC=0.898  TP=243 TN=801 FP=49 FN=69
  Epoch  100/200  loss=0.4206  bce=0.2913  gap=0.768  mrgn=0.000  val_MCC@0.5=0.788  val_bestMCC=0.837  (θ=0.655)  val_AUROC=0.929  val_ACC=0.917  TP=264 TN=801 FP=49 FN=48
  Epoch  120/200  loss=0.3588  bce=0.2330  gap=0.810  mrgn=0.000  val_MCC@0.5=0.809  val_bestMCC=0.844  (θ=0.607)  val_AUROC=0.942  val_ACC=0.925  TP=268 TN=807 FP=43 FN=44
  Epoch  140/200  loss=0.3209  bce=0.1978  gap=0.836  mrgn=0.000  val_MCC@0.5=0.802  val_bestMCC=0.853  (θ=0.600)  val_AUROC=0.946  val_ACC=0.923  TP=266 TN=806 FP=44 FN=46
  Epoch  160/200  loss=0.2965  bce=0.1754  gap=0.851  mrgn=0.000  val_MCC@0.5=0.806  val_bestMCC=0.851  (θ=0.597)  val_AUROC=0.948  val_ACC=0.924  TP=266 TN=808 FP=42 FN=46
  Epoch  180/200  loss=0.2856  bce=0.1655  gap=0.858  mrgn=0.000  val_MCC@0.5=0.809  val_bestMCC=0.851  (θ=0.621)  val_AUROC=0.949  val_ACC=0.925  TP=267 TN=808 FP=42 FN=45
  Epoch  200/200  loss=0.2838  bce=0.1639  gap=0.860  mrgn=0.000  val_MCC@0.5=0.809  val_bestMCC=0.848  (θ=0.625)  val_AUROC=0.949  val_ACC=0.925  TP=267 TN=808 FP=42 FN=45

[TGN] Best checkpoint: epoch=140  val_bestMCC=0.853  val_AUROC=0.946
[TGN] Restart check: val_bestMCC=0.853 (>=0.975? False)  gap_width=0.0000 (>=0.01? False)
[TGN] Max restarts (2) reached. Proceeding with global best (val_bestMCC=0.853).
[TGN] Global best restored: epoch=140  val_bestMCC=0.853  val_AUROC=0.946
[TGN] Optimal theta_FS = 0.605  (val_MCC=0.853  theta_plateau=0.605  gap=N/A  method=plateau_mid [no val separation gap])

[TGN] Test  MCC=0.867  AUROC=0.949  ACC=0.948  TP=266 TN=845 FP=8 FN=53
[TGN] Test variant classifier (TTW/BSHH/ME)  ACC=0.596  F1_macro=0.667  n=1172
[TGN] Wall-clock training time: 2196.7s (36.61 min)
[TGN] Weights saved to 'sweep_5seeds/tgn_weights_dim192_lr0005_seed2.bin'  (2400808 bytes, dim=192 layers=2)

[TGN] Complete.  Deploy with (use the SAME simTime/N_Vehicles/mobility_scenario
                 as the data generation runs to avoid train/eval mismatch):
  ./waf --run "scratch/routing --simTime=<N> --N_Vehicles=<N> \
               --mobility_scenario=<N> --maxspeed=<N> \
               --attack_scenario=1 --tgn_weights=sweep_5seeds/tgn_weights_dim192_lr0005_seed2.bin \
               --tgn_theta=0.61 --tgn_l_link=43.0"
  # Also pass: --tgn_dim=192 --tgn_layers=2
