[TGN] Seed fixed: 2
[TGN] L_link=43.0s  gamma=310.2  W_max=430
[TGN] Loaded 7751 rows from '../training_data/sim60_ap60_3seeds_events.csv'
      Attack events: 2089  Benign events: 5662
[TGN] After BEACON filter: 7751 rows

[TGN] Events per attack_scenario:
        scenario  1:   891 events (149 attack, 742 benign)
        scenario  2:  1520 events (52 attack, 1468 benign)
        scenario  3:   815 events (163 attack, 652 benign)
        scenario  4:   800 events (160 attack, 640 benign)
        scenario  5:   431 events (67 attack, 364 benign)
        scenario  6:  1188 events (136 attack, 1052 benign)
        scenario  7:   652 events (326 attack, 326 benign)
        scenario  8:   632 events (316 attack, 316 benign)
        scenario  9:     6 events (0 attack, 6 benign)
        scenario 10:    60 events (0 attack, 60 benign)
        scenario 11:   384 events (360 attack, 24 benign)
        scenario 12:   372 events (360 attack, 12 benign)
[TGN] Device: cuda
       train:  5417 events  (1458 attack, 3959 benign)
       val  :  1162 events  (312 attack, 850 benign)
       test :  1172 events  (319 attack, 853 benign)
       pos_weight = 5.00  (3959 benign / 1458 attack in train)  [override]

[TGN] Training attempt 1/2: dim=128 layers=2 epochs=200 lr=0.001 theta=-1.0

  Epoch   20/200  loss=1.1204  bce=0.8995  gap=0.287  mrgn=0.063  val_MCC@0.5=0.562  val_bestMCC=0.635  (θ=0.583)  val_AUROC=0.866  val_ACC=0.786  TP=271 TN=642 FP=208 FN=41
  Epoch   40/200  loss=0.7008  bce=0.5496  gap=0.551  mrgn=0.000  val_MCC@0.5=0.602  val_bestMCC=0.773  (θ=0.690)  val_AUROC=0.863  val_ACC=0.826  TP=254 TN=706 FP=144 FN=58
  Epoch   60/200  loss=0.4562  bce=0.3209  gap=0.718  mrgn=0.000  val_MCC@0.5=0.766  val_bestMCC=0.833  (θ=0.691)  val_AUROC=0.922  val_ACC=0.906  TP=266 TN=787 FP=63 FN=46
  Epoch   80/200  loss=0.3758  bce=0.2484  gap=0.809  mrgn=0.000  val_MCC@0.5=0.816  val_bestMCC=0.855  (θ=0.677)  val_AUROC=0.940  val_ACC=0.929  TP=263 TN=816 FP=34 FN=49
  Epoch  100/200  loss=0.2752  bce=0.1560  gap=0.852  mrgn=0.000  val_MCC@0.5=0.827  val_bestMCC=0.866  (θ=0.644)  val_AUROC=0.952  val_ACC=0.933  TP=266 TN=818 FP=32 FN=46
  Epoch  120/200  loss=0.2101  bce=0.1003  gap=0.903  mrgn=0.000  val_MCC@0.5=0.855  val_bestMCC=0.874  (θ=0.625)  val_AUROC=0.948  val_ACC=0.944  TP=268 TN=829 FP=21 FN=44
  Epoch  140/200  loss=0.1761  bce=0.0730  gap=0.929  mrgn=0.000  val_MCC@0.5=0.846  val_bestMCC=0.874  (θ=0.638)  val_AUROC=0.947  val_ACC=0.941  TP=267 TN=826 FP=24 FN=45
  Epoch  160/200  loss=0.1611  bce=0.0619  gap=0.940  mrgn=0.000  val_MCC@0.5=0.851  val_bestMCC=0.876  (θ=0.570)  val_AUROC=0.948  val_ACC=0.942  TP=269 TN=826 FP=24 FN=43
  Epoch  180/200  loss=0.1558  bce=0.0580  gap=0.943  mrgn=0.000  val_MCC@0.5=0.856  val_bestMCC=0.876  (θ=0.565)  val_AUROC=0.949  val_ACC=0.944  TP=270 TN=827 FP=23 FN=42
  Epoch  200/200  loss=0.1549  bce=0.0574  gap=0.943  mrgn=0.000  val_MCC@0.5=0.856  val_bestMCC=0.878  (θ=0.511)  val_AUROC=0.949  val_ACC=0.944  TP=270 TN=827 FP=23 FN=42

[TGN] Best checkpoint: epoch=200  val_bestMCC=0.878  val_AUROC=0.949
[TGN] Restart check: val_bestMCC=0.878 (>=0.975? False)  gap_width=0.0000 (>=0.01? False)

[TGN] Restart 1/1 — val_bestMCC=0.878 < target=0.975. Re-initialising model.
       pos_weight = 5.00  (3959 benign / 1458 attack in train)  [override]

[TGN] Training attempt 2/2: dim=128 layers=2 epochs=200 lr=0.001 theta=-1.0

  Epoch   20/200  loss=1.1002  bce=0.8865  gap=0.300  mrgn=0.050  val_MCC@0.5=0.443  val_bestMCC=0.627  (θ=0.647)  val_AUROC=0.841  val_ACC=0.692  TP=273 TN=531 FP=319 FN=39
  Epoch   40/200  loss=0.6870  bce=0.5397  gap=0.574  mrgn=0.000  val_MCC@0.5=0.555  val_bestMCC=0.778  (θ=0.705)  val_AUROC=0.829  val_ACC=0.807  TP=241 TN=697 FP=153 FN=71
  Epoch   60/200  loss=0.5263  bce=0.3957  gap=0.664  mrgn=0.000  val_MCC@0.5=0.661  val_bestMCC=0.785  (θ=0.713)  val_AUROC=0.870  val_ACC=0.863  TP=245 TN=758 FP=92 FN=67
  Epoch   80/200  loss=0.3843  bce=0.2639  gap=0.769  mrgn=0.000  val_MCC@0.5=0.760  val_bestMCC=0.807  (θ=0.708)  val_AUROC=0.913  val_ACC=0.906  TP=256 TN=797 FP=53 FN=56
  Epoch  100/200  loss=0.2860  bce=0.1743  gap=0.843  mrgn=0.000  val_MCC@0.5=0.782  val_bestMCC=0.830  (θ=0.631)  val_AUROC=0.933  val_ACC=0.915  TP=260 TN=803 FP=47 FN=52
  Epoch  120/200  loss=0.2241  bce=0.1195  gap=0.890  mrgn=0.000  val_MCC@0.5=0.805  val_bestMCC=0.844  (θ=0.593)  val_AUROC=0.941  val_ACC=0.924  TP=263 TN=811 FP=39 FN=49
  Epoch  140/200  loss=0.1868  bce=0.0874  gap=0.919  mrgn=0.000  val_MCC@0.5=0.814  val_bestMCC=0.851  (θ=0.590)  val_AUROC=0.942  val_ACC=0.928  TP=265 TN=813 FP=37 FN=47
  Epoch  160/200  loss=0.1687  bce=0.0724  gap=0.932  mrgn=0.000  val_MCC@0.5=0.822  val_bestMCC=0.851  (θ=0.572)  val_AUROC=0.944  val_ACC=0.931  TP=264 TN=818 FP=32 FN=48
  Epoch  180/200  loss=0.1623  bce=0.0671  gap=0.937  mrgn=0.000  val_MCC@0.5=0.827  val_bestMCC=0.851  (θ=0.588)  val_AUROC=0.944  val_ACC=0.933  TP=264 TN=820 FP=30 FN=48
  Epoch  200/200  loss=0.1613  bce=0.0663  gap=0.938  mrgn=0.000  val_MCC@0.5=0.827  val_bestMCC=0.851  (θ=0.592)  val_AUROC=0.944  val_ACC=0.933  TP=264 TN=820 FP=30 FN=48

[TGN] Best checkpoint: epoch=200  val_bestMCC=0.851  val_AUROC=0.944
[TGN] Restart check: val_bestMCC=0.851 (>=0.975? False)  gap_width=0.0000 (>=0.01? False)
[TGN] Max restarts (2) reached. Proceeding with global best (val_bestMCC=0.878).
[TGN] Global best restored: epoch=200  val_bestMCC=0.878  val_AUROC=0.949
[TGN] Optimal theta_FS = 0.512  (val_MCC=0.878  theta_plateau=0.512  gap=N/A  method=plateau_mid [no val separation gap])

[TGN] Test  MCC=0.880  AUROC=0.954  ACC=0.953  TP=273 TN=844 FP=9 FN=46
[TGN] Test variant classifier (TTW/BSHH/ME)  ACC=0.608  F1_macro=0.680  n=1172
[TGN] Wall-clock training time: 1550.7s (25.84 min)
[TGN] Weights saved to 'sweep_5seeds/tgn_weights_seed2_pw5.bin'  (1076264 bytes, dim=128 layers=2)

[TGN] Complete.  Deploy with (use the SAME simTime/N_Vehicles/mobility_scenario
                 as the data generation runs to avoid train/eval mismatch):
  ./waf --run "scratch/routing --simTime=<N> --N_Vehicles=<N> \
               --mobility_scenario=<N> --maxspeed=<N> \
               --attack_scenario=1 --tgn_weights=sweep_5seeds/tgn_weights_seed2_pw5.bin \
               --tgn_theta=0.51 --tgn_l_link=43.0"
  # Also pass: --tgn_dim=128 --tgn_layers=2
