[TGN] Seed fixed: 3
[TGN] L_link=43.0s  gamma=310.2  W_max=430
[TGN] Loaded 7751 rows from '../training_data/sim60_ap60_3seeds_events.csv'
      Attack events: 2089  Benign events: 5662
[TGN] After BEACON filter: 7751 rows

[TGN] Events per attack_scenario:
        scenario  1:   891 events (149 attack, 742 benign)
        scenario  2:  1520 events (52 attack, 1468 benign)
        scenario  3:   815 events (163 attack, 652 benign)
        scenario  4:   800 events (160 attack, 640 benign)
        scenario  5:   431 events (67 attack, 364 benign)
        scenario  6:  1188 events (136 attack, 1052 benign)
        scenario  7:   652 events (326 attack, 326 benign)
        scenario  8:   632 events (316 attack, 316 benign)
        scenario  9:     6 events (0 attack, 6 benign)
        scenario 10:    60 events (0 attack, 60 benign)
        scenario 11:   384 events (360 attack, 24 benign)
        scenario 12:   372 events (360 attack, 12 benign)
[TGN] Device: cuda
       train:  5417 events  (1458 attack, 3959 benign)
       val  :  1162 events  (312 attack, 850 benign)
       test :  1172 events  (319 attack, 853 benign)
       pos_weight = 6.00  (3959 benign / 1458 attack in train)  [override]

[TGN] Training attempt 1/2: dim=192 layers=2 epochs=200 lr=0.001 theta=-1.0

  Epoch   20/200  loss=0.9943  bce=0.8173  gap=0.399  mrgn=0.000  val_MCC@0.5=0.449  val_bestMCC=0.619  (θ=0.623)  val_AUROC=0.815  val_ACC=0.728  TP=250 TN=596 FP=254 FN=62
  Epoch   40/200  loss=0.6199  bce=0.4783  gap=0.615  mrgn=0.000  val_MCC@0.5=0.565  val_bestMCC=0.788  (θ=0.697)  val_AUROC=0.860  val_ACC=0.805  TP=253 TN=682 FP=168 FN=59
  Epoch   60/200  loss=0.4804  bce=0.3531  gap=0.705  mrgn=0.000  val_MCC@0.5=0.796  val_bestMCC=0.858  (θ=0.694)  val_AUROC=0.948  val_ACC=0.917  TP=279 TN=786 FP=64 FN=33
  Epoch   80/200  loss=0.2902  bce=0.1757  gap=0.848  mrgn=0.000  val_MCC@0.5=0.842  val_bestMCC=0.853  (θ=0.632)  val_AUROC=0.955  val_ACC=0.938  TP=275 TN=815 FP=35 FN=37
  Epoch  100/200  loss=0.1962  bce=0.0873  gap=0.921  mrgn=0.000  val_MCC@0.5=0.852  val_bestMCC=0.878  (θ=0.617)  val_AUROC=0.959  val_ACC=0.942  TP=275 TN=820 FP=30 FN=37
  Epoch  120/200  loss=0.1498  bce=0.0533  gap=0.950  mrgn=0.000  val_MCC@0.5=0.869  val_bestMCC=0.878  (θ=0.555)  val_AUROC=0.959  val_ACC=0.949  TP=275 TN=828 FP=22 FN=37
  Epoch  140/200  loss=0.1275  bce=0.0375  gap=0.964  mrgn=0.000  val_MCC@0.5=0.865  val_bestMCC=0.871  (θ=0.553)  val_AUROC=0.956  val_ACC=0.948  TP=273 TN=828 FP=22 FN=39
  Epoch  160/200  loss=0.1182  bce=0.0312  gap=0.969  mrgn=0.000  val_MCC@0.5=0.864  val_bestMCC=0.865  (θ=0.446)  val_AUROC=0.954  val_ACC=0.948  TP=270 TN=831 FP=19 FN=42
  Epoch  180/200  loss=0.1149  bce=0.0291  gap=0.971  mrgn=0.000  val_MCC@0.5=0.864  val_bestMCC=0.864  (θ=0.493)  val_AUROC=0.953  val_ACC=0.948  TP=270 TN=831 FP=19 FN=42
  Epoch  200/200  loss=0.1144  bce=0.0287  gap=0.972  mrgn=0.000  val_MCC@0.5=0.864  val_bestMCC=0.864  (θ=0.492)  val_AUROC=0.953  val_ACC=0.948  TP=270 TN=831 FP=19 FN=42

[TGN] Best checkpoint: epoch=120  val_bestMCC=0.878  val_AUROC=0.959
[TGN] Restart check: val_bestMCC=0.878 (>=0.975? False)  gap_width=0.0000 (>=0.01? False)

[TGN] Restart 1/1 — val_bestMCC=0.878 < target=0.975. Re-initialising model.
       pos_weight = 6.00  (3959 benign / 1458 attack in train)  [override]

[TGN] Training attempt 2/2: dim=192 layers=2 epochs=200 lr=0.001 theta=-1.0

  Epoch   20/200  loss=0.9624  bce=0.7968  gap=0.404  mrgn=0.000  val_MCC@0.5=0.368  val_bestMCC=0.708  (θ=0.797)  val_AUROC=0.819  val_ACC=0.658  TP=254 TN=511 FP=339 FN=58
  Epoch   40/200  loss=0.6183  bce=0.4768  gap=0.634  mrgn=0.000  val_MCC@0.5=0.617  val_bestMCC=0.791  (θ=0.710)  val_AUROC=0.880  val_ACC=0.836  TP=253 TN=718 FP=132 FN=59
  Epoch   60/200  loss=0.4157  bce=0.2889  gap=0.788  mrgn=0.000  val_MCC@0.5=0.780  val_bestMCC=0.836  (θ=0.691)  val_AUROC=0.928  val_ACC=0.913  TP=264 TN=797 FP=53 FN=48
  Epoch   80/200  loss=0.2753  bce=0.1579  gap=0.874  mrgn=0.000  val_MCC@0.5=0.809  val_bestMCC=0.863  (θ=0.731)  val_AUROC=0.953  val_ACC=0.924  TP=273 TN=801 FP=49 FN=39
  Epoch  100/200  loss=0.1988  bce=0.0929  gap=0.922  mrgn=0.000  val_MCC@0.5=0.846  val_bestMCC=0.869  (θ=0.711)  val_AUROC=0.958  val_ACC=0.940  TP=274 TN=818 FP=32 FN=38
  Epoch  120/200  loss=0.1619  bce=0.0632  gap=0.947  mrgn=0.000  val_MCC@0.5=0.862  val_bestMCC=0.871  (θ=0.552)  val_AUROC=0.959  val_ACC=0.947  TP=273 TN=827 FP=23 FN=39
  Epoch  140/200  loss=0.1380  bce=0.0449  gap=0.960  mrgn=0.000  val_MCC@0.5=0.867  val_bestMCC=0.871  (θ=0.467)  val_AUROC=0.958  val_ACC=0.948  TP=272 TN=830 FP=20 FN=40
  Epoch  160/200  loss=0.1260  bce=0.0361  gap=0.965  mrgn=0.000  val_MCC@0.5=0.869  val_bestMCC=0.869  (θ=0.495)  val_AUROC=0.956  val_ACC=0.949  TP=272 TN=831 FP=19 FN=40
  Epoch  180/200  loss=0.1216  bce=0.0331  gap=0.968  mrgn=0.000  val_MCC@0.5=0.867  val_bestMCC=0.869  (θ=0.519)  val_AUROC=0.955  val_ACC=0.948  TP=272 TN=830 FP=20 FN=40
  Epoch  200/200  loss=0.1209  bce=0.0326  gap=0.969  mrgn=0.000  val_MCC@0.5=0.867  val_bestMCC=0.869  (θ=0.521)  val_AUROC=0.955  val_ACC=0.948  TP=272 TN=830 FP=20 FN=40

[TGN] Best checkpoint: epoch=140  val_bestMCC=0.871  val_AUROC=0.958
[TGN] Restart check: val_bestMCC=0.871 (>=0.975? False)  gap_width=0.0000 (>=0.01? False)
[TGN] Max restarts (2) reached. Proceeding with global best (val_bestMCC=0.878).
[TGN] Global best restored: epoch=120  val_bestMCC=0.878  val_AUROC=0.959
[TGN] Optimal theta_FS = 0.560  (val_MCC=0.878  theta_plateau=0.560  gap=N/A  method=plateau_mid [no val separation gap])

[TGN] Test  MCC=0.896  AUROC=0.962  ACC=0.959  TP=276 TN=848 FP=5 FN=43
[TGN] Test variant classifier (TTW/BSHH/ME)  ACC=0.609  F1_macro=0.681  n=1172
[TGN] Wall-clock training time: 2195.9s (36.60 min)
[TGN] Weights saved to 'sweep_5seeds/tgn_weights_dim192_tbptt50_seed3.bin'  (2400808 bytes, dim=192 layers=2)

[TGN] Complete.  Deploy with (use the SAME simTime/N_Vehicles/mobility_scenario
                 as the data generation runs to avoid train/eval mismatch):
  ./waf --run "scratch/routing --simTime=<N> --N_Vehicles=<N> \
               --mobility_scenario=<N> --maxspeed=<N> \
               --attack_scenario=1 --tgn_weights=sweep_5seeds/tgn_weights_dim192_tbptt50_seed3.bin \
               --tgn_theta=0.56 --tgn_l_link=43.0"
  # Also pass: --tgn_dim=192 --tgn_layers=2
