[TGN] Seed fixed: 5
[TGN] L_link=43.0s  gamma=310.2  W_max=430
[TGN] Loaded 7751 rows from '../training_data/sim60_ap60_3seeds_events.csv'
      Attack events: 2089  Benign events: 5662
[TGN] After BEACON filter: 7751 rows

[TGN] Events per attack_scenario:
        scenario  1:   891 events (149 attack, 742 benign)
        scenario  2:  1520 events (52 attack, 1468 benign)
        scenario  3:   815 events (163 attack, 652 benign)
        scenario  4:   800 events (160 attack, 640 benign)
        scenario  5:   431 events (67 attack, 364 benign)
        scenario  6:  1188 events (136 attack, 1052 benign)
        scenario  7:   652 events (326 attack, 326 benign)
        scenario  8:   632 events (316 attack, 316 benign)
        scenario  9:     6 events (0 attack, 6 benign)
        scenario 10:    60 events (0 attack, 60 benign)
        scenario 11:   384 events (360 attack, 24 benign)
        scenario 12:   372 events (360 attack, 12 benign)
[TGN] Device: cuda
       train:  5417 events  (1458 attack, 3959 benign)
       val  :  1162 events  (312 attack, 850 benign)
       test :  1172 events  (319 attack, 853 benign)
       pos_weight = 6.00  (3959 benign / 1458 attack in train)  [override]

[TGN] Training attempt 1/5: dim=128 layers=2 epochs=200 lr=0.001 theta=-1.0

  Epoch   20/200  loss=1.3043  bce=0.9713  gap=0.279  mrgn=0.071  val_MCC@0.5=0.472  val_bestMCC=0.628  (θ=0.655)  val_AUROC=0.859  val_ACC=0.707  TP=279 TN=543 FP=307 FN=33
  Epoch   40/200  loss=0.8298  bce=0.6001  gap=0.529  mrgn=0.000  val_MCC@0.5=0.532  val_bestMCC=0.780  (θ=0.720)  val_AUROC=0.844  val_ACC=0.791  TP=244 TN=675 FP=175 FN=68
  Epoch   60/200  loss=0.5767  bce=0.3752  gap=0.716  mrgn=0.000  val_MCC@0.5=0.733  val_bestMCC=0.792  (θ=0.696)  val_AUROC=0.893  val_ACC=0.895  TP=251 TN=789 FP=61 FN=61
  Epoch   80/200  loss=0.3704  bce=0.1915  gap=0.836  mrgn=0.000  val_MCC@0.5=0.820  val_bestMCC=0.843  (θ=0.699)  val_AUROC=0.946  val_ACC=0.929  TP=270 TN=810 FP=40 FN=42
  Epoch  100/200  loss=0.2794  bce=0.1173  gap=0.893  mrgn=0.000  val_MCC@0.5=0.838  val_bestMCC=0.862  (θ=0.633)  val_AUROC=0.951  val_ACC=0.937  TP=269 TN=820 FP=30 FN=43
  Epoch  120/200  loss=0.2232  bce=0.0746  gap=0.934  mrgn=0.000  val_MCC@0.5=0.841  val_bestMCC=0.869  (θ=0.530)  val_AUROC=0.957  val_ACC=0.938  TP=273 TN=817 FP=33 FN=39
  Epoch  140/200  loss=0.1946  bce=0.0541  gap=0.949  mrgn=0.000  val_MCC@0.5=0.871  val_bestMCC=0.871  (θ=0.474)  val_AUROC=0.958  val_ACC=0.950  TP=272 TN=832 FP=18 FN=40
  Epoch  160/200  loss=0.1813  bce=0.0452  gap=0.958  mrgn=0.000  val_MCC@0.5=0.869  val_bestMCC=0.869  (θ=0.427)  val_AUROC=0.958  val_ACC=0.949  TP=271 TN=832 FP=18 FN=41
  Epoch  180/200  loss=0.1767  bce=0.0422  gap=0.960  mrgn=0.000  val_MCC@0.5=0.867  val_bestMCC=0.869  (θ=0.419)  val_AUROC=0.958  val_ACC=0.948  TP=270 TN=832 FP=18 FN=42
  Epoch  200/200  loss=0.1759  bce=0.0417  gap=0.961  mrgn=0.000  val_MCC@0.5=0.867  val_bestMCC=0.871  (θ=0.418)  val_AUROC=0.958  val_ACC=0.948  TP=270 TN=832 FP=18 FN=42

[TGN] Best checkpoint: epoch=200  val_bestMCC=0.871  val_AUROC=0.958
[TGN] Restart check: val_bestMCC=0.871 (>=0.975? False)  gap_width=0.0000 (>=0.01? False)

[TGN] Restart 1/4 — val_bestMCC=0.871 < target=0.975. Re-initialising model.
       pos_weight = 6.00  (3959 benign / 1458 attack in train)  [override]

[TGN] Training attempt 2/5: dim=128 layers=2 epochs=200 lr=0.001 theta=-1.0

  Epoch   20/200  loss=1.4757  bce=1.0928  gap=0.209  mrgn=0.141  val_MCC@0.5=0.466  val_bestMCC=0.542  (θ=0.556)  val_AUROC=0.833  val_ACC=0.702  TP=279 TN=537 FP=313 FN=33
  Epoch   40/200  loss=0.9023  bce=0.6664  gap=0.484  mrgn=0.000  val_MCC@0.5=0.446  val_bestMCC=0.760  (θ=0.773)  val_AUROC=0.824  val_ACC=0.736  TP=241 TN=614 FP=236 FN=71
  Epoch   60/200  loss=0.6219  bce=0.4220  gap=0.648  mrgn=0.000  val_MCC@0.5=0.715  val_bestMCC=0.803  (θ=0.631)  val_AUROC=0.886  val_ACC=0.889  TP=244 TN=789 FP=61 FN=68
  Epoch   80/200  loss=0.4921  bce=0.2958  gap=0.741  mrgn=0.000  val_MCC@0.5=0.806  val_bestMCC=0.838  (θ=0.596)  val_AUROC=0.928  val_ACC=0.925  TP=255 TN=820 FP=30 FN=57
  Epoch  100/200  loss=0.3553  bce=0.1816  gap=0.839  mrgn=0.000  val_MCC@0.5=0.824  val_bestMCC=0.856  (θ=0.551)  val_AUROC=0.939  val_ACC=0.932  TP=259 TN=824 FP=26 FN=53
  Epoch  120/200  loss=0.2665  bce=0.1085  gap=0.901  mrgn=0.000  val_MCC@0.5=0.862  val_bestMCC=0.864  (θ=0.478)  val_AUROC=0.945  val_ACC=0.947  TP=267 TN=833 FP=17 FN=45
  Epoch  140/200  loss=0.2252  bce=0.0772  gap=0.928  mrgn=0.000  val_MCC@0.5=0.866  val_bestMCC=0.866  (θ=0.479)  val_AUROC=0.947  val_ACC=0.948  TP=267 TN=835 FP=15 FN=45
  Epoch  160/200  loss=0.2074  bce=0.0644  gap=0.939  mrgn=0.000  val_MCC@0.5=0.860  val_bestMCC=0.869  (θ=0.389)  val_AUROC=0.945  val_ACC=0.946  TP=265 TN=834 FP=16 FN=47
  Epoch  180/200  loss=0.2012  bce=0.0601  gap=0.943  mrgn=0.000  val_MCC@0.5=0.860  val_bestMCC=0.869  (θ=0.378)  val_AUROC=0.945  val_ACC=0.946  TP=266 TN=833 FP=17 FN=46
  Epoch  200/200  loss=0.2002  bce=0.0594  gap=0.944  mrgn=0.000  val_MCC@0.5=0.860  val_bestMCC=0.869  (θ=0.376)  val_AUROC=0.945  val_ACC=0.946  TP=266 TN=833 FP=17 FN=46

[TGN] Best checkpoint: epoch=200  val_bestMCC=0.869  val_AUROC=0.945
[TGN] Restart check: val_bestMCC=0.869 (>=0.975? False)  gap_width=0.0000 (>=0.01? False)

[TGN] Restart 2/4 — val_bestMCC=0.869 < target=0.975. Re-initialising model.
       pos_weight = 6.00  (3959 benign / 1458 attack in train)  [override]

[TGN] Training attempt 3/5: dim=128 layers=2 epochs=200 lr=0.001 theta=-1.0

  Epoch   20/200  loss=1.3502  bce=1.0137  gap=0.267  mrgn=0.083  val_MCC@0.5=0.533  val_bestMCC=0.579  (θ=0.536)  val_AUROC=0.852  val_ACC=0.765  TP=271 TN=618 FP=232 FN=41
  Epoch   40/200  loss=0.8153  bce=0.5866  gap=0.542  mrgn=0.000  val_MCC@0.5=0.492  val_bestMCC=0.780  (θ=0.713)  val_AUROC=0.871  val_ACC=0.741  TP=266 TN=595 FP=255 FN=46
  Epoch   60/200  loss=0.5446  bce=0.3458  gap=0.728  mrgn=0.000  val_MCC@0.5=0.775  val_bestMCC=0.827  (θ=0.689)  val_AUROC=0.926  val_ACC=0.910  TP=269 TN=788 FP=62 FN=43
  Epoch   80/200  loss=0.4157  bce=0.2294  gap=0.826  mrgn=0.000  val_MCC@0.5=0.806  val_bestMCC=0.851  (θ=0.682)  val_AUROC=0.949  val_ACC=0.923  TP=274 TN=798 FP=52 FN=38
  Epoch  100/200  loss=0.3082  bce=0.1385  gap=0.885  mrgn=0.000  val_MCC@0.5=0.834  val_bestMCC=0.855  (θ=0.621)  val_AUROC=0.966  val_ACC=0.934  TP=281 TN=804 FP=46 FN=31
  Epoch  120/200  loss=0.2480  bce=0.0905  gap=0.921  mrgn=0.000  val_MCC@0.5=0.847  val_bestMCC=0.873  (θ=0.561)  val_AUROC=0.969  val_ACC=0.939  TP=284 TN=807 FP=43 FN=28
  Epoch  140/200  loss=0.2162  bce=0.0675  gap=0.939  mrgn=0.000  val_MCC@0.5=0.863  val_bestMCC=0.866  (θ=0.526)  val_AUROC=0.969  val_ACC=0.946  TP=283 TN=816 FP=34 FN=29
  Epoch  160/200  loss=0.2015  bce=0.0576  gap=0.947  mrgn=0.000  val_MCC@0.5=0.862  val_bestMCC=0.867  (θ=0.482)  val_AUROC=0.969  val_ACC=0.946  TP=282 TN=817 FP=33 FN=30
  Epoch  180/200  loss=0.1963  bce=0.0542  gap=0.950  mrgn=0.000  val_MCC@0.5=0.857  val_bestMCC=0.867  (θ=0.474)  val_AUROC=0.968  val_ACC=0.944  TP=279 TN=818 FP=32 FN=33
  Epoch  200/200  loss=0.1955  bce=0.0537  gap=0.950  mrgn=0.000  val_MCC@0.5=0.857  val_bestMCC=0.867  (θ=0.473)  val_AUROC=0.968  val_ACC=0.944  TP=279 TN=818 FP=32 FN=33

[TGN] Best checkpoint: epoch=120  val_bestMCC=0.873  val_AUROC=0.969
[TGN] Restart check: val_bestMCC=0.873 (>=0.975? False)  gap_width=0.0000 (>=0.01? False)

[TGN] Restart 3/4 — val_bestMCC=0.873 < target=0.975. Re-initialising model.
       pos_weight = 6.00  (3959 benign / 1458 attack in train)  [override]

[TGN] Training attempt 4/5: dim=128 layers=2 epochs=200 lr=0.001 theta=-1.0

  Epoch   20/200  loss=1.3546  bce=1.0236  gap=0.268  mrgn=0.082  val_MCC@0.5=0.533  val_bestMCC=0.618  (θ=0.591)  val_AUROC=0.860  val_ACC=0.772  TP=265 TN=632 FP=218 FN=47
  Epoch   40/200  loss=0.8709  bce=0.6297  gap=0.512  mrgn=0.000  val_MCC@0.5=0.513  val_bestMCC=0.777  (θ=0.812)  val_AUROC=0.839  val_ACC=0.776  TP=247 TN=655 FP=195 FN=65
  Epoch   60/200  loss=0.6233  bce=0.4185  gap=0.668  mrgn=0.000  val_MCC@0.5=0.644  val_bestMCC=0.797  (θ=0.772)  val_AUROC=0.897  val_ACC=0.845  TP=262 TN=720 FP=130 FN=50
  Epoch   80/200  loss=0.4395  bce=0.2522  gap=0.781  mrgn=0.000  val_MCC@0.5=0.778  val_bestMCC=0.852  (θ=0.704)  val_AUROC=0.944  val_ACC=0.911  TP=267 TN=792 FP=58 FN=45
  Epoch  100/200  loss=0.3303  bce=0.1582  gap=0.858  mrgn=0.000  val_MCC@0.5=0.819  val_bestMCC=0.867  (θ=0.673)  val_AUROC=0.956  val_ACC=0.929  TP=273 TN=806 FP=44 FN=39
  Epoch  120/200  loss=0.2700  bce=0.1092  gap=0.905  mrgn=0.000  val_MCC@0.5=0.849  val_bestMCC=0.875  (θ=0.630)  val_AUROC=0.966  val_ACC=0.941  TP=279 TN=814 FP=36 FN=33
  Epoch  140/200  loss=0.2300  bce=0.0791  gap=0.928  mrgn=0.000  val_MCC@0.5=0.858  val_bestMCC=0.885  (θ=0.579)  val_AUROC=0.966  val_ACC=0.944  TP=280 TN=817 FP=33 FN=32
  Epoch  160/200  loss=0.2111  bce=0.0660  gap=0.940  mrgn=0.000  val_MCC@0.5=0.853  val_bestMCC=0.889  (θ=0.607)  val_AUROC=0.966  val_ACC=0.942  TP=279 TN=816 FP=34 FN=33
  Epoch  180/200  loss=0.2046  bce=0.0617  gap=0.944  mrgn=0.000  val_MCC@0.5=0.849  val_bestMCC=0.889  (θ=0.588)  val_AUROC=0.967  val_ACC=0.941  TP=279 TN=814 FP=36 FN=33
  Epoch  200/200  loss=0.2036  bce=0.0610  gap=0.944  mrgn=0.000  val_MCC@0.5=0.849  val_bestMCC=0.889  (θ=0.594)  val_AUROC=0.967  val_ACC=0.941  TP=279 TN=814 FP=36 FN=33

[TGN] Best checkpoint: epoch=180  val_bestMCC=0.889  val_AUROC=0.967
[TGN] Restart check: val_bestMCC=0.889 (>=0.975? False)  gap_width=0.0000 (>=0.01? False)

[TGN] Restart 4/4 — val_bestMCC=0.889 < target=0.975. Re-initialising model.
       pos_weight = 6.00  (3959 benign / 1458 attack in train)  [override]

[TGN] Training attempt 5/5: dim=128 layers=2 epochs=200 lr=0.001 theta=-1.0

  Epoch   20/200  loss=1.3524  bce=1.0057  gap=0.255  mrgn=0.095  val_MCC@0.5=0.506  val_bestMCC=0.601  (θ=0.578)  val_AUROC=0.853  val_ACC=0.769  TP=249 TN=645 FP=205 FN=63
  Epoch   40/200  loss=0.8337  bce=0.5961  gap=0.530  mrgn=0.000  val_MCC@0.5=0.515  val_bestMCC=0.790  (θ=0.700)  val_AUROC=0.846  val_ACC=0.776  TP=248 TN=654 FP=196 FN=64
  Epoch   60/200  loss=0.5920  bce=0.3778  gap=0.691  mrgn=0.000  val_MCC@0.5=0.749  val_bestMCC=0.838  (θ=0.714)  val_AUROC=0.935  val_ACC=0.896  TP=273 TN=768 FP=82 FN=39
  Epoch   80/200  loss=0.4680  bce=0.2688  gap=0.759  mrgn=0.000  val_MCC@0.5=0.832  val_bestMCC=0.881  (θ=0.654)  val_AUROC=0.956  val_ACC=0.933  TP=281 TN=803 FP=47 FN=31
  Epoch  100/200  loss=0.3660  bce=0.1770  gap=0.849  mrgn=0.000  val_MCC@0.5=0.827  val_bestMCC=0.874  (θ=0.631)  val_AUROC=0.955  val_ACC=0.932  TP=274 TN=809 FP=41 FN=38
  Epoch  120/200  loss=0.3047  bce=0.1297  gap=0.888  mrgn=0.000  val_MCC@0.5=0.860  val_bestMCC=0.885  (θ=0.587)  val_AUROC=0.962  val_ACC=0.945  TP=280 TN=818 FP=32 FN=32
  Epoch  140/200  loss=0.2622  bce=0.0981  gap=0.911  mrgn=0.000  val_MCC@0.5=0.850  val_bestMCC=0.885  (θ=0.600)  val_AUROC=0.959  val_ACC=0.941  TP=273 TN=821 FP=29 FN=39
  Epoch  160/200  loss=0.2399  bce=0.0824  gap=0.925  mrgn=0.000  val_MCC@0.5=0.856  val_bestMCC=0.880  (θ=0.517)  val_AUROC=0.959  val_ACC=0.944  TP=273 TN=824 FP=26 FN=39
  Epoch  180/200  loss=0.2316  bce=0.0768  gap=0.929  mrgn=0.000  val_MCC@0.5=0.856  val_bestMCC=0.878  (θ=0.507)  val_AUROC=0.959  val_ACC=0.944  TP=273 TN=824 FP=26 FN=39
  Epoch  200/200  loss=0.2303  bce=0.0759  gap=0.930  mrgn=0.000  val_MCC@0.5=0.858  val_bestMCC=0.878  (θ=0.506)  val_AUROC=0.959  val_ACC=0.945  TP=273 TN=825 FP=25 FN=39

[TGN] Best checkpoint: epoch=120  val_bestMCC=0.885  val_AUROC=0.962
[TGN] Restart check: val_bestMCC=0.885 (>=0.975? False)  gap_width=0.0000 (>=0.01? False)
[TGN] Max restarts (5) reached. Proceeding with global best (val_bestMCC=0.889).
[TGN] Global best restored: epoch=180  val_bestMCC=0.889  val_AUROC=0.967
[TGN] Optimal theta_FS = 0.591  (val_MCC=0.889  theta_plateau=0.591  gap=N/A  method=plateau_mid [no val separation gap])

[TGN] Test  MCC=0.902  AUROC=0.966  ACC=0.962  TP=279 TN=848 FP=5 FN=40
[TGN] Test variant classifier (TTW/BSHH/ME)  ACC=0.612  F1_macro=0.684  n=1172
[TGN] Wall-clock training time: 3393.2s (56.55 min)
[TGN] Weights saved to 'sweep_5seeds/tgn_weights_seed5_pw6.bin'  (1076264 bytes, dim=128 layers=2)

[TGN] Complete.  Deploy with (use the SAME simTime/N_Vehicles/mobility_scenario
                 as the data generation runs to avoid train/eval mismatch):
  ./waf --run "scratch/routing --simTime=<N> --N_Vehicles=<N> \
               --mobility_scenario=<N> --maxspeed=<N> \
               --attack_scenario=1 --tgn_weights=sweep_5seeds/tgn_weights_seed5_pw6.bin \
               --tgn_theta=0.59 --tgn_l_link=43.0"
  # Also pass: --tgn_dim=128 --tgn_layers=2
