[TGN] Seed fixed: 1
[TGN] L_link=43.0s  gamma=310.2  W_max=430
[TGN] Loaded 7751 rows from '../training_data/sim60_ap60_3seeds_events.csv'
      Attack events: 2089  Benign events: 5662
[TGN] After BEACON filter: 7751 rows

[TGN] Events per attack_scenario:
        scenario  1:   891 events (149 attack, 742 benign)
        scenario  2:  1520 events (52 attack, 1468 benign)
        scenario  3:   815 events (163 attack, 652 benign)
        scenario  4:   800 events (160 attack, 640 benign)
        scenario  5:   431 events (67 attack, 364 benign)
        scenario  6:  1188 events (136 attack, 1052 benign)
        scenario  7:   652 events (326 attack, 326 benign)
        scenario  8:   632 events (316 attack, 316 benign)
        scenario  9:     6 events (0 attack, 6 benign)
        scenario 10:    60 events (0 attack, 60 benign)
        scenario 11:   384 events (360 attack, 24 benign)
        scenario 12:   372 events (360 attack, 12 benign)
[TGN] Device: cuda
       train:  5417 events  (1458 attack, 3959 benign)
       val  :  1162 events  (312 attack, 850 benign)
       test :  1172 events  (319 attack, 853 benign)
       pos_weight = 6.00  (3959 benign / 1458 attack in train)  [override]

[TGN] Training attempt 1/2: dim=192 layers=2 epochs=200 lr=0.001 theta=-1.0

  Epoch   20/200  loss=0.8450  bce=0.7523  gap=0.440  mrgn=0.000  val_MCC@0.5=0.446  val_bestMCC=0.705  (θ=0.773)  val_AUROC=0.840  val_ACC=0.723  TP=252 TN=588 FP=262 FN=60
  Epoch   40/200  loss=0.5145  bce=0.4344  gap=0.673  mrgn=0.000  val_MCC@0.5=0.697  val_bestMCC=0.809  (θ=0.699)  val_AUROC=0.915  val_ACC=0.873  TP=265 TN=749 FP=101 FN=47
  Epoch   60/200  loss=0.3319  bce=0.2605  gap=0.782  mrgn=0.000  val_MCC@0.5=0.795  val_bestMCC=0.844  (θ=0.705)  val_AUROC=0.950  val_ACC=0.917  TP=275 TN=791 FP=59 FN=37
  Epoch   80/200  loss=0.2379  bce=0.1727  gap=0.851  mrgn=0.000  val_MCC@0.5=0.810  val_bestMCC=0.847  (θ=0.719)  val_AUROC=0.946  val_ACC=0.926  TP=265 TN=811 FP=39 FN=47
  Epoch  100/200  loss=0.1742  bce=0.1125  gap=0.910  mrgn=0.000  val_MCC@0.5=0.841  val_bestMCC=0.862  (θ=0.715)  val_AUROC=0.958  val_ACC=0.938  TP=272 TN=818 FP=32 FN=40
  Epoch  120/200  loss=0.1237  bce=0.0662  gap=0.942  mrgn=0.000  val_MCC@0.5=0.846  val_bestMCC=0.871  (θ=0.560)  val_AUROC=0.958  val_ACC=0.940  TP=273 TN=819 FP=31 FN=39
  Epoch  140/200  loss=0.0985  bce=0.0441  gap=0.958  mrgn=0.000  val_MCC@0.5=0.845  val_bestMCC=0.869  (θ=0.536)  val_AUROC=0.953  val_ACC=0.940  TP=270 TN=822 FP=28 FN=42
  Epoch  160/200  loss=0.0878  bce=0.0352  gap=0.966  mrgn=0.000  val_MCC@0.5=0.867  val_bestMCC=0.871  (θ=0.526)  val_AUROC=0.952  val_ACC=0.948  TP=271 TN=831 FP=19 FN=41
  Epoch  180/200  loss=0.0841  bce=0.0322  gap=0.968  mrgn=0.000  val_MCC@0.5=0.867  val_bestMCC=0.873  (θ=0.521)  val_AUROC=0.951  val_ACC=0.948  TP=271 TN=831 FP=19 FN=41
  Epoch  200/200  loss=0.0836  bce=0.0318  gap=0.968  mrgn=0.000  val_MCC@0.5=0.867  val_bestMCC=0.873  (θ=0.521)  val_AUROC=0.951  val_ACC=0.948  TP=271 TN=831 FP=19 FN=41

[TGN] Best checkpoint: epoch=180  val_bestMCC=0.873  val_AUROC=0.951
[TGN] Restart check: val_bestMCC=0.873 (>=0.975? False)  gap_width=0.0000 (>=0.01? False)

[TGN] Restart 1/1 — val_bestMCC=0.873 < target=0.975. Re-initialising model.
       pos_weight = 6.00  (3959 benign / 1458 attack in train)  [override]

[TGN] Training attempt 2/2: dim=192 layers=2 epochs=200 lr=0.001 theta=-1.0

  Epoch   20/200  loss=0.9385  bce=0.8456  gap=0.382  mrgn=0.000  val_MCC@0.5=0.530  val_bestMCC=0.645  (θ=0.610)  val_AUROC=0.868  val_ACC=0.769  TP=265 TN=629 FP=221 FN=47
  Epoch   40/200  loss=0.5765  bce=0.4989  gap=0.601  mrgn=0.000  val_MCC@0.5=0.661  val_bestMCC=0.779  (θ=0.711)  val_AUROC=0.864  val_ACC=0.861  TP=249 TN=752 FP=98 FN=63
  Epoch   60/200  loss=0.3032  bce=0.2343  gap=0.809  mrgn=0.000  val_MCC@0.5=0.804  val_bestMCC=0.848  (θ=0.696)  val_AUROC=0.958  val_ACC=0.922  TP=274 TN=797 FP=53 FN=38
  Epoch   80/200  loss=0.2156  bce=0.1497  gap=0.894  mrgn=0.000  val_MCC@0.5=0.843  val_bestMCC=0.853  (θ=0.618)  val_AUROC=0.954  val_ACC=0.939  TP=270 TN=821 FP=29 FN=42
  Epoch  100/200  loss=0.1242  bce=0.0640  gap=0.944  mrgn=0.000  val_MCC@0.5=0.880  val_bestMCC=0.880  (θ=0.487)  val_AUROC=0.963  val_ACC=0.954  TP=276 TN=832 FP=18 FN=36
  Epoch  120/200  loss=0.0910  bce=0.0351  gap=0.969  mrgn=0.000  val_MCC@0.5=0.865  val_bestMCC=0.878  (θ=0.389)  val_AUROC=0.964  val_ACC=0.948  TP=272 TN=829 FP=21 FN=40
  Epoch  140/200  loss=0.0769  bce=0.0238  gap=0.977  mrgn=0.000  val_MCC@0.5=0.869  val_bestMCC=0.874  (θ=0.340)  val_AUROC=0.962  val_ACC=0.949  TP=272 TN=831 FP=19 FN=40
  Epoch  160/200  loss=0.0715  bce=0.0198  gap=0.981  mrgn=0.000  val_MCC@0.5=0.867  val_bestMCC=0.874  (θ=0.318)  val_AUROC=0.961  val_ACC=0.948  TP=271 TN=831 FP=19 FN=41
  Epoch  180/200  loss=0.0696  bce=0.0184  gap=0.982  mrgn=0.000  val_MCC@0.5=0.867  val_bestMCC=0.874  (θ=0.309)  val_AUROC=0.961  val_ACC=0.948  TP=271 TN=831 FP=19 FN=41
  Epoch  200/200  loss=0.0693  bce=0.0182  gap=0.982  mrgn=0.000  val_MCC@0.5=0.867  val_bestMCC=0.874  (θ=0.308)  val_AUROC=0.961  val_ACC=0.948  TP=271 TN=831 FP=19 FN=41

[TGN] Best checkpoint: epoch=100  val_bestMCC=0.880  val_AUROC=0.963
[TGN] Restart check: val_bestMCC=0.880 (>=0.975? False)  gap_width=0.0000 (>=0.01? False)
[TGN] Max restarts (2) reached. Proceeding with global best (val_bestMCC=0.880).
[TGN] Global best restored: epoch=100  val_bestMCC=0.880  val_AUROC=0.963
[TGN] Optimal theta_FS = 0.498  (val_MCC=0.880  theta_plateau=0.498  gap=N/A  method=plateau_mid [no val separation gap])

[TGN] Test  MCC=0.896  AUROC=0.963  ACC=0.959  TP=274 TN=850 FP=3 FN=45
[TGN] Test variant classifier (TTW/BSHH/ME)  ACC=0.602  F1_macro=0.669  n=1172
[TGN] Wall-clock training time: 1654.1s (27.57 min)
[TGN] Weights saved to 'sweep_5seeds/tgn_weights_dim192_ce015_seed1.bin'  (2400808 bytes, dim=192 layers=2)

[TGN] Complete.  Deploy with (use the SAME simTime/N_Vehicles/mobility_scenario
                 as the data generation runs to avoid train/eval mismatch):
  ./waf --run "scratch/routing --simTime=<N> --N_Vehicles=<N> \
               --mobility_scenario=<N> --maxspeed=<N> \
               --attack_scenario=1 --tgn_weights=sweep_5seeds/tgn_weights_dim192_ce015_seed1.bin \
               --tgn_theta=0.50 --tgn_l_link=43.0"
  # Also pass: --tgn_dim=192 --tgn_layers=2
