[TGN] Seed fixed: 1
[TGN] L_link=43.0s  gamma=310.2  W_max=430
[TGN] Loaded 7751 rows from '../training_data/sim60_ap60_3seeds_events.csv'
      Attack events: 2089  Benign events: 5662
[TGN] After BEACON filter: 7751 rows

[TGN] Events per attack_scenario:
        scenario  1:   891 events (149 attack, 742 benign)
        scenario  2:  1520 events (52 attack, 1468 benign)
        scenario  3:   815 events (163 attack, 652 benign)
        scenario  4:   800 events (160 attack, 640 benign)
        scenario  5:   431 events (67 attack, 364 benign)
        scenario  6:  1188 events (136 attack, 1052 benign)
        scenario  7:   652 events (326 attack, 326 benign)
        scenario  8:   632 events (316 attack, 316 benign)
        scenario  9:     6 events (0 attack, 6 benign)
        scenario 10:    60 events (0 attack, 60 benign)
        scenario 11:   384 events (360 attack, 24 benign)
        scenario 12:   372 events (360 attack, 12 benign)
[TGN] Device: cuda
       train:  5417 events  (1458 attack, 3959 benign)
       val  :  1162 events  (312 attack, 850 benign)
       test :  1172 events  (319 attack, 853 benign)
       pos_weight = 5.00  (3959 benign / 1458 attack in train)  [override]

[TGN] Training attempt 1/2: dim=128 layers=2 epochs=200 lr=0.001 theta=-1.0

  Epoch   20/200  loss=1.0201  bce=0.8325  gap=0.333  mrgn=0.017  val_MCC@0.5=0.528  val_bestMCC=0.655  (θ=0.567)  val_AUROC=0.829  val_ACC=0.785  TP=248 TN=664 FP=186 FN=64
  Epoch   40/200  loss=0.6477  bce=0.4989  gap=0.606  mrgn=0.000  val_MCC@0.5=0.600  val_bestMCC=0.764  (θ=0.738)  val_AUROC=0.829  val_ACC=0.836  TP=235 TN=737 FP=113 FN=77
  Epoch   60/200  loss=0.4619  bce=0.3271  gap=0.718  mrgn=0.000  val_MCC@0.5=0.749  val_bestMCC=0.814  (θ=0.680)  val_AUROC=0.899  val_ACC=0.902  TP=252 TN=796 FP=54 FN=60
  Epoch   80/200  loss=0.3336  bce=0.2087  gap=0.825  mrgn=0.000  val_MCC@0.5=0.788  val_bestMCC=0.839  (θ=0.598)  val_AUROC=0.944  val_ACC=0.917  TP=260 TN=806 FP=44 FN=52
  Epoch  100/200  loss=0.2268  bce=0.1132  gap=0.894  mrgn=0.000  val_MCC@0.5=0.840  val_bestMCC=0.858  (θ=0.526)  val_AUROC=0.961  val_ACC=0.938  TP=269 TN=821 FP=29 FN=43
  Epoch  120/200  loss=0.1758  bce=0.0708  gap=0.933  mrgn=0.000  val_MCC@0.5=0.858  val_bestMCC=0.865  (θ=0.476)  val_AUROC=0.961  val_ACC=0.945  TP=269 TN=829 FP=21 FN=43
  Epoch  140/200  loss=0.1523  bce=0.0530  gap=0.950  mrgn=0.000  val_MCC@0.5=0.867  val_bestMCC=0.880  (θ=0.380)  val_AUROC=0.961  val_ACC=0.948  TP=270 TN=832 FP=18 FN=42
  Epoch  160/200  loss=0.1419  bce=0.0457  gap=0.957  mrgn=0.000  val_MCC@0.5=0.871  val_bestMCC=0.880  (θ=0.348)  val_AUROC=0.960  val_ACC=0.950  TP=271 TN=833 FP=17 FN=41
  Epoch  180/200  loss=0.1383  bce=0.0432  gap=0.959  mrgn=0.000  val_MCC@0.5=0.869  val_bestMCC=0.880  (θ=0.337)  val_AUROC=0.960  val_ACC=0.949  TP=270 TN=833 FP=17 FN=42
  Epoch  200/200  loss=0.1377  bce=0.0428  gap=0.959  mrgn=0.000  val_MCC@0.5=0.869  val_bestMCC=0.880  (θ=0.335)  val_AUROC=0.960  val_ACC=0.949  TP=270 TN=833 FP=17 FN=42

[TGN] Best checkpoint: epoch=140  val_bestMCC=0.880  val_AUROC=0.961
[TGN] Restart check: val_bestMCC=0.880 (>=0.975? False)  gap_width=0.0000 (>=0.01? False)

[TGN] Restart 1/1 — val_bestMCC=0.880 < target=0.975. Re-initialising model.
       pos_weight = 5.00  (3959 benign / 1458 attack in train)  [override]

[TGN] Training attempt 2/2: dim=128 layers=2 epochs=200 lr=0.001 theta=-1.0

  Epoch   20/200  loss=1.0605  bce=0.8714  gap=0.321  mrgn=0.029  val_MCC@0.5=0.417  val_bestMCC=0.607  (θ=0.623)  val_AUROC=0.819  val_ACC=0.700  TP=253 TN=560 FP=290 FN=59
  Epoch   40/200  loss=0.6853  bce=0.5389  gap=0.561  mrgn=0.000  val_MCC@0.5=0.498  val_bestMCC=0.767  (θ=0.847)  val_AUROC=0.817  val_ACC=0.776  TP=236 TN=666 FP=184 FN=76
  Epoch   60/200  loss=0.4426  bce=0.3088  gap=0.727  mrgn=0.000  val_MCC@0.5=0.722  val_bestMCC=0.812  (θ=0.751)  val_AUROC=0.903  val_ACC=0.887  TP=260 TN=771 FP=79 FN=52
  Epoch   80/200  loss=0.2847  bce=0.1642  gap=0.851  mrgn=0.000  val_MCC@0.5=0.781  val_bestMCC=0.828  (θ=0.680)  val_AUROC=0.945  val_ACC=0.912  TP=269 TN=791 FP=59 FN=43
  Epoch  100/200  loss=0.2248  bce=0.1118  gap=0.901  mrgn=0.000  val_MCC@0.5=0.806  val_bestMCC=0.837  (θ=0.657)  val_AUROC=0.946  val_ACC=0.923  TP=270 TN=803 FP=47 FN=42
  Epoch  120/200  loss=0.1890  bce=0.0829  gap=0.927  mrgn=0.000  val_MCC@0.5=0.831  val_bestMCC=0.842  (θ=0.593)  val_AUROC=0.949  val_ACC=0.934  TP=273 TN=812 FP=38 FN=39
  Epoch  140/200  loss=0.1612  bce=0.0611  gap=0.941  mrgn=0.000  val_MCC@0.5=0.832  val_bestMCC=0.860  (θ=0.550)  val_AUROC=0.955  val_ACC=0.934  TP=276 TN=809 FP=41 FN=36
  Epoch  160/200  loss=0.1493  bce=0.0524  gap=0.949  mrgn=0.000  val_MCC@0.5=0.827  val_bestMCC=0.856  (θ=0.539)  val_AUROC=0.955  val_ACC=0.932  TP=274 TN=809 FP=41 FN=38
  Epoch  180/200  loss=0.1449  bce=0.0493  gap=0.952  mrgn=0.000  val_MCC@0.5=0.827  val_bestMCC=0.854  (θ=0.546)  val_AUROC=0.955  val_ACC=0.932  TP=274 TN=809 FP=41 FN=38
  Epoch  200/200  loss=0.1442  bce=0.0488  gap=0.952  mrgn=0.000  val_MCC@0.5=0.827  val_bestMCC=0.854  (θ=0.547)  val_AUROC=0.955  val_ACC=0.932  TP=274 TN=809 FP=41 FN=38

[TGN] Best checkpoint: epoch=140  val_bestMCC=0.860  val_AUROC=0.955
[TGN] Restart check: val_bestMCC=0.860 (>=0.975? False)  gap_width=0.0000 (>=0.01? False)
[TGN] Max restarts (2) reached. Proceeding with global best (val_bestMCC=0.880).
[TGN] Global best restored: epoch=140  val_bestMCC=0.880  val_AUROC=0.961
[TGN] Optimal theta_FS = 0.381  (val_MCC=0.880  theta_plateau=0.381  gap=N/A  method=plateau_mid [no val separation gap])

[TGN] Test  MCC=0.880  AUROC=0.967  ACC=0.953  TP=280 TN=837 FP=16 FN=39
[TGN] Test variant classifier (TTW/BSHH/ME)  ACC=0.596  F1_macro=0.672  n=1172
[TGN] Wall-clock training time: 1544.9s (25.75 min)
[TGN] Weights saved to 'sweep_5seeds/tgn_weights_seed1_pw5.bin'  (1076264 bytes, dim=128 layers=2)

[TGN] Complete.  Deploy with (use the SAME simTime/N_Vehicles/mobility_scenario
                 as the data generation runs to avoid train/eval mismatch):
  ./waf --run "scratch/routing --simTime=<N> --N_Vehicles=<N> \
               --mobility_scenario=<N> --maxspeed=<N> \
               --attack_scenario=1 --tgn_weights=sweep_5seeds/tgn_weights_seed1_pw5.bin \
               --tgn_theta=0.38 --tgn_l_link=43.0"
  # Also pass: --tgn_dim=128 --tgn_layers=2
