[TGN] Seed fixed: 3
[TGN] L_link=43.0s  gamma=310.2  W_max=430
[TGN] Loaded 7751 rows from '../training_data/sim60_ap60_3seeds_events.csv'
      Attack events: 2089  Benign events: 5662
[TGN] After BEACON filter: 7751 rows

[TGN] Events per attack_scenario:
        scenario  1:   891 events (149 attack, 742 benign)
        scenario  2:  1520 events (52 attack, 1468 benign)
        scenario  3:   815 events (163 attack, 652 benign)
        scenario  4:   800 events (160 attack, 640 benign)
        scenario  5:   431 events (67 attack, 364 benign)
        scenario  6:  1188 events (136 attack, 1052 benign)
        scenario  7:   652 events (326 attack, 326 benign)
        scenario  8:   632 events (316 attack, 316 benign)
        scenario  9:     6 events (0 attack, 6 benign)
        scenario 10:    60 events (0 attack, 60 benign)
        scenario 11:   384 events (360 attack, 24 benign)
        scenario 12:   372 events (360 attack, 12 benign)
[TGN] Device: cuda
       train:  5417 events  (1458 attack, 3959 benign)
       val  :  1162 events  (312 attack, 850 benign)
       test :  1172 events  (319 attack, 853 benign)
       pos_weight = 6.00  (3959 benign / 1458 attack in train)  [override]

[TGN] Training attempt 1/2: dim=192 layers=2 epochs=200 lr=0.001 theta=-1.0

  Epoch   20/200  loss=1.0723  bce=0.8068  gap=0.401  mrgn=0.000  val_MCC@0.5=0.421  val_bestMCC=0.628  (θ=0.681)  val_AUROC=0.822  val_ACC=0.704  TP=252 TN=566 FP=284 FN=60
  Epoch   40/200  loss=0.6886  bce=0.4776  gap=0.616  mrgn=0.000  val_MCC@0.5=0.513  val_bestMCC=0.785  (θ=0.685)  val_AUROC=0.849  val_ACC=0.775  TP=248 TN=653 FP=197 FN=64
  Epoch   60/200  loss=0.5629  bce=0.3393  gap=0.724  mrgn=0.000  val_MCC@0.5=0.758  val_bestMCC=0.818  (θ=0.706)  val_AUROC=0.904  val_ACC=0.904  TP=259 TN=792 FP=58 FN=53
  Epoch   80/200  loss=0.3539  bce=0.1764  gap=0.843  mrgn=0.000  val_MCC@0.5=0.847  val_bestMCC=0.885  (θ=0.618)  val_AUROC=0.956  val_ACC=0.941  TP=272 TN=821 FP=29 FN=40
  Epoch  100/200  loss=0.2361  bce=0.0832  gap=0.923  mrgn=0.000  val_MCC@0.5=0.878  val_bestMCC=0.885  (θ=0.594)  val_AUROC=0.965  val_ACC=0.953  TP=274 TN=833 FP=17 FN=38
  Epoch  120/200  loss=0.2053  bce=0.0615  gap=0.949  mrgn=0.000  val_MCC@0.5=0.874  val_bestMCC=0.880  (θ=0.509)  val_AUROC=0.967  val_ACC=0.951  TP=276 TN=829 FP=21 FN=36
  Epoch  140/200  loss=0.1804  bce=0.0445  gap=0.958  mrgn=0.000  val_MCC@0.5=0.882  val_bestMCC=0.887  (θ=0.463)  val_AUROC=0.964  val_ACC=0.954  TP=275 TN=834 FP=16 FN=37
  Epoch  160/200  loss=0.1667  bce=0.0364  gap=0.965  mrgn=0.000  val_MCC@0.5=0.887  val_bestMCC=0.889  (θ=0.486)  val_AUROC=0.963  val_ACC=0.956  TP=276 TN=835 FP=15 FN=36
  Epoch  180/200  loss=0.1622  bce=0.0337  gap=0.968  mrgn=0.000  val_MCC@0.5=0.880  val_bestMCC=0.885  (θ=0.427)  val_AUROC=0.962  val_ACC=0.954  TP=273 TN=835 FP=15 FN=39
  Epoch  200/200  loss=0.1615  bce=0.0333  gap=0.968  mrgn=0.000  val_MCC@0.5=0.880  val_bestMCC=0.885  (θ=0.425)  val_AUROC=0.962  val_ACC=0.954  TP=273 TN=835 FP=15 FN=39

[TGN] Best checkpoint: epoch=160  val_bestMCC=0.889  val_AUROC=0.963
[TGN] Restart check: val_bestMCC=0.889 (>=0.975? False)  gap_width=0.0000 (>=0.01? False)

[TGN] Restart 1/1 — val_bestMCC=0.889 < target=0.975. Re-initialising model.
       pos_weight = 6.00  (3959 benign / 1458 attack in train)  [override]

[TGN] Training attempt 2/2: dim=192 layers=2 epochs=200 lr=0.001 theta=-1.0

  Epoch   20/200  loss=1.0834  bce=0.8234  gap=0.388  mrgn=0.000  val_MCC@0.5=0.362  val_bestMCC=0.699  (θ=0.817)  val_AUROC=0.830  val_ACC=0.647  TP=258 TN=494 FP=356 FN=54
  Epoch   40/200  loss=0.7301  bce=0.5167  gap=0.591  mrgn=0.000  val_MCC@0.5=0.597  val_bestMCC=0.785  (θ=0.706)  val_AUROC=0.852  val_ACC=0.827  TP=248 TN=713 FP=137 FN=64
  Epoch   60/200  loss=0.4678  bce=0.2626  gap=0.777  mrgn=0.000  val_MCC@0.5=0.790  val_bestMCC=0.824  (θ=0.664)  val_AUROC=0.924  val_ACC=0.918  TP=261 TN=806 FP=44 FN=51
  Epoch   80/200  loss=0.3634  bce=0.1863  gap=0.864  mrgn=0.000  val_MCC@0.5=0.811  val_bestMCC=0.866  (θ=0.620)  val_AUROC=0.934  val_ACC=0.927  TP=260 TN=817 FP=33 FN=52
  Epoch  100/200  loss=0.2681  bce=0.1038  gap=0.911  mrgn=0.000  val_MCC@0.5=0.844  val_bestMCC=0.869  (θ=0.584)  val_AUROC=0.950  val_ACC=0.940  TP=267 TN=825 FP=25 FN=45
  Epoch  120/200  loss=0.2407  bce=0.0858  gap=0.919  mrgn=0.000  val_MCC@0.5=0.871  val_bestMCC=0.876  (θ=0.518)  val_AUROC=0.961  val_ACC=0.950  TP=275 TN=829 FP=21 FN=37
  Epoch  140/200  loss=0.2083  bce=0.0600  gap=0.941  mrgn=0.000  val_MCC@0.5=0.880  val_bestMCC=0.880  (θ=0.492)  val_AUROC=0.958  val_ACC=0.954  TP=272 TN=836 FP=14 FN=40
  Epoch  160/200  loss=0.1907  bce=0.0480  gap=0.955  mrgn=0.000  val_MCC@0.5=0.875  val_bestMCC=0.876  (θ=0.559)  val_AUROC=0.953  val_ACC=0.952  TP=270 TN=836 FP=14 FN=42
  Epoch  180/200  loss=0.1844  bce=0.0439  gap=0.958  mrgn=0.000  val_MCC@0.5=0.875  val_bestMCC=0.875  (θ=0.467)  val_AUROC=0.952  val_ACC=0.952  TP=270 TN=836 FP=14 FN=42
  Epoch  200/200  loss=0.1833  bce=0.0432  gap=0.959  mrgn=0.000  val_MCC@0.5=0.875  val_bestMCC=0.875  (θ=0.467)  val_AUROC=0.952  val_ACC=0.952  TP=270 TN=836 FP=14 FN=42

[TGN] Best checkpoint: epoch=140  val_bestMCC=0.880  val_AUROC=0.958
[TGN] Restart check: val_bestMCC=0.880 (>=0.975? False)  gap_width=0.0000 (>=0.01? False)
[TGN] Max restarts (2) reached. Proceeding with global best (val_bestMCC=0.889).
[TGN] Global best restored: epoch=160  val_bestMCC=0.889  val_AUROC=0.963
[TGN] Optimal theta_FS = 0.489  (val_MCC=0.889  theta_plateau=0.489  gap=N/A  method=plateau_mid [no val separation gap])

[TGN] Test  MCC=0.896  AUROC=0.967  ACC=0.959  TP=278 TN=846 FP=7 FN=41
[TGN] Test variant classifier (TTW/BSHH/ME)  ACC=0.603  F1_macro=0.680  n=1172
[TGN] Wall-clock training time: 1638.8s (27.31 min)
[TGN] Weights saved to 'sweep_5seeds/tgn_weights_dim192_ce05_seed3.bin'  (2400808 bytes, dim=192 layers=2)

[TGN] Complete.  Deploy with (use the SAME simTime/N_Vehicles/mobility_scenario
                 as the data generation runs to avoid train/eval mismatch):
  ./waf --run "scratch/routing --simTime=<N> --N_Vehicles=<N> \
               --mobility_scenario=<N> --maxspeed=<N> \
               --attack_scenario=1 --tgn_weights=sweep_5seeds/tgn_weights_dim192_ce05_seed3.bin \
               --tgn_theta=0.49 --tgn_l_link=43.0"
  # Also pass: --tgn_dim=192 --tgn_layers=2
