[TGN] Seed fixed: 2
[TGN] L_link=43.0s  gamma=310.2  W_max=430
[TGN] Loaded 7751 rows from '../training_data/sim60_ap60_3seeds_events.csv'
      Attack events: 2089  Benign events: 5662
[TGN] After BEACON filter: 7751 rows

[TGN] Events per attack_scenario:
        scenario  1:   891 events (149 attack, 742 benign)
        scenario  2:  1520 events (52 attack, 1468 benign)
        scenario  3:   815 events (163 attack, 652 benign)
        scenario  4:   800 events (160 attack, 640 benign)
        scenario  5:   431 events (67 attack, 364 benign)
        scenario  6:  1188 events (136 attack, 1052 benign)
        scenario  7:   652 events (326 attack, 326 benign)
        scenario  8:   632 events (316 attack, 316 benign)
        scenario  9:     6 events (0 attack, 6 benign)
        scenario 10:    60 events (0 attack, 60 benign)
        scenario 11:   384 events (360 attack, 24 benign)
        scenario 12:   372 events (360 attack, 12 benign)
[TGN] Device: cuda
       train:  5417 events  (1458 attack, 3959 benign)
       val  :  1162 events  (312 attack, 850 benign)
       test :  1172 events  (319 attack, 853 benign)
       pos_weight = 4.50  (3959 benign / 1458 attack in train)  [override]

[TGN] Training attempt 1/2: dim=128 layers=2 epochs=200 lr=0.001 theta=-1.0

  Epoch   20/200  loss=1.0715  bce=0.8548  gap=0.290  mrgn=0.060  val_MCC@0.5=0.599  val_bestMCC=0.642  (θ=0.577)  val_AUROC=0.867  val_ACC=0.811  TP=271 TN=671 FP=179 FN=41
  Epoch   40/200  loss=0.6674  bce=0.5176  gap=0.564  mrgn=0.000  val_MCC@0.5=0.641  val_bestMCC=0.778  (θ=0.687)  val_AUROC=0.862  val_ACC=0.850  TP=250 TN=738 FP=112 FN=62
  Epoch   60/200  loss=0.4391  bce=0.3045  gap=0.723  mrgn=0.000  val_MCC@0.5=0.768  val_bestMCC=0.813  (θ=0.680)  val_AUROC=0.907  val_ACC=0.910  TP=255 TN=802 FP=48 FN=57
  Epoch   80/200  loss=0.3319  bce=0.2070  gap=0.803  mrgn=0.000  val_MCC@0.5=0.811  val_bestMCC=0.855  (θ=0.666)  val_AUROC=0.929  val_ACC=0.927  TP=259 TN=818 FP=32 FN=53
  Epoch  100/200  loss=0.2366  bce=0.1237  gap=0.883  mrgn=0.000  val_MCC@0.5=0.820  val_bestMCC=0.864  (θ=0.636)  val_AUROC=0.939  val_ACC=0.930  TP=261 TN=820 FP=30 FN=51
  Epoch  120/200  loss=0.1786  bce=0.0764  gap=0.924  mrgn=0.000  val_MCC@0.5=0.842  val_bestMCC=0.862  (θ=0.569)  val_AUROC=0.945  val_ACC=0.939  TP=265 TN=826 FP=24 FN=47
  Epoch  140/200  loss=0.1513  bce=0.0560  gap=0.943  mrgn=0.000  val_MCC@0.5=0.842  val_bestMCC=0.862  (θ=0.577)  val_AUROC=0.946  val_ACC=0.939  TP=264 TN=827 FP=23 FN=48
  Epoch  160/200  loss=0.1391  bce=0.0473  gap=0.951  mrgn=0.000  val_MCC@0.5=0.848  val_bestMCC=0.864  (θ=0.507)  val_AUROC=0.946  val_ACC=0.941  TP=264 TN=830 FP=20 FN=48
  Epoch  180/200  loss=0.1347  bce=0.0443  gap=0.954  mrgn=0.000  val_MCC@0.5=0.864  val_bestMCC=0.865  (θ=0.599)  val_AUROC=0.946  val_ACC=0.948  TP=265 TN=836 FP=14 FN=47
  Epoch  200/200  loss=0.1340  bce=0.0438  gap=0.954  mrgn=0.000  val_MCC@0.5=0.864  val_bestMCC=0.867  (θ=0.598)  val_AUROC=0.946  val_ACC=0.948  TP=265 TN=836 FP=14 FN=47

[TGN] Best checkpoint: epoch=200  val_bestMCC=0.867  val_AUROC=0.946
[TGN] Restart check: val_bestMCC=0.867 (>=0.975? False)  gap_width=0.0000 (>=0.01? False)

[TGN] Restart 1/1 — val_bestMCC=0.867 < target=0.975. Re-initialising model.
       pos_weight = 4.50  (3959 benign / 1458 attack in train)  [override]

[TGN] Training attempt 2/2: dim=128 layers=2 epochs=200 lr=0.001 theta=-1.0

  Epoch   20/200  loss=1.0587  bce=0.8486  gap=0.302  mrgn=0.048  val_MCC@0.5=0.460  val_bestMCC=0.629  (θ=0.640)  val_AUROC=0.839  val_ACC=0.710  TP=270 TN=555 FP=295 FN=42
  Epoch   40/200  loss=0.6642  bce=0.5193  gap=0.576  mrgn=0.000  val_MCC@0.5=0.583  val_bestMCC=0.774  (θ=0.711)  val_AUROC=0.824  val_ACC=0.825  TP=238 TN=721 FP=129 FN=74
  Epoch   60/200  loss=0.4645  bce=0.3382  gap=0.714  mrgn=0.000  val_MCC@0.5=0.695  val_bestMCC=0.787  (θ=0.693)  val_AUROC=0.862  val_ACC=0.880  TP=242 TN=781 FP=69 FN=70
  Epoch   80/200  loss=0.3331  bce=0.2177  gap=0.811  mrgn=0.000  val_MCC@0.5=0.770  val_bestMCC=0.809  (θ=0.684)  val_AUROC=0.905  val_ACC=0.911  TP=250 TN=809 FP=41 FN=62
  Epoch  100/200  loss=0.2436  bce=0.1369  gap=0.876  mrgn=0.000  val_MCC@0.5=0.784  val_bestMCC=0.835  (θ=0.607)  val_AUROC=0.934  val_ACC=0.916  TP=260 TN=804 FP=46 FN=52
  Epoch  120/200  loss=0.2225  bce=0.1153  gap=0.902  mrgn=0.000  val_MCC@0.5=0.815  val_bestMCC=0.841  (θ=0.567)  val_AUROC=0.937  val_ACC=0.929  TP=261 TN=818 FP=32 FN=51
  Epoch  140/200  loss=0.1903  bce=0.0906  gap=0.914  mrgn=0.000  val_MCC@0.5=0.820  val_bestMCC=0.848  (θ=0.541)  val_AUROC=0.940  val_ACC=0.930  TP=264 TN=817 FP=33 FN=48
  Epoch  160/200  loss=0.1724  bce=0.0756  gap=0.929  mrgn=0.000  val_MCC@0.5=0.824  val_bestMCC=0.851  (θ=0.534)  val_AUROC=0.940  val_ACC=0.932  TP=262 TN=821 FP=29 FN=50
  Epoch  180/200  loss=0.1660  bce=0.0703  gap=0.933  mrgn=0.000  val_MCC@0.5=0.824  val_bestMCC=0.851  (θ=0.542)  val_AUROC=0.941  val_ACC=0.932  TP=262 TN=821 FP=29 FN=50
  Epoch  200/200  loss=0.1649  bce=0.0695  gap=0.934  mrgn=0.000  val_MCC@0.5=0.824  val_bestMCC=0.848  (θ=0.511)  val_AUROC=0.941  val_ACC=0.932  TP=262 TN=821 FP=29 FN=50

[TGN] Best checkpoint: epoch=180  val_bestMCC=0.851  val_AUROC=0.941
[TGN] Restart check: val_bestMCC=0.851 (>=0.975? False)  gap_width=0.0000 (>=0.01? False)
[TGN] Max restarts (2) reached. Proceeding with global best (val_bestMCC=0.867).
[TGN] Global best restored: epoch=200  val_bestMCC=0.867  val_AUROC=0.946
[TGN] Optimal theta_FS = 0.598  (val_MCC=0.867  theta_plateau=0.598  gap=N/A  method=plateau_mid [no val separation gap])

[TGN] Test  MCC=0.885  AUROC=0.954  ACC=0.955  TP=270 TN=849 FP=4 FN=49
[TGN] Test variant classifier (TTW/BSHH/ME)  ACC=0.606  F1_macro=0.679  n=1172
[TGN] Wall-clock training time: 1589.5s (26.49 min)
[TGN] Weights saved to 'sweep_5seeds/tgn_weights_seed2_pw4_5.bin'  (1076264 bytes, dim=128 layers=2)

[TGN] Complete.  Deploy with (use the SAME simTime/N_Vehicles/mobility_scenario
                 as the data generation runs to avoid train/eval mismatch):
  ./waf --run "scratch/routing --simTime=<N> --N_Vehicles=<N> \
               --mobility_scenario=<N> --maxspeed=<N> \
               --attack_scenario=1 --tgn_weights=sweep_5seeds/tgn_weights_seed2_pw4_5.bin \
               --tgn_theta=0.60 --tgn_l_link=43.0"
  # Also pass: --tgn_dim=128 --tgn_layers=2
