[TGN] Seed fixed: 2
[TGN] L_link=43.0s  gamma=310.2  W_max=430
[TGN] Loaded 7751 rows from '../training_data/sim60_ap60_3seeds_events.csv'
      Attack events: 2089  Benign events: 5662
[TGN] After BEACON filter: 7751 rows

[TGN] Events per attack_scenario:
        scenario  1:   891 events (149 attack, 742 benign)
        scenario  2:  1520 events (52 attack, 1468 benign)
        scenario  3:   815 events (163 attack, 652 benign)
        scenario  4:   800 events (160 attack, 640 benign)
        scenario  5:   431 events (67 attack, 364 benign)
        scenario  6:  1188 events (136 attack, 1052 benign)
        scenario  7:   652 events (326 attack, 326 benign)
        scenario  8:   632 events (316 attack, 316 benign)
        scenario  9:     6 events (0 attack, 6 benign)
        scenario 10:    60 events (0 attack, 60 benign)
        scenario 11:   384 events (360 attack, 24 benign)
        scenario 12:   372 events (360 attack, 12 benign)
[TGN] Device: cuda
       train:  5417 events  (1458 attack, 3959 benign)
       val  :  1162 events  (312 attack, 850 benign)
       test :  1172 events  (319 attack, 853 benign)
       pos_weight = 6.00  (3959 benign / 1458 attack in train)  [override]

[TGN] Training attempt 1/2: dim=192 layers=2 epochs=200 lr=0.002 theta=-1.0

  Epoch   20/200  loss=0.7660  bce=0.6088  gap=0.539  mrgn=0.000  val_MCC@0.5=0.469  val_bestMCC=0.771  (θ=0.758)  val_AUROC=0.810  val_ACC=0.758  TP=235 TN=646 FP=204 FN=77
  Epoch   40/200  loss=0.4750  bce=0.3401  gap=0.726  mrgn=0.000  val_MCC@0.5=0.775  val_bestMCC=0.824  (θ=0.596)  val_AUROC=0.903  val_ACC=0.914  TP=242 TN=820 FP=30 FN=70
  Epoch   60/200  loss=0.2009  bce=0.0905  gap=0.922  mrgn=0.000  val_MCC@0.5=0.839  val_bestMCC=0.847  (θ=0.368)  val_AUROC=0.946  val_ACC=0.938  TP=263 TN=827 FP=23 FN=49
  Epoch   80/200  loss=0.1336  bce=0.0328  gap=0.978  mrgn=0.000  val_MCC@0.5=0.858  val_bestMCC=0.869  (θ=0.110)  val_AUROC=0.955  val_ACC=0.945  TP=270 TN=828 FP=22 FN=42
  Epoch  100/200  loss=0.0959  bce=0.0126  gap=0.987  mrgn=0.000  val_MCC@0.5=0.863  val_bestMCC=0.876  (θ=0.177)  val_AUROC=0.962  val_ACC=0.947  TP=274 TN=826 FP=24 FN=38
  Epoch  120/200  loss=0.0816  bce=0.0055  gap=0.995  mrgn=0.000  val_MCC@0.5=0.876  val_bestMCC=0.879  (θ=0.064)  val_AUROC=0.963  val_ACC=0.952  TP=279 TN=827 FP=23 FN=33
  Epoch  140/200  loss=0.0754  bce=0.0039  gap=0.996  mrgn=0.000  val_MCC@0.5=0.876  val_bestMCC=0.881  (θ=0.066)  val_AUROC=0.966  val_ACC=0.952  TP=279 TN=827 FP=23 FN=33
  Epoch  160/200  loss=0.0723  bce=0.0033  gap=0.997  mrgn=0.000  val_MCC@0.5=0.874  val_bestMCC=0.881  (θ=0.073)  val_AUROC=0.966  val_ACC=0.951  TP=278 TN=827 FP=23 FN=34
  Epoch  180/200  loss=0.0711  bce=0.0031  gap=0.997  mrgn=0.000  val_MCC@0.5=0.874  val_bestMCC=0.881  (θ=0.079)  val_AUROC=0.966  val_ACC=0.951  TP=278 TN=827 FP=23 FN=34
  Epoch  200/200  loss=0.0709  bce=0.0031  gap=0.997  mrgn=0.000  val_MCC@0.5=0.874  val_bestMCC=0.881  (θ=0.081)  val_AUROC=0.966  val_ACC=0.951  TP=278 TN=827 FP=23 FN=34

[TGN] Best checkpoint: epoch=140  val_bestMCC=0.881  val_AUROC=0.966
[TGN] Restart check: val_bestMCC=0.881 (>=0.975? False)  gap_width=0.0000 (>=0.01? False)

[TGN] Restart 1/1 — val_bestMCC=0.881 < target=0.975. Re-initialising model.
       pos_weight = 6.00  (3959 benign / 1458 attack in train)  [override]

[TGN] Training attempt 2/2: dim=192 layers=2 epochs=200 lr=0.002 theta=-1.0

  Epoch   20/200  loss=0.8355  bce=0.6795  gap=0.489  mrgn=0.000  val_MCC@0.5=0.446  val_bestMCC=0.768  (θ=0.848)  val_AUROC=0.827  val_ACC=0.732  TP=244 TN=607 FP=243 FN=68
  Epoch   40/200  loss=0.7292  bce=0.5885  gap=0.738  mrgn=0.000  val_MCC@0.5=0.778  val_bestMCC=0.798  (θ=0.698)  val_AUROC=0.890  val_ACC=0.915  TP=247 TN=816 FP=34 FN=65
  Epoch   60/200  loss=0.3124  bce=0.1836  gap=0.876  mrgn=0.000  val_MCC@0.5=0.834  val_bestMCC=0.858  (θ=0.661)  val_AUROC=0.956  val_ACC=0.935  TP=268 TN=819 FP=31 FN=44
  Epoch   80/200  loss=0.1700  bce=0.0631  gap=0.952  mrgn=0.000  val_MCC@0.5=0.866  val_bestMCC=0.871  (θ=0.426)  val_AUROC=0.966  val_ACC=0.948  TP=278 TN=823 FP=27 FN=34
  Epoch  100/200  loss=0.1086  bce=0.0194  gap=0.981  mrgn=0.000  val_MCC@0.5=0.872  val_bestMCC=0.883  (θ=0.349)  val_AUROC=0.967  val_ACC=0.950  TP=278 TN=826 FP=24 FN=34
  Epoch  120/200  loss=0.0903  bce=0.0101  gap=0.990  mrgn=0.000  val_MCC@0.5=0.874  val_bestMCC=0.882  (θ=0.193)  val_AUROC=0.968  val_ACC=0.951  TP=278 TN=827 FP=23 FN=34
  Epoch  140/200  loss=0.0813  bce=0.0069  gap=0.993  mrgn=0.000  val_MCC@0.5=0.872  val_bestMCC=0.883  (θ=0.107)  val_AUROC=0.969  val_ACC=0.950  TP=277 TN=827 FP=23 FN=35
  Epoch  160/200  loss=0.0771  bce=0.0057  gap=0.994  mrgn=0.000  val_MCC@0.5=0.872  val_bestMCC=0.883  (θ=0.118)  val_AUROC=0.969  val_ACC=0.950  TP=277 TN=827 FP=23 FN=35
  Epoch  180/200  loss=0.0756  bce=0.0053  gap=0.995  mrgn=0.000  val_MCC@0.5=0.872  val_bestMCC=0.886  (θ=0.135)  val_AUROC=0.969  val_ACC=0.950  TP=277 TN=827 FP=23 FN=35
  Epoch  200/200  loss=0.0753  bce=0.0052  gap=0.995  mrgn=0.000  val_MCC@0.5=0.869  val_bestMCC=0.886  (θ=0.134)  val_AUROC=0.969  val_ACC=0.949  TP=276 TN=827 FP=23 FN=36

[TGN] Best checkpoint: epoch=180  val_bestMCC=0.886  val_AUROC=0.969
[TGN] Restart check: val_bestMCC=0.886 (>=0.975? False)  gap_width=0.0000 (>=0.01? False)
[TGN] Max restarts (2) reached. Proceeding with global best (val_bestMCC=0.886).
[TGN] Global best restored: epoch=180  val_bestMCC=0.886  val_AUROC=0.969
[TGN] Optimal theta_FS = 0.136  (val_MCC=0.886  theta_plateau=0.136  gap=N/A  method=plateau_mid [no val separation gap])

[TGN] Test  MCC=0.915  AUROC=0.963  ACC=0.967  TP=285 TN=848 FP=5 FN=34
[TGN] Test variant classifier (TTW/BSHH/ME)  ACC=0.636  F1_macro=0.705  n=1172
[TGN] Wall-clock training time: 1313.7s (21.90 min)
[TGN] Weights saved to 'sweep_5seeds/tgn_weights_dim192_lr002_seed2.bin'  (2400808 bytes, dim=192 layers=2)

[TGN] Complete.  Deploy with (use the SAME simTime/N_Vehicles/mobility_scenario
                 as the data generation runs to avoid train/eval mismatch):
  ./waf --run "scratch/routing --simTime=<N> --N_Vehicles=<N> \
               --mobility_scenario=<N> --maxspeed=<N> \
               --attack_scenario=1 --tgn_weights=sweep_5seeds/tgn_weights_dim192_lr002_seed2.bin \
               --tgn_theta=0.14 --tgn_l_link=43.0"
  # Also pass: --tgn_dim=192 --tgn_layers=2
