[TGN] Seed fixed: 2
[TGN] L_link=43.0s  gamma=310.2  W_max=430
[TGN] Loaded 7751 rows from '../training_data/sim60_ap60_3seeds_events.csv'
      Attack events: 2089  Benign events: 5662
[TGN] After BEACON filter: 7751 rows

[TGN] Events per attack_scenario:
        scenario  1:   891 events (149 attack, 742 benign)
        scenario  2:  1520 events (52 attack, 1468 benign)
        scenario  3:   815 events (163 attack, 652 benign)
        scenario  4:   800 events (160 attack, 640 benign)
        scenario  5:   431 events (67 attack, 364 benign)
        scenario  6:  1188 events (136 attack, 1052 benign)
        scenario  7:   652 events (326 attack, 326 benign)
        scenario  8:   632 events (316 attack, 316 benign)
        scenario  9:     6 events (0 attack, 6 benign)
        scenario 10:    60 events (0 attack, 60 benign)
        scenario 11:   384 events (360 attack, 24 benign)
        scenario 12:   372 events (360 attack, 12 benign)
[TGN] Device: cuda
       train:  5417 events  (1458 attack, 3959 benign)
       val  :  1162 events  (312 attack, 850 benign)
       test :  1172 events  (319 attack, 853 benign)
       pos_weight = 6.00  (3959 benign / 1458 attack in train)  [override]

[TGN] Training attempt 1/2: dim=192 layers=2 epochs=200 lr=0.001 theta=-1.0

  Epoch   20/200  loss=0.9522  bce=0.7817  gap=0.417  mrgn=0.000  val_MCC@0.5=0.395  val_bestMCC=0.698  (θ=0.830)  val_AUROC=0.815  val_ACC=0.694  TP=244 TN=563 FP=287 FN=68
  Epoch   40/200  loss=0.6695  bce=0.5288  gap=0.628  mrgn=0.000  val_MCC@0.5=0.608  val_bestMCC=0.768  (θ=0.686)  val_AUROC=0.850  val_ACC=0.840  TP=236 TN=740 FP=110 FN=76
  Epoch   60/200  loss=0.4067  bce=0.2811  gap=0.761  mrgn=0.000  val_MCC@0.5=0.810  val_bestMCC=0.839  (θ=0.588)  val_AUROC=0.927  val_ACC=0.927  TP=255 TN=822 FP=28 FN=57
  Epoch   80/200  loss=0.2732  bce=0.1548  gap=0.869  mrgn=0.000  val_MCC@0.5=0.846  val_bestMCC=0.851  (θ=0.487)  val_AUROC=0.954  val_ACC=0.941  TP=259 TN=834 FP=16 FN=53
  Epoch  100/200  loss=0.1939  bce=0.0864  gap=0.928  mrgn=0.000  val_MCC@0.5=0.860  val_bestMCC=0.862  (θ=0.476)  val_AUROC=0.961  val_ACC=0.946  TP=272 TN=827 FP=23 FN=40
  Epoch  120/200  loss=0.1522  bce=0.0538  gap=0.953  mrgn=0.000  val_MCC@0.5=0.865  val_bestMCC=0.868  (θ=0.288)  val_AUROC=0.965  val_ACC=0.948  TP=275 TN=826 FP=24 FN=37
  Epoch  140/200  loss=0.1283  bce=0.0361  gap=0.967  mrgn=0.000  val_MCC@0.5=0.861  val_bestMCC=0.869  (θ=0.296)  val_AUROC=0.967  val_ACC=0.946  TP=277 TN=822 FP=28 FN=35
  Epoch  160/200  loss=0.1178  bce=0.0285  gap=0.973  mrgn=0.000  val_MCC@0.5=0.861  val_bestMCC=0.871  (θ=0.273)  val_AUROC=0.967  val_ACC=0.946  TP=276 TN=823 FP=27 FN=36
  Epoch  180/200  loss=0.1142  bce=0.0261  gap=0.975  mrgn=0.000  val_MCC@0.5=0.861  val_bestMCC=0.873  (θ=0.286)  val_AUROC=0.967  val_ACC=0.946  TP=276 TN=823 FP=27 FN=36
  Epoch  200/200  loss=0.1136  bce=0.0257  gap=0.976  mrgn=0.000  val_MCC@0.5=0.861  val_bestMCC=0.873  (θ=0.286)  val_AUROC=0.967  val_ACC=0.946  TP=276 TN=823 FP=27 FN=36

[TGN] Best checkpoint: epoch=180  val_bestMCC=0.873  val_AUROC=0.967
[TGN] Restart check: val_bestMCC=0.873 (>=0.975? False)  gap_width=0.0000 (>=0.01? False)

[TGN] Restart 1/1 — val_bestMCC=0.873 < target=0.975. Re-initialising model.
       pos_weight = 6.00  (3959 benign / 1458 attack in train)  [override]

[TGN] Training attempt 2/2: dim=192 layers=2 epochs=200 lr=0.001 theta=-1.0

  Epoch   20/200  loss=0.9749  bce=0.8038  gap=0.398  mrgn=0.000  val_MCC@0.5=0.422  val_bestMCC=0.700  (θ=0.826)  val_AUROC=0.828  val_ACC=0.711  TP=247 TN=579 FP=271 FN=65
  Epoch   40/200  loss=0.6463  bce=0.5008  gap=0.605  mrgn=0.000  val_MCC@0.5=0.609  val_bestMCC=0.779  (θ=0.737)  val_AUROC=0.853  val_ACC=0.838  TP=241 TN=733 FP=117 FN=71
  Epoch   60/200  loss=0.4858  bce=0.3469  gap=0.728  mrgn=0.000  val_MCC@0.5=0.780  val_bestMCC=0.817  (θ=0.669)  val_AUROC=0.896  val_ACC=0.916  TP=248 TN=816 FP=34 FN=64
  Epoch   80/200  loss=0.3340  bce=0.2050  gap=0.837  mrgn=0.000  val_MCC@0.5=0.822  val_bestMCC=0.860  (θ=0.681)  val_AUROC=0.954  val_ACC=0.929  TP=274 TN=806 FP=44 FN=38
  Epoch  100/200  loss=0.2383  bce=0.1202  gap=0.894  mrgn=0.000  val_MCC@0.5=0.833  val_bestMCC=0.862  (θ=0.604)  val_AUROC=0.963  val_ACC=0.935  TP=272 TN=814 FP=36 FN=40
  Epoch  120/200  loss=0.1792  bce=0.0708  gap=0.940  mrgn=0.000  val_MCC@0.5=0.863  val_bestMCC=0.865  (θ=0.542)  val_AUROC=0.964  val_ACC=0.947  TP=274 TN=826 FP=24 FN=38
  Epoch  140/200  loss=0.1499  bce=0.0491  gap=0.955  mrgn=0.000  val_MCC@0.5=0.863  val_bestMCC=0.868  (θ=0.461)  val_AUROC=0.964  val_ACC=0.947  TP=277 TN=823 FP=27 FN=35
  Epoch  160/200  loss=0.1362  bce=0.0395  gap=0.963  mrgn=0.000  val_MCC@0.5=0.870  val_bestMCC=0.870  (θ=0.449)  val_AUROC=0.965  val_ACC=0.949  TP=278 TN=825 FP=25 FN=34
  Epoch  180/200  loss=0.1314  bce=0.0363  gap=0.966  mrgn=0.000  val_MCC@0.5=0.870  val_bestMCC=0.870  (θ=0.399)  val_AUROC=0.965  val_ACC=0.949  TP=278 TN=825 FP=25 FN=34
  Epoch  200/200  loss=0.1306  bce=0.0358  gap=0.967  mrgn=0.000  val_MCC@0.5=0.870  val_bestMCC=0.870  (θ=0.397)  val_AUROC=0.966  val_ACC=0.949  TP=278 TN=825 FP=25 FN=34

[TGN] Best checkpoint: epoch=200  val_bestMCC=0.870  val_AUROC=0.966
[TGN] Restart check: val_bestMCC=0.870 (>=0.975? False)  gap_width=0.0000 (>=0.01? False)
[TGN] Max restarts (2) reached. Proceeding with global best (val_bestMCC=0.873).
[TGN] Global best restored: epoch=180  val_bestMCC=0.873  val_AUROC=0.967
[TGN] Optimal theta_FS = 0.289  (val_MCC=0.873  theta_plateau=0.289  gap=N/A  method=plateau_mid [no val separation gap])

[TGN] Test  MCC=0.895  AUROC=0.960  ACC=0.959  TP=285 TN=839 FP=14 FN=34
[TGN] Test variant classifier (TTW/BSHH/ME)  ACC=0.614  F1_macro=0.685  n=1172
[TGN] Wall-clock training time: 2196.2s (36.60 min)
[TGN] Weights saved to 'sweep_5seeds/tgn_weights_dim192_tbptt150_seed2.bin'  (2400808 bytes, dim=192 layers=2)

[TGN] Complete.  Deploy with (use the SAME simTime/N_Vehicles/mobility_scenario
                 as the data generation runs to avoid train/eval mismatch):
  ./waf --run "scratch/routing --simTime=<N> --N_Vehicles=<N> \
               --mobility_scenario=<N> --maxspeed=<N> \
               --attack_scenario=1 --tgn_weights=sweep_5seeds/tgn_weights_dim192_tbptt150_seed2.bin \
               --tgn_theta=0.29 --tgn_l_link=43.0"
  # Also pass: --tgn_dim=192 --tgn_layers=2
