[TGN] Seed fixed: 1
[TGN] L_link=43.0s  gamma=310.2  W_max=430
[TGN] Loaded 7751 rows from '../training_data/sim60_ap60_3seeds_events.csv'
      Attack events: 2089  Benign events: 5662
[TGN] After BEACON filter: 7751 rows

[TGN] Events per attack_scenario:
        scenario  1:   891 events (149 attack, 742 benign)
        scenario  2:  1520 events (52 attack, 1468 benign)
        scenario  3:   815 events (163 attack, 652 benign)
        scenario  4:   800 events (160 attack, 640 benign)
        scenario  5:   431 events (67 attack, 364 benign)
        scenario  6:  1188 events (136 attack, 1052 benign)
        scenario  7:   652 events (326 attack, 326 benign)
        scenario  8:   632 events (316 attack, 316 benign)
        scenario  9:     6 events (0 attack, 6 benign)
        scenario 10:    60 events (0 attack, 60 benign)
        scenario 11:   384 events (360 attack, 24 benign)
        scenario 12:   372 events (360 attack, 12 benign)
[TGN] Device: cuda
       train:  5417 events  (1458 attack, 3959 benign)
       val  :  1162 events  (312 attack, 850 benign)
       test :  1172 events  (319 attack, 853 benign)
       pos_weight = 6.00  (3959 benign / 1458 attack in train)  [override]

[TGN] Training attempt 1/2: dim=192 layers=2 epochs=200 lr=0.0005 theta=-1.0

  Epoch   20/200  loss=1.3425  bce=1.0940  gap=0.229  mrgn=0.121  val_MCC@0.5=0.497  val_bestMCC=0.510  (θ=0.477)  val_AUROC=0.808  val_ACC=0.758  TP=254 TN=627 FP=223 FN=58
  Epoch   40/200  loss=0.8350  bce=0.6803  gap=0.499  mrgn=0.000  val_MCC@0.5=0.514  val_bestMCC=0.749  (θ=0.670)  val_AUROC=0.849  val_ACC=0.773  TP=251 TN=647 FP=203 FN=61
  Epoch   60/200  loss=0.6263  bce=0.4845  gap=0.622  mrgn=0.000  val_MCC@0.5=0.656  val_bestMCC=0.807  (θ=0.657)  val_AUROC=0.894  val_ACC=0.852  TP=262 TN=728 FP=122 FN=50
  Epoch   80/200  loss=0.5387  bce=0.4069  gap=0.686  mrgn=0.000  val_MCC@0.5=0.733  val_bestMCC=0.818  (θ=0.664)  val_AUROC=0.918  val_ACC=0.892  TP=263 TN=773 FP=77 FN=49
  Epoch  100/200  loss=0.4258  bce=0.3010  gap=0.754  mrgn=0.000  val_MCC@0.5=0.785  val_bestMCC=0.835  (θ=0.643)  val_AUROC=0.934  val_ACC=0.915  TP=267 TN=796 FP=54 FN=45
  Epoch  120/200  loss=0.3413  bce=0.2232  gap=0.808  mrgn=0.000  val_MCC@0.5=0.806  val_bestMCC=0.845  (θ=0.717)  val_AUROC=0.942  val_ACC=0.924  TP=266 TN=808 FP=42 FN=46
  Epoch  140/200  loss=0.3150  bce=0.1995  gap=0.823  mrgn=0.000  val_MCC@0.5=0.805  val_bestMCC=0.853  (θ=0.624)  val_AUROC=0.949  val_ACC=0.923  TP=268 TN=805 FP=45 FN=44
  Epoch  160/200  loss=0.2906  bce=0.1773  gap=0.846  mrgn=0.000  val_MCC@0.5=0.811  val_bestMCC=0.853  (θ=0.613)  val_AUROC=0.948  val_ACC=0.926  TP=266 TN=810 FP=40 FN=46
  Epoch  180/200  loss=0.2810  bce=0.1688  gap=0.852  mrgn=0.000  val_MCC@0.5=0.811  val_bestMCC=0.853  (θ=0.626)  val_AUROC=0.949  val_ACC=0.926  TP=267 TN=809 FP=41 FN=45
  Epoch  200/200  loss=0.2792  bce=0.1673  gap=0.854  mrgn=0.000  val_MCC@0.5=0.811  val_bestMCC=0.853  (θ=0.628)  val_AUROC=0.949  val_ACC=0.926  TP=267 TN=809 FP=41 FN=45

[TGN] Best checkpoint: epoch=140  val_bestMCC=0.853  val_AUROC=0.949
[TGN] Restart check: val_bestMCC=0.853 (>=0.975? False)  gap_width=0.0000 (>=0.01? False)

[TGN] Restart 1/1 — val_bestMCC=0.853 < target=0.975. Re-initialising model.
       pos_weight = 6.00  (3959 benign / 1458 attack in train)  [override]

[TGN] Training attempt 2/2: dim=192 layers=2 epochs=200 lr=0.0005 theta=-1.0

  Epoch   20/200  loss=1.4747  bce=1.1905  gap=0.193  mrgn=0.157  val_MCC@0.5=0.425  val_bestMCC=0.538  (θ=0.464)  val_AUROC=0.809  val_ACC=0.761  TP=200 TN=684 FP=166 FN=112
  Epoch   40/200  loss=0.8805  bce=0.7214  gap=0.469  mrgn=0.000  val_MCC@0.5=0.567  val_bestMCC=0.736  (θ=0.752)  val_AUROC=0.842  val_ACC=0.817  TP=238 TN=711 FP=139 FN=74
  Epoch   60/200  loss=0.7347  bce=0.5862  gap=0.551  mrgn=0.000  val_MCC@0.5=0.639  val_bestMCC=0.782  (θ=0.655)  val_AUROC=0.881  val_ACC=0.846  TP=256 TN=727 FP=123 FN=56
  Epoch   80/200  loss=0.5614  bce=0.4287  gap=0.646  mrgn=0.000  val_MCC@0.5=0.731  val_bestMCC=0.802  (θ=0.638)  val_AUROC=0.911  val_ACC=0.891  TP=263 TN=772 FP=78 FN=49
  Epoch  100/200  loss=0.4225  bce=0.2969  gap=0.747  mrgn=0.000  val_MCC@0.5=0.788  val_bestMCC=0.829  (θ=0.617)  val_AUROC=0.938  val_ACC=0.917  TP=265 TN=800 FP=50 FN=47
  Epoch  120/200  loss=0.3327  bce=0.2129  gap=0.811  mrgn=0.000  val_MCC@0.5=0.818  val_bestMCC=0.864  (θ=0.599)  val_AUROC=0.958  val_ACC=0.929  TP=271 TN=808 FP=42 FN=41
  Epoch  140/200  loss=0.2837  bce=0.1681  gap=0.852  mrgn=0.000  val_MCC@0.5=0.817  val_bestMCC=0.864  (θ=0.626)  val_AUROC=0.962  val_ACC=0.928  TP=273 TN=805 FP=45 FN=39
  Epoch  160/200  loss=0.2572  bce=0.1444  gap=0.872  mrgn=0.000  val_MCC@0.5=0.835  val_bestMCC=0.864  (θ=0.621)  val_AUROC=0.964  val_ACC=0.935  TP=273 TN=814 FP=36 FN=39
  Epoch  180/200  loss=0.2473  bce=0.1357  gap=0.879  mrgn=0.000  val_MCC@0.5=0.837  val_bestMCC=0.869  (θ=0.582)  val_AUROC=0.964  val_ACC=0.936  TP=272 TN=816 FP=34 FN=40
  Epoch  200/200  loss=0.2458  bce=0.1343  gap=0.880  mrgn=0.000  val_MCC@0.5=0.837  val_bestMCC=0.869  (θ=0.582)  val_AUROC=0.964  val_ACC=0.936  TP=272 TN=816 FP=34 FN=40

[TGN] Best checkpoint: epoch=200  val_bestMCC=0.869  val_AUROC=0.964
[TGN] Restart check: val_bestMCC=0.869 (>=0.975? False)  gap_width=0.0000 (>=0.01? False)
[TGN] Max restarts (2) reached. Proceeding with global best (val_bestMCC=0.869).
[TGN] Global best restored: epoch=200  val_bestMCC=0.869  val_AUROC=0.964
[TGN] Optimal theta_FS = 0.583  (val_MCC=0.869  theta_plateau=0.583  gap=N/A  method=plateau_mid [no val separation gap])

[TGN] Test  MCC=0.889  AUROC=0.964  ACC=0.956  TP=273 TN=848 FP=5 FN=46
[TGN] Test variant classifier (TTW/BSHH/ME)  ACC=0.603  F1_macro=0.669  n=1172
[TGN] Wall-clock training time: 2195.0s (36.58 min)
[TGN] Weights saved to 'sweep_5seeds/tgn_weights_dim192_lr0005_seed1.bin'  (2400808 bytes, dim=192 layers=2)

[TGN] Complete.  Deploy with (use the SAME simTime/N_Vehicles/mobility_scenario
                 as the data generation runs to avoid train/eval mismatch):
  ./waf --run "scratch/routing --simTime=<N> --N_Vehicles=<N> \
               --mobility_scenario=<N> --maxspeed=<N> \
               --attack_scenario=1 --tgn_weights=sweep_5seeds/tgn_weights_dim192_lr0005_seed1.bin \
               --tgn_theta=0.58 --tgn_l_link=43.0"
  # Also pass: --tgn_dim=192 --tgn_layers=2
