[TGN] Seed fixed: 2
[TGN] L_link=43.0s  gamma=310.2  W_max=430
[TGN] Loaded 7751 rows from '../training_data/sim60_ap60_3seeds_events.csv'
      Attack events: 2089  Benign events: 5662
[TGN] After BEACON filter: 7751 rows

[TGN] Events per attack_scenario:
        scenario  1:   891 events (149 attack, 742 benign)
        scenario  2:  1520 events (52 attack, 1468 benign)
        scenario  3:   815 events (163 attack, 652 benign)
        scenario  4:   800 events (160 attack, 640 benign)
        scenario  5:   431 events (67 attack, 364 benign)
        scenario  6:  1188 events (136 attack, 1052 benign)
        scenario  7:   652 events (326 attack, 326 benign)
        scenario  8:   632 events (316 attack, 316 benign)
        scenario  9:     6 events (0 attack, 6 benign)
        scenario 10:    60 events (0 attack, 60 benign)
        scenario 11:   384 events (360 attack, 24 benign)
        scenario 12:   372 events (360 attack, 12 benign)
[TGN] Device: cuda
       train:  5417 events  (1458 attack, 3959 benign)
       val  :  1162 events  (312 attack, 850 benign)
       test :  1172 events  (319 attack, 853 benign)
       pos_weight = 6.00  (3959 benign / 1458 attack in train)  [override]

[TGN] Training attempt 1/2: dim=192 layers=1 epochs=200 lr=0.001 theta=-1.0

  Epoch   20/200  loss=1.2712  bce=1.0525  gap=0.325  mrgn=0.025  val_MCC@0.5=0.088  val_bestMCC=0.217  (θ=0.659)  val_AUROC=0.521  val_ACC=0.609  TP=129 TN=579 FP=271 FN=183
  Epoch   40/200  loss=1.0894  bce=0.9204  gap=0.423  mrgn=0.000  val_MCC@0.5=0.081  val_bestMCC=0.136  (θ=0.602)  val_AUROC=0.515  val_ACC=0.608  TP=126 TN=580 FP=270 FN=186
  Epoch   60/200  loss=0.9968  bce=0.8507  gap=0.450  mrgn=0.000  val_MCC@0.5=0.058  val_bestMCC=0.090  (θ=0.337)  val_AUROC=0.479  val_ACC=0.607  TP=114 TN=591 FP=259 FN=198
  Epoch   80/200  loss=0.9519  bce=0.8134  gap=0.476  mrgn=0.000  val_MCC@0.5=0.043  val_bestMCC=0.097  (θ=0.893)  val_AUROC=0.470  val_ACC=0.602  TP=110 TN=589 FP=261 FN=202
  Epoch  100/200  loss=0.9079  bce=0.7735  gap=0.501  mrgn=0.000  val_MCC@0.5=-0.142  val_bestMCC=0.097  (θ=0.876)  val_AUROC=0.456  val_ACC=0.550  TP=52 TN=587 FP=263 FN=260
  Epoch  120/200  loss=0.8779  bce=0.7459  gap=0.521  mrgn=0.000  val_MCC@0.5=-0.157  val_bestMCC=0.097  (θ=0.871)  val_AUROC=0.442  val_ACC=0.553  TP=44 TN=599 FP=251 FN=268
  Epoch  140/200  loss=0.8510  bce=0.7210  gap=0.535  mrgn=0.000  val_MCC@0.5=-0.171  val_bestMCC=0.079  (θ=0.855)  val_AUROC=0.441  val_ACC=0.547  TP=41 TN=595 FP=255 FN=271
  Epoch  160/200  loss=0.8385  bce=0.7092  gap=0.544  mrgn=0.000  val_MCC@0.5=-0.165  val_bestMCC=0.079  (θ=0.855)  val_AUROC=0.431  val_ACC=0.552  TP=41 TN=601 FP=249 FN=271
  Epoch  180/200  loss=0.8322  bce=0.7034  gap=0.546  mrgn=0.000  val_MCC@0.5=-0.165  val_bestMCC=0.079  (θ=0.856)  val_AUROC=0.429  val_ACC=0.552  TP=41 TN=601 FP=249 FN=271
  Epoch  200/200  loss=0.8310  bce=0.7023  gap=0.546  mrgn=0.000  val_MCC@0.5=-0.165  val_bestMCC=0.079  (θ=0.857)  val_AUROC=0.430  val_ACC=0.552  TP=41 TN=601 FP=249 FN=271

[TGN] Best checkpoint: epoch=20  val_bestMCC=0.217  val_AUROC=0.521
[TGN] Restart check: val_bestMCC=0.217 (>=0.975? False)  gap_width=0.0000 (>=0.01? False)

[TGN] Restart 1/1 — val_bestMCC=0.217 < target=0.975. Re-initialising model.
       pos_weight = 6.00  (3959 benign / 1458 attack in train)  [override]

[TGN] Training attempt 2/2: dim=192 layers=1 epochs=200 lr=0.001 theta=-1.0

  Epoch   20/200  loss=1.3264  bce=1.0915  gap=0.299  mrgn=0.051  val_MCC@0.5=0.079  val_bestMCC=0.241  (θ=0.320)  val_AUROC=0.561  val_ACC=0.598  TP=132 TN=563 FP=287 FN=180
  Epoch   40/200  loss=1.1296  bce=0.9519  gap=0.412  mrgn=0.000  val_MCC@0.5=0.043  val_bestMCC=0.145  (θ=0.644)  val_AUROC=0.511  val_ACC=0.571  TP=131 TN=533 FP=317 FN=181
  Epoch   60/200  loss=1.0352  bce=0.8804  gap=0.430  mrgn=0.000  val_MCC@0.5=0.050  val_bestMCC=0.103  (θ=0.578)  val_AUROC=0.498  val_ACC=0.590  TP=122 TN=563 FP=287 FN=190
  Epoch   80/200  loss=0.9700  bce=0.8291  gap=0.458  mrgn=0.000  val_MCC@0.5=0.044  val_bestMCC=0.100  (θ=0.342)  val_AUROC=0.486  val_ACC=0.588  TP=120 TN=563 FP=287 FN=192
  Epoch  100/200  loss=0.9380  bce=0.8017  gap=0.477  mrgn=0.000  val_MCC@0.5=0.047  val_bestMCC=0.101  (θ=0.339)  val_AUROC=0.481  val_ACC=0.595  TP=117 TN=574 FP=276 FN=195
  Epoch  120/200  loss=0.9019  bce=0.7683  gap=0.500  mrgn=0.000  val_MCC@0.5=-0.138  val_bestMCC=0.097  (θ=0.884)  val_AUROC=0.465  val_ACC=0.542  TP=58 TN=572 FP=278 FN=254
  Epoch  140/200  loss=0.8933  bce=0.7606  gap=0.518  mrgn=0.000  val_MCC@0.5=-0.158  val_bestMCC=0.093  (θ=0.335)  val_AUROC=0.453  val_ACC=0.537  TP=52 TN=572 FP=278 FN=260
  Epoch  160/200  loss=0.8688  bce=0.7378  gap=0.520  mrgn=0.000  val_MCC@0.5=-0.158  val_bestMCC=0.092  (θ=0.334)  val_AUROC=0.453  val_ACC=0.537  TP=52 TN=572 FP=278 FN=260
  Epoch  180/200  loss=0.8608  bce=0.7304  gap=0.527  mrgn=0.000  val_MCC@0.5=-0.157  val_bestMCC=0.094  (θ=0.334)  val_AUROC=0.449  val_ACC=0.538  TP=52 TN=573 FP=277 FN=260
  Epoch  200/200  loss=0.8594  bce=0.7291  gap=0.529  mrgn=0.000  val_MCC@0.5=-0.157  val_bestMCC=0.096  (θ=0.334)  val_AUROC=0.448  val_ACC=0.538  TP=52 TN=573 FP=277 FN=260

[TGN] Best checkpoint: epoch=20  val_bestMCC=0.241  val_AUROC=0.561
[TGN] Restart check: val_bestMCC=0.241 (>=0.975? False)  gap_width=0.0000 (>=0.01? False)
[TGN] Max restarts (2) reached. Proceeding with global best (val_bestMCC=0.241).
[TGN] Global best restored: epoch=20  val_bestMCC=0.241  val_AUROC=0.561
[TGN] Optimal theta_FS = 0.320  (val_MCC=0.241  theta_plateau=0.320  gap=N/A  method=plateau_mid [no val separation gap])

[TGN] Test  MCC=0.248  AUROC=0.655  ACC=0.468  TP=301 TN=247 FP=606 FN=18
[TGN] Test variant classifier (TTW/BSHH/ME)  ACC=0.456  F1_macro=0.300  n=1172
[TGN] Wall-clock training time: 1433.0s (23.88 min)
[TGN] Weights saved to 'sweep_5seeds/tgn_weights_dim192_layers1_seed2.bin'  (2104360 bytes, dim=192 layers=1)

[TGN] Complete.  Deploy with (use the SAME simTime/N_Vehicles/mobility_scenario
                 as the data generation runs to avoid train/eval mismatch):
  ./waf --run "scratch/routing --simTime=<N> --N_Vehicles=<N> \
               --mobility_scenario=<N> --maxspeed=<N> \
               --attack_scenario=1 --tgn_weights=sweep_5seeds/tgn_weights_dim192_layers1_seed2.bin \
               --tgn_theta=0.32 --tgn_l_link=43.0"
  # Also pass: --tgn_dim=192 --tgn_layers=1
