[TGN] Seed fixed: 2
[TGN] L_link=43.0s  gamma=310.2  W_max=430
[TGN] Loaded 7751 rows from '../training_data/sim60_ap60_3seeds_events.csv'
      Attack events: 2089  Benign events: 5662
[TGN] After BEACON filter: 7751 rows

[TGN] Events per attack_scenario:
        scenario  1:   891 events (149 attack, 742 benign)
        scenario  2:  1520 events (52 attack, 1468 benign)
        scenario  3:   815 events (163 attack, 652 benign)
        scenario  4:   800 events (160 attack, 640 benign)
        scenario  5:   431 events (67 attack, 364 benign)
        scenario  6:  1188 events (136 attack, 1052 benign)
        scenario  7:   652 events (326 attack, 326 benign)
        scenario  8:   632 events (316 attack, 316 benign)
        scenario  9:     6 events (0 attack, 6 benign)
        scenario 10:    60 events (0 attack, 60 benign)
        scenario 11:   384 events (360 attack, 24 benign)
        scenario 12:   372 events (360 attack, 12 benign)
[TGN] Device: cuda
       train:  5417 events  (1458 attack, 3959 benign)
       val  :  1162 events  (312 attack, 850 benign)
       test :  1172 events  (319 attack, 853 benign)
       pos_weight = 7.00  (3959 benign / 1458 attack in train)  [override]

[TGN] Training attempt 1/2: dim=128 layers=2 epochs=200 lr=0.001 theta=-1.0

  Epoch   20/200  loss=1.2630  bce=1.0299  gap=0.283  mrgn=0.067  val_MCC@0.5=0.474  val_bestMCC=0.612  (θ=0.657)  val_AUROC=0.859  val_ACC=0.700  TP=285 TN=528 FP=322 FN=27
  Epoch   40/200  loss=0.7970  bce=0.6437  gap=0.520  mrgn=0.000  val_MCC@0.5=0.516  val_bestMCC=0.768  (θ=0.842)  val_AUROC=0.865  val_ACC=0.766  TP=259 TN=631 FP=219 FN=53
  Epoch   60/200  loss=0.5136  bce=0.3780  gap=0.702  mrgn=0.000  val_MCC@0.5=0.721  val_bestMCC=0.839  (θ=0.751)  val_AUROC=0.939  val_ACC=0.878  TP=280 TN=740 FP=110 FN=32
  Epoch   80/200  loss=0.3931  bce=0.2667  gap=0.768  mrgn=0.000  val_MCC@0.5=0.801  val_bestMCC=0.846  (θ=0.752)  val_AUROC=0.951  val_ACC=0.920  TP=275 TN=794 FP=56 FN=37
  Epoch  100/200  loss=0.2858  bce=0.1674  gap=0.859  mrgn=0.000  val_MCC@0.5=0.812  val_bestMCC=0.859  (θ=0.724)  val_AUROC=0.957  val_ACC=0.926  TP=271 TN=805 FP=45 FN=41
  Epoch  120/200  loss=0.2132  bce=0.1042  gap=0.905  mrgn=0.000  val_MCC@0.5=0.847  val_bestMCC=0.867  (θ=0.660)  val_AUROC=0.954  val_ACC=0.941  TP=271 TN=822 FP=28 FN=41
  Epoch  140/200  loss=0.1784  bce=0.0756  gap=0.931  mrgn=0.000  val_MCC@0.5=0.840  val_bestMCC=0.867  (θ=0.719)  val_AUROC=0.952  val_ACC=0.938  TP=269 TN=821 FP=29 FN=43
  Epoch  160/200  loss=0.1632  bce=0.0639  gap=0.941  mrgn=0.000  val_MCC@0.5=0.840  val_bestMCC=0.867  (θ=0.655)  val_AUROC=0.953  val_ACC=0.938  TP=268 TN=822 FP=28 FN=44
  Epoch  180/200  loss=0.1578  bce=0.0599  gap=0.944  mrgn=0.000  val_MCC@0.5=0.840  val_bestMCC=0.865  (θ=0.694)  val_AUROC=0.953  val_ACC=0.938  TP=268 TN=822 FP=28 FN=44
  Epoch  200/200  loss=0.1569  bce=0.0593  gap=0.945  mrgn=0.000  val_MCC@0.5=0.840  val_bestMCC=0.864  (θ=0.666)  val_AUROC=0.953  val_ACC=0.938  TP=268 TN=822 FP=28 FN=44

[TGN] Best checkpoint: epoch=140  val_bestMCC=0.867  val_AUROC=0.952
[TGN] Restart check: val_bestMCC=0.867 (>=0.975? False)  gap_width=0.0000 (>=0.01? False)

[TGN] Restart 1/1 — val_bestMCC=0.867 < target=0.975. Re-initialising model.
       pos_weight = 7.00  (3959 benign / 1458 attack in train)  [override]

[TGN] Training attempt 2/2: dim=128 layers=2 epochs=200 lr=0.001 theta=-1.0

  Epoch   20/200  loss=1.2476  bce=1.0191  gap=0.294  mrgn=0.056  val_MCC@0.5=0.386  val_bestMCC=0.612  (θ=0.695)  val_AUROC=0.840  val_ACC=0.636  TP=277 TN=462 FP=388 FN=35
  Epoch   40/200  loss=0.8378  bce=0.6828  gap=0.544  mrgn=0.000  val_MCC@0.5=0.454  val_bestMCC=0.772  (θ=0.831)  val_AUROC=0.828  val_ACC=0.736  TP=246 TN=609 FP=241 FN=66
  Epoch   60/200  loss=0.6334  bce=0.4935  gap=0.636  mrgn=0.000  val_MCC@0.5=0.584  val_bestMCC=0.781  (θ=0.751)  val_AUROC=0.889  val_ACC=0.808  TP=263 TN=676 FP=174 FN=49
  Epoch   80/200  loss=0.4972  bce=0.3664  gap=0.704  mrgn=0.000  val_MCC@0.5=0.751  val_bestMCC=0.824  (θ=0.726)  val_AUROC=0.928  val_ACC=0.898  TP=271 TN=772 FP=78 FN=41
  Epoch  100/200  loss=0.3520  bce=0.2292  gap=0.822  mrgn=0.000  val_MCC@0.5=0.793  val_bestMCC=0.833  (θ=0.724)  val_AUROC=0.940  val_ACC=0.918  TP=266 TN=801 FP=49 FN=46
  Epoch  120/200  loss=0.2595  bce=0.1443  gap=0.882  mrgn=0.000  val_MCC@0.5=0.799  val_bestMCC=0.846  (θ=0.669)  val_AUROC=0.940  val_ACC=0.921  TP=268 TN=802 FP=48 FN=44
  Epoch  140/200  loss=0.2116  bce=0.1025  gap=0.913  mrgn=0.000  val_MCC@0.5=0.821  val_bestMCC=0.851  (θ=0.623)  val_AUROC=0.941  val_ACC=0.930  TP=267 TN=814 FP=36 FN=45
  Epoch  160/200  loss=0.1897  bce=0.0842  gap=0.929  mrgn=0.000  val_MCC@0.5=0.825  val_bestMCC=0.855  (θ=0.614)  val_AUROC=0.940  val_ACC=0.932  TP=267 TN=816 FP=34 FN=45
  Epoch  180/200  loss=0.1821  bce=0.0781  gap=0.933  mrgn=0.000  val_MCC@0.5=0.825  val_bestMCC=0.855  (θ=0.589)  val_AUROC=0.940  val_ACC=0.932  TP=267 TN=816 FP=34 FN=45
  Epoch  200/200  loss=0.1809  bce=0.0772  gap=0.934  mrgn=0.000  val_MCC@0.5=0.825  val_bestMCC=0.857  (θ=0.588)  val_AUROC=0.940  val_ACC=0.932  TP=267 TN=816 FP=34 FN=45

[TGN] Best checkpoint: epoch=200  val_bestMCC=0.857  val_AUROC=0.940
[TGN] Restart check: val_bestMCC=0.857 (>=0.975? False)  gap_width=0.0000 (>=0.01? False)
[TGN] Max restarts (2) reached. Proceeding with global best (val_bestMCC=0.867).
[TGN] Global best restored: epoch=140  val_bestMCC=0.867  val_AUROC=0.952
[TGN] Optimal theta_FS = 0.721  (val_MCC=0.867  theta_plateau=0.721  gap=N/A  method=plateau_mid [no val separation gap])

[TGN] Test  MCC=0.885  AUROC=0.954  ACC=0.955  TP=269 TN=850 FP=3 FN=50
[TGN] Test variant classifier (TTW/BSHH/ME)  ACC=0.602  F1_macro=0.676  n=1172
[TGN] Wall-clock training time: 1326.2s (22.10 min)
[TGN] Weights saved to 'sweep_5seeds/tgn_weights_seed2_pw7.bin'  (1076264 bytes, dim=128 layers=2)

[TGN] Complete.  Deploy with (use the SAME simTime/N_Vehicles/mobility_scenario
                 as the data generation runs to avoid train/eval mismatch):
  ./waf --run "scratch/routing --simTime=<N> --N_Vehicles=<N> \
               --mobility_scenario=<N> --maxspeed=<N> \
               --attack_scenario=1 --tgn_weights=sweep_5seeds/tgn_weights_seed2_pw7.bin \
               --tgn_theta=0.72 --tgn_l_link=43.0"
  # Also pass: --tgn_dim=128 --tgn_layers=2
