[TGN] Seed fixed: 1
[TGN] L_link=43.0s  gamma=310.2  W_max=430
[TGN] Loaded 7751 rows from '../training_data/sim60_ap60_3seeds_events.csv'
      Attack events: 2089  Benign events: 5662
[TGN] After BEACON filter: 7751 rows

[TGN] Events per attack_scenario:
        scenario  1:   891 events (149 attack, 742 benign)
        scenario  2:  1520 events (52 attack, 1468 benign)
        scenario  3:   815 events (163 attack, 652 benign)
        scenario  4:   800 events (160 attack, 640 benign)
        scenario  5:   431 events (67 attack, 364 benign)
        scenario  6:  1188 events (136 attack, 1052 benign)
        scenario  7:   652 events (326 attack, 326 benign)
        scenario  8:   632 events (316 attack, 316 benign)
        scenario  9:     6 events (0 attack, 6 benign)
        scenario 10:    60 events (0 attack, 60 benign)
        scenario 11:   384 events (360 attack, 24 benign)
        scenario 12:   372 events (360 attack, 12 benign)
[TGN] Device: cuda
       train:  5417 events  (1458 attack, 3959 benign)
       val  :  1162 events  (312 attack, 850 benign)
       test :  1172 events  (319 attack, 853 benign)
       pos_weight = 7.00  (3959 benign / 1458 attack in train)  [override]

[TGN] Training attempt 1/2: dim=128 layers=2 epochs=200 lr=0.001 theta=-1.0

  Epoch   20/200  loss=1.2133  bce=0.9886  gap=0.307  mrgn=0.043  val_MCC@0.5=0.473  val_bestMCC=0.648  (θ=0.612)  val_AUROC=0.852  val_ACC=0.725  TP=267 TN=575 FP=275 FN=45
  Epoch   40/200  loss=0.7579  bce=0.6075  gap=0.544  mrgn=0.000  val_MCC@0.5=0.473  val_bestMCC=0.762  (θ=0.824)  val_AUROC=0.831  val_ACC=0.753  TP=243 TN=632 FP=218 FN=69
  Epoch   60/200  loss=0.4944  bce=0.3568  gap=0.703  mrgn=0.000  val_MCC@0.5=0.727  val_bestMCC=0.816  (θ=0.743)  val_AUROC=0.910  val_ACC=0.888  TP=265 TN=767 FP=83 FN=47
  Epoch   80/200  loss=0.3684  bce=0.2391  gap=0.815  mrgn=0.000  val_MCC@0.5=0.787  val_bestMCC=0.832  (θ=0.648)  val_AUROC=0.939  val_ACC=0.916  TP=266 TN=798 FP=52 FN=46
  Epoch  100/200  loss=0.2497  bce=0.1321  gap=0.887  mrgn=0.000  val_MCC@0.5=0.825  val_bestMCC=0.842  (θ=0.575)  val_AUROC=0.955  val_ACC=0.931  TP=272 TN=810 FP=40 FN=40
  Epoch  120/200  loss=0.1979  bce=0.0882  gap=0.924  mrgn=0.000  val_MCC@0.5=0.862  val_bestMCC=0.862  (θ=0.492)  val_AUROC=0.959  val_ACC=0.947  TP=272 TN=828 FP=22 FN=40
  Epoch  140/200  loss=0.1703  bce=0.0660  gap=0.942  mrgn=0.000  val_MCC@0.5=0.865  val_bestMCC=0.865  (θ=0.425)  val_AUROC=0.961  val_ACC=0.948  TP=272 TN=829 FP=21 FN=40
  Epoch  160/200  loss=0.1568  bce=0.0556  gap=0.952  mrgn=0.000  val_MCC@0.5=0.862  val_bestMCC=0.869  (θ=0.566)  val_AUROC=0.961  val_ACC=0.947  TP=270 TN=830 FP=20 FN=42
  Epoch  180/200  loss=0.1520  bce=0.0521  gap=0.955  mrgn=0.000  val_MCC@0.5=0.860  val_bestMCC=0.867  (θ=0.373)  val_AUROC=0.961  val_ACC=0.946  TP=270 TN=829 FP=21 FN=42
  Epoch  200/200  loss=0.1513  bce=0.0515  gap=0.955  mrgn=0.000  val_MCC@0.5=0.860  val_bestMCC=0.867  (θ=0.371)  val_AUROC=0.961  val_ACC=0.946  TP=270 TN=829 FP=21 FN=42

[TGN] Best checkpoint: epoch=160  val_bestMCC=0.869  val_AUROC=0.961
[TGN] Restart check: val_bestMCC=0.869 (>=0.975? False)  gap_width=0.0000 (>=0.01? False)

[TGN] Restart 1/1 — val_bestMCC=0.869 < target=0.975. Re-initialising model.
       pos_weight = 7.00  (3959 benign / 1458 attack in train)  [override]

[TGN] Training attempt 2/2: dim=128 layers=2 epochs=200 lr=0.001 theta=-1.0

  Epoch   20/200  loss=1.2295  bce=1.0219  gap=0.305  mrgn=0.045  val_MCC@0.5=0.370  val_bestMCC=0.609  (θ=0.655)  val_AUROC=0.822  val_ACC=0.639  TP=267 TN=475 FP=375 FN=45
  Epoch   40/200  loss=0.8013  bce=0.6506  gap=0.525  mrgn=0.000  val_MCC@0.5=0.374  val_bestMCC=0.763  (θ=0.814)  val_AUROC=0.823  val_ACC=0.675  TP=246 TN=538 FP=312 FN=66
  Epoch   60/200  loss=0.5737  bce=0.4311  gap=0.707  mrgn=0.000  val_MCC@0.5=0.694  val_bestMCC=0.807  (θ=0.750)  val_AUROC=0.908  val_ACC=0.871  TP=265 TN=747 FP=103 FN=47
  Epoch   80/200  loss=0.4085  bce=0.2773  gap=0.802  mrgn=0.000  val_MCC@0.5=0.766  val_bestMCC=0.818  (θ=0.829)  val_AUROC=0.929  val_ACC=0.905  TP=269 TN=783 FP=67 FN=43
  Epoch  100/200  loss=0.2748  bce=0.1564  gap=0.870  mrgn=0.000  val_MCC@0.5=0.795  val_bestMCC=0.844  (θ=0.674)  val_AUROC=0.951  val_ACC=0.917  TP=274 TN=792 FP=58 FN=38
  Epoch  120/200  loss=0.1992  bce=0.0916  gap=0.921  mrgn=0.000  val_MCC@0.5=0.829  val_bestMCC=0.856  (θ=0.606)  val_AUROC=0.955  val_ACC=0.933  TP=273 TN=811 FP=39 FN=39
  Epoch  140/200  loss=0.1657  bce=0.0650  gap=0.943  mrgn=0.000  val_MCC@0.5=0.831  val_bestMCC=0.856  (θ=0.545)  val_AUROC=0.954  val_ACC=0.934  TP=274 TN=811 FP=39 FN=38
  Epoch  160/200  loss=0.1517  bce=0.0544  gap=0.951  mrgn=0.000  val_MCC@0.5=0.834  val_bestMCC=0.860  (θ=0.514)  val_AUROC=0.952  val_ACC=0.935  TP=275 TN=811 FP=39 FN=37
  Epoch  180/200  loss=0.1468  bce=0.0508  gap=0.954  mrgn=0.000  val_MCC@0.5=0.834  val_bestMCC=0.860  (θ=0.507)  val_AUROC=0.952  val_ACC=0.935  TP=275 TN=811 FP=39 FN=37
  Epoch  200/200  loss=0.1461  bce=0.0503  gap=0.954  mrgn=0.000  val_MCC@0.5=0.850  val_bestMCC=0.860  (θ=0.505)  val_AUROC=0.952  val_ACC=0.941  TP=275 TN=819 FP=31 FN=37

[TGN] Best checkpoint: epoch=160  val_bestMCC=0.860  val_AUROC=0.952
[TGN] Restart check: val_bestMCC=0.860 (>=0.975? False)  gap_width=0.0000 (>=0.01? False)
[TGN] Max restarts (2) reached. Proceeding with global best (val_bestMCC=0.869).
[TGN] Global best restored: epoch=160  val_bestMCC=0.869  val_AUROC=0.961
[TGN] Optimal theta_FS = 0.568  (val_MCC=0.869  theta_plateau=0.568  gap=N/A  method=plateau_mid [no val separation gap])

[TGN] Test  MCC=0.887  AUROC=0.967  ACC=0.956  TP=272 TN=848 FP=5 FN=47
[TGN] Test variant classifier (TTW/BSHH/ME)  ACC=0.596  F1_macro=0.669  n=1172
[TGN] Wall-clock training time: 1313.4s (21.89 min)
[TGN] Weights saved to 'sweep_5seeds/tgn_weights_seed1_pw7.bin'  (1076264 bytes, dim=128 layers=2)

[TGN] Complete.  Deploy with (use the SAME simTime/N_Vehicles/mobility_scenario
                 as the data generation runs to avoid train/eval mismatch):
  ./waf --run "scratch/routing --simTime=<N> --N_Vehicles=<N> \
               --mobility_scenario=<N> --maxspeed=<N> \
               --attack_scenario=1 --tgn_weights=sweep_5seeds/tgn_weights_seed1_pw7.bin \
               --tgn_theta=0.57 --tgn_l_link=43.0"
  # Also pass: --tgn_dim=128 --tgn_layers=2
