[TGN] Seed fixed: 1
[TGN] L_link=43.0s  gamma=310.2  W_max=430
[TGN] Loaded 7751 rows from '../training_data/sim60_ap60_3seeds_events.csv'
      Attack events: 2089  Benign events: 5662
[TGN] After BEACON filter: 7751 rows

[TGN] Events per attack_scenario:
        scenario  1:   891 events (149 attack, 742 benign)
        scenario  2:  1520 events (52 attack, 1468 benign)
        scenario  3:   815 events (163 attack, 652 benign)
        scenario  4:   800 events (160 attack, 640 benign)
        scenario  5:   431 events (67 attack, 364 benign)
        scenario  6:  1188 events (136 attack, 1052 benign)
        scenario  7:   652 events (326 attack, 326 benign)
        scenario  8:   632 events (316 attack, 316 benign)
        scenario  9:     6 events (0 attack, 6 benign)
        scenario 10:    60 events (0 attack, 60 benign)
        scenario 11:   384 events (360 attack, 24 benign)
        scenario 12:   372 events (360 attack, 12 benign)
[TGN] Device: cuda
       train:  5417 events  (1458 attack, 3959 benign)
       val  :  1162 events  (312 attack, 850 benign)
       test :  1172 events  (319 attack, 853 benign)
       pos_weight = 6.00  (3959 benign / 1458 attack in train)  [override]

[TGN] Training attempt 1/2: dim=192 layers=2 epochs=200 lr=0.001 theta=-1.0

  Epoch   20/200  loss=0.9312  bce=0.7640  gap=0.429  mrgn=0.000  val_MCC@0.5=0.433  val_bestMCC=0.702  (θ=0.773)  val_AUROC=0.841  val_ACC=0.709  TP=255 TN=569 FP=281 FN=57
  Epoch   40/200  loss=0.5876  bce=0.4445  gap=0.645  mrgn=0.000  val_MCC@0.5=0.671  val_bestMCC=0.807  (θ=0.717)  val_AUROC=0.913  val_ACC=0.855  TP=270 TN=724 FP=126 FN=42
  Epoch   60/200  loss=0.5147  bce=0.3553  gap=0.781  mrgn=0.000  val_MCC@0.5=0.777  val_bestMCC=0.832  (θ=0.719)  val_AUROC=0.924  val_ACC=0.912  TP=262 TN=798 FP=52 FN=50
  Epoch   80/200  loss=0.3151  bce=0.1882  gap=0.833  mrgn=0.000  val_MCC@0.5=0.809  val_bestMCC=0.854  (θ=0.723)  val_AUROC=0.949  val_ACC=0.925  TP=268 TN=807 FP=43 FN=44
  Epoch  100/200  loss=0.2063  bce=0.0964  gap=0.911  mrgn=0.000  val_MCC@0.5=0.837  val_bestMCC=0.862  (θ=0.604)  val_AUROC=0.952  val_ACC=0.936  TP=272 TN=816 FP=34 FN=40
  Epoch  120/200  loss=0.1602  bce=0.0601  gap=0.947  mrgn=0.000  val_MCC@0.5=0.844  val_bestMCC=0.869  (θ=0.568)  val_AUROC=0.957  val_ACC=0.939  TP=276 TN=815 FP=35 FN=36
  Epoch  140/200  loss=0.1461  bce=0.0506  gap=0.956  mrgn=0.000  val_MCC@0.5=0.865  val_bestMCC=0.873  (θ=0.547)  val_AUROC=0.955  val_ACC=0.948  TP=274 TN=827 FP=23 FN=38
  Epoch  160/200  loss=0.1325  bce=0.0406  gap=0.960  mrgn=0.000  val_MCC@0.5=0.865  val_bestMCC=0.876  (θ=0.579)  val_AUROC=0.955  val_ACC=0.948  TP=273 TN=828 FP=22 FN=39
  Epoch  180/200  loss=0.1275  bce=0.0370  gap=0.964  mrgn=0.000  val_MCC@0.5=0.869  val_bestMCC=0.873  (θ=0.524)  val_AUROC=0.955  val_ACC=0.949  TP=273 TN=830 FP=20 FN=39
  Epoch  200/200  loss=0.1268  bce=0.0365  gap=0.964  mrgn=0.000  val_MCC@0.5=0.869  val_bestMCC=0.873  (θ=0.523)  val_AUROC=0.955  val_ACC=0.949  TP=273 TN=830 FP=20 FN=39

[TGN] Best checkpoint: epoch=160  val_bestMCC=0.876  val_AUROC=0.955
[TGN] Restart check: val_bestMCC=0.876 (>=0.975? False)  gap_width=0.0000 (>=0.01? False)

[TGN] Restart 1/1 — val_bestMCC=0.876 < target=0.975. Re-initialising model.
       pos_weight = 6.00  (3959 benign / 1458 attack in train)  [override]

[TGN] Training attempt 2/2: dim=192 layers=2 epochs=200 lr=0.001 theta=-1.0

  Epoch   20/200  loss=1.0024  bce=0.8293  gap=0.383  mrgn=0.000  val_MCC@0.5=0.469  val_bestMCC=0.647  (θ=0.623)  val_AUROC=0.839  val_ACC=0.746  TP=247 TN=620 FP=230 FN=65
  Epoch   40/200  loss=0.6322  bce=0.4857  gap=0.621  mrgn=0.000  val_MCC@0.5=0.654  val_bestMCC=0.785  (θ=0.683)  val_AUROC=0.883  val_ACC=0.855  TP=255 TN=738 FP=112 FN=57
  Epoch   60/200  loss=0.3791  bce=0.2516  gap=0.788  mrgn=0.000  val_MCC@0.5=0.816  val_bestMCC=0.851  (θ=0.672)  val_AUROC=0.952  val_ACC=0.927  TP=275 TN=802 FP=48 FN=37
  Epoch   80/200  loss=0.2583  bce=0.1377  gap=0.882  mrgn=0.000  val_MCC@0.5=0.847  val_bestMCC=0.864  (θ=0.619)  val_AUROC=0.962  val_ACC=0.941  TP=271 TN=822 FP=28 FN=41
  Epoch  100/200  loss=0.1657  bce=0.0602  gap=0.943  mrgn=0.000  val_MCC@0.5=0.855  val_bestMCC=0.864  (θ=0.521)  val_AUROC=0.959  val_ACC=0.944  TP=269 TN=828 FP=22 FN=43
  Epoch  120/200  loss=0.1311  bce=0.0354  gap=0.968  mrgn=0.000  val_MCC@0.5=0.862  val_bestMCC=0.865  (θ=0.310)  val_AUROC=0.957  val_ACC=0.947  TP=270 TN=830 FP=20 FN=42
  Epoch  140/200  loss=0.1179  bce=0.0265  gap=0.975  mrgn=0.000  val_MCC@0.5=0.862  val_bestMCC=0.870  (θ=0.265)  val_AUROC=0.958  val_ACC=0.947  TP=269 TN=831 FP=19 FN=43
  Epoch  160/200  loss=0.1103  bce=0.0221  gap=0.978  mrgn=0.000  val_MCC@0.5=0.857  val_bestMCC=0.868  (θ=0.250)  val_AUROC=0.956  val_ACC=0.945  TP=267 TN=831 FP=19 FN=45
  Epoch  180/200  loss=0.1074  bce=0.0204  gap=0.980  mrgn=0.000  val_MCC@0.5=0.855  val_bestMCC=0.869  (θ=0.377)  val_AUROC=0.956  val_ACC=0.944  TP=267 TN=830 FP=20 FN=45
  Epoch  200/200  loss=0.1070  bce=0.0202  gap=0.980  mrgn=0.000  val_MCC@0.5=0.855  val_bestMCC=0.869  (θ=0.375)  val_AUROC=0.956  val_ACC=0.944  TP=267 TN=830 FP=20 FN=45

[TGN] Best checkpoint: epoch=140  val_bestMCC=0.870  val_AUROC=0.958
[TGN] Restart check: val_bestMCC=0.870 (>=0.975? False)  gap_width=0.0000 (>=0.01? False)
[TGN] Max restarts (2) reached. Proceeding with global best (val_bestMCC=0.876).
[TGN] Global best restored: epoch=160  val_bestMCC=0.876  val_AUROC=0.955
[TGN] Optimal theta_FS = 0.584  (val_MCC=0.876  theta_plateau=0.584  gap=N/A  method=plateau_mid [no val separation gap])

[TGN] Test  MCC=0.885  AUROC=0.948  ACC=0.955  TP=271 TN=848 FP=5 FN=48
[TGN] Test variant classifier (TTW/BSHH/ME)  ACC=0.622  F1_macro=0.692  n=1172
[TGN] Wall-clock training time: 2062.6s (34.38 min)
[TGN] Weights saved to 'sweep_5seeds/tgn_weights_dim192_tbptt50_seed1.bin'  (2400808 bytes, dim=192 layers=2)

[TGN] Complete.  Deploy with (use the SAME simTime/N_Vehicles/mobility_scenario
                 as the data generation runs to avoid train/eval mismatch):
  ./waf --run "scratch/routing --simTime=<N> --N_Vehicles=<N> \
               --mobility_scenario=<N> --maxspeed=<N> \
               --attack_scenario=1 --tgn_weights=sweep_5seeds/tgn_weights_dim192_tbptt50_seed1.bin \
               --tgn_theta=0.58 --tgn_l_link=43.0"
  # Also pass: --tgn_dim=192 --tgn_layers=2
