[TGN] Seed fixed: 3
[TGN] L_link=43.0s  gamma=310.2  W_max=430
[TGN] Loaded 7751 rows from '../training_data/sim60_ap60_3seeds_events.csv'
      Attack events: 2089  Benign events: 5662
[TGN] After BEACON filter: 7751 rows

[TGN] Events per attack_scenario:
        scenario  1:   891 events (149 attack, 742 benign)
        scenario  2:  1520 events (52 attack, 1468 benign)
        scenario  3:   815 events (163 attack, 652 benign)
        scenario  4:   800 events (160 attack, 640 benign)
        scenario  5:   431 events (67 attack, 364 benign)
        scenario  6:  1188 events (136 attack, 1052 benign)
        scenario  7:   652 events (326 attack, 326 benign)
        scenario  8:   632 events (316 attack, 316 benign)
        scenario  9:     6 events (0 attack, 6 benign)
        scenario 10:    60 events (0 attack, 60 benign)
        scenario 11:   384 events (360 attack, 24 benign)
        scenario 12:   372 events (360 attack, 12 benign)
[TGN] Device: cuda
       train:  5417 events  (1458 attack, 3959 benign)
       val  :  1162 events  (312 attack, 850 benign)
       test :  1172 events  (319 attack, 853 benign)
       pos_weight = 6.50  (3959 benign / 1458 attack in train)  [override]

[TGN] Training attempt 1/2: dim=128 layers=2 epochs=200 lr=0.001 theta=-1.0

  Epoch   20/200  loss=1.1812  bce=0.9698  gap=0.307  mrgn=0.043  val_MCC@0.5=0.408  val_bestMCC=0.638  (θ=0.643)  val_AUROC=0.838  val_ACC=0.665  TP=271 TN=502 FP=348 FN=41
  Epoch   40/200  loss=0.7668  bce=0.6146  gap=0.533  mrgn=0.000  val_MCC@0.5=0.405  val_bestMCC=0.771  (θ=0.851)  val_AUROC=0.840  val_ACC=0.691  TP=252 TN=551 FP=299 FN=60
  Epoch   60/200  loss=0.5602  bce=0.4192  gap=0.650  mrgn=0.000  val_MCC@0.5=0.693  val_bestMCC=0.806  (θ=0.782)  val_AUROC=0.923  val_ACC=0.866  TP=274 TN=732 FP=118 FN=38
  Epoch   80/200  loss=0.3794  bce=0.2510  gap=0.800  mrgn=0.000  val_MCC@0.5=0.778  val_bestMCC=0.826  (θ=0.804)  val_AUROC=0.947  val_ACC=0.909  TP=277 TN=779 FP=71 FN=35
  Epoch  100/200  loss=0.2518  bce=0.1363  gap=0.886  mrgn=0.000  val_MCC@0.5=0.793  val_bestMCC=0.832  (θ=0.692)  val_AUROC=0.944  val_ACC=0.917  TP=275 TN=790 FP=60 FN=37
  Epoch  120/200  loss=0.1924  bce=0.0858  gap=0.924  mrgn=0.000  val_MCC@0.5=0.818  val_bestMCC=0.842  (θ=0.651)  val_AUROC=0.946  val_ACC=0.928  TP=276 TN=802 FP=48 FN=36
  Epoch  140/200  loss=0.1647  bce=0.0640  gap=0.941  mrgn=0.000  val_MCC@0.5=0.818  val_bestMCC=0.842  (θ=0.622)  val_AUROC=0.947  val_ACC=0.928  TP=274 TN=804 FP=46 FN=38
  Epoch  160/200  loss=0.1513  bce=0.0540  gap=0.949  mrgn=0.000  val_MCC@0.5=0.818  val_bestMCC=0.838  (θ=0.608)  val_AUROC=0.947  val_ACC=0.928  TP=274 TN=804 FP=46 FN=38
  Epoch  180/200  loss=0.1463  bce=0.0504  gap=0.953  mrgn=0.000  val_MCC@0.5=0.813  val_bestMCC=0.836  (θ=0.605)  val_AUROC=0.948  val_ACC=0.926  TP=272 TN=804 FP=46 FN=40
  Epoch  200/200  loss=0.1455  bce=0.0498  gap=0.953  mrgn=0.000  val_MCC@0.5=0.813  val_bestMCC=0.836  (θ=0.605)  val_AUROC=0.948  val_ACC=0.926  TP=272 TN=804 FP=46 FN=40

[TGN] Best checkpoint: epoch=140  val_bestMCC=0.842  val_AUROC=0.947
[TGN] Restart check: val_bestMCC=0.842 (>=0.975? False)  gap_width=0.0000 (>=0.01? False)

[TGN] Restart 1/1 — val_bestMCC=0.842 < target=0.975. Re-initialising model.
       pos_weight = 6.50  (3959 benign / 1458 attack in train)  [override]

[TGN] Training attempt 2/2: dim=128 layers=2 epochs=200 lr=0.001 theta=-1.0

  Epoch   20/200  loss=1.5262  bce=1.2329  gap=0.142  mrgn=0.208  val_MCC@0.5=0.429  val_bestMCC=0.445  (θ=0.515)  val_AUROC=0.783  val_ACC=0.660  TP=285 TN=482 FP=368 FN=27
  Epoch   40/200  loss=0.8694  bce=0.7133  gap=0.461  mrgn=0.000  val_MCC@0.5=0.416  val_bestMCC=0.745  (θ=0.701)  val_AUROC=0.833  val_ACC=0.700  TP=252 TN=561 FP=289 FN=60
  Epoch   60/200  loss=0.6072  bce=0.4702  gap=0.631  mrgn=0.000  val_MCC@0.5=0.639  val_bestMCC=0.797  (θ=0.661)  val_AUROC=0.877  val_ACC=0.846  TP=256 TN=727 FP=123 FN=56
  Epoch   80/200  loss=0.3706  bce=0.2448  gap=0.794  mrgn=0.000  val_MCC@0.5=0.789  val_bestMCC=0.843  (θ=0.667)  val_AUROC=0.933  val_ACC=0.917  TP=263 TN=803 FP=47 FN=49
  Epoch  100/200  loss=0.2781  bce=0.1599  gap=0.868  mrgn=0.000  val_MCC@0.5=0.821  val_bestMCC=0.853  (θ=0.632)  val_AUROC=0.956  val_ACC=0.929  TP=273 TN=807 FP=43 FN=39
  Epoch  120/200  loss=0.2011  bce=0.0914  gap=0.917  mrgn=0.000  val_MCC@0.5=0.853  val_bestMCC=0.865  (θ=0.510)  val_AUROC=0.959  val_ACC=0.942  TP=276 TN=819 FP=31 FN=36
  Epoch  140/200  loss=0.1652  bce=0.0620  gap=0.942  mrgn=0.000  val_MCC@0.5=0.856  val_bestMCC=0.858  (θ=0.474)  val_AUROC=0.956  val_ACC=0.944  TP=270 TN=827 FP=23 FN=42
  Epoch  160/200  loss=0.1499  bce=0.0505  gap=0.953  mrgn=0.000  val_MCC@0.5=0.860  val_bestMCC=0.860  (θ=0.491)  val_AUROC=0.954  val_ACC=0.946  TP=270 TN=829 FP=21 FN=42
  Epoch  180/200  loss=0.1446  bce=0.0466  gap=0.956  mrgn=0.000  val_MCC@0.5=0.860  val_bestMCC=0.860  (θ=0.465)  val_AUROC=0.954  val_ACC=0.946  TP=270 TN=829 FP=21 FN=42
  Epoch  200/200  loss=0.1437  bce=0.0460  gap=0.957  mrgn=0.000  val_MCC@0.5=0.860  val_bestMCC=0.860  (θ=0.461)  val_AUROC=0.954  val_ACC=0.946  TP=270 TN=829 FP=21 FN=42

[TGN] Best checkpoint: epoch=120  val_bestMCC=0.865  val_AUROC=0.959
[TGN] Restart check: val_bestMCC=0.865 (>=0.975? False)  gap_width=0.0000 (>=0.01? False)
[TGN] Max restarts (2) reached. Proceeding with global best (val_bestMCC=0.865).
[TGN] Global best restored: epoch=120  val_bestMCC=0.865  val_AUROC=0.959
[TGN] Optimal theta_FS = 0.514  (val_MCC=0.865  theta_plateau=0.514  gap=N/A  method=plateau_mid [no val separation gap])

[TGN] Test  MCC=0.896  AUROC=0.959  ACC=0.959  TP=276 TN=848 FP=5 FN=43
[TGN] Test variant classifier (TTW/BSHH/ME)  ACC=0.602  F1_macro=0.671  n=1172
[TGN] Wall-clock training time: 1536.4s (25.61 min)
[TGN] Weights saved to 'sweep_5seeds/tgn_weights_seed3_pw6_5.bin'  (1076264 bytes, dim=128 layers=2)

[TGN] Complete.  Deploy with (use the SAME simTime/N_Vehicles/mobility_scenario
                 as the data generation runs to avoid train/eval mismatch):
  ./waf --run "scratch/routing --simTime=<N> --N_Vehicles=<N> \
               --mobility_scenario=<N> --maxspeed=<N> \
               --attack_scenario=1 --tgn_weights=sweep_5seeds/tgn_weights_seed3_pw6_5.bin \
               --tgn_theta=0.51 --tgn_l_link=43.0"
  # Also pass: --tgn_dim=128 --tgn_layers=2
