[TGN] Seed fixed: 42
[TGN] L_link=43.0s  gamma=310.2  W_max=430
[TGN] Loaded 7751 rows from '../training_data/sim60_ap60_3seeds_events.csv'
      Attack events: 2089  Benign events: 5662
[TGN] After BEACON filter: 7751 rows

[TGN] Events per attack_scenario:
        scenario  1:   891 events (149 attack, 742 benign)
        scenario  2:  1520 events (52 attack, 1468 benign)
        scenario  3:   815 events (163 attack, 652 benign)
        scenario  4:   800 events (160 attack, 640 benign)
        scenario  5:   431 events (67 attack, 364 benign)
        scenario  6:  1188 events (136 attack, 1052 benign)
        scenario  7:   652 events (326 attack, 326 benign)
        scenario  8:   632 events (316 attack, 316 benign)
        scenario  9:     6 events (0 attack, 6 benign)
        scenario 10:    60 events (0 attack, 60 benign)
        scenario 11:   384 events (360 attack, 24 benign)
        scenario 12:   372 events (360 attack, 12 benign)
[TGN] Device: cuda
       train:  5417 events  (1458 attack, 3959 benign)
       val  :  1162 events  (312 attack, 850 benign)
       test :  1172 events  (319 attack, 853 benign)
       pos_weight = 6.00  (3959 benign / 1458 attack in train)  [override]

[TGN] Training attempt 1/2: dim=192 layers=2 epochs=200 lr=0.001 theta=-1.0

  Epoch   20/200  loss=0.9855  bce=0.8055  gap=0.399  mrgn=0.000  val_MCC@0.5=0.397  val_bestMCC=0.699  (θ=0.787)  val_AUROC=0.832  val_ACC=0.685  TP=252 TN=544 FP=306 FN=60
  Epoch   40/200  loss=0.6189  bce=0.4799  gap=0.613  mrgn=0.000  val_MCC@0.5=0.605  val_bestMCC=0.777  (θ=0.736)  val_AUROC=0.861  val_ACC=0.830  TP=251 TN=713 FP=137 FN=61
  Epoch   60/200  loss=0.4160  bce=0.2857  gap=0.771  mrgn=0.000  val_MCC@0.5=0.788  val_bestMCC=0.830  (θ=0.673)  val_AUROC=0.918  val_ACC=0.917  TP=259 TN=807 FP=43 FN=53
  Epoch   80/200  loss=0.2476  bce=0.1353  gap=0.880  mrgn=0.000  val_MCC@0.5=0.821  val_bestMCC=0.856  (θ=0.673)  val_AUROC=0.942  val_ACC=0.930  TP=267 TN=814 FP=36 FN=45
  Epoch  100/200  loss=0.1804  bce=0.0800  gap=0.941  mrgn=0.000  val_MCC@0.5=0.835  val_bestMCC=0.842  (θ=0.460)  val_AUROC=0.942  val_ACC=0.936  TP=261 TN=827 FP=23 FN=51
  Epoch  120/200  loss=0.1545  bce=0.0602  gap=0.954  mrgn=0.000  val_MCC@0.5=0.852  val_bestMCC=0.854  (θ=0.481)  val_AUROC=0.954  val_ACC=0.942  TP=273 TN=822 FP=28 FN=39
  Epoch  140/200  loss=0.1364  bce=0.0458  gap=0.957  mrgn=0.000  val_MCC@0.5=0.849  val_bestMCC=0.854  (θ=0.416)  val_AUROC=0.955  val_ACC=0.941  TP=271 TN=823 FP=27 FN=41
  Epoch  160/200  loss=0.1228  bce=0.0353  gap=0.968  mrgn=0.000  val_MCC@0.5=0.847  val_bestMCC=0.852  (θ=0.353)  val_AUROC=0.954  val_ACC=0.941  TP=270 TN=823 FP=27 FN=42
  Epoch  180/200  loss=0.1180  bce=0.0319  gap=0.970  mrgn=0.000  val_MCC@0.5=0.847  val_bestMCC=0.852  (θ=0.358)  val_AUROC=0.953  val_ACC=0.941  TP=270 TN=823 FP=27 FN=42
  Epoch  200/200  loss=0.1174  bce=0.0315  gap=0.970  mrgn=0.000  val_MCC@0.5=0.847  val_bestMCC=0.852  (θ=0.356)  val_AUROC=0.953  val_ACC=0.941  TP=270 TN=823 FP=27 FN=42

[TGN] Best checkpoint: epoch=80  val_bestMCC=0.856  val_AUROC=0.942
[TGN] Restart check: val_bestMCC=0.856 (>=0.975? False)  gap_width=0.0000 (>=0.01? False)

[TGN] Restart 1/1 — val_bestMCC=0.856 < target=0.975. Re-initialising model.
       pos_weight = 6.00  (3959 benign / 1458 attack in train)  [override]

[TGN] Training attempt 2/2: dim=192 layers=2 epochs=200 lr=0.001 theta=-1.0

  Epoch   20/200  loss=0.9228  bce=0.7624  gap=0.428  mrgn=0.000  val_MCC@0.5=0.354  val_bestMCC=0.716  (θ=0.881)  val_AUROC=0.827  val_ACC=0.646  TP=254 TN=497 FP=353 FN=58
  Epoch   40/200  loss=0.5941  bce=0.4599  gap=0.638  mrgn=0.000  val_MCC@0.5=0.651  val_bestMCC=0.786  (θ=0.748)  val_AUROC=0.881  val_ACC=0.851  TP=259 TN=730 FP=120 FN=53
  Epoch   60/200  loss=0.4975  bce=0.3582  gap=0.695  mrgn=0.000  val_MCC@0.5=0.804  val_bestMCC=0.861  (θ=0.771)  val_AUROC=0.957  val_ACC=0.920  TP=281 TN=788 FP=62 FN=31
  Epoch   80/200  loss=0.2848  bce=0.1678  gap=0.867  mrgn=0.000  val_MCC@0.5=0.843  val_bestMCC=0.867  (θ=0.586)  val_AUROC=0.958  val_ACC=0.939  TP=271 TN=820 FP=30 FN=41
  Epoch  100/200  loss=0.1802  bce=0.0753  gap=0.932  mrgn=0.000  val_MCC@0.5=0.865  val_bestMCC=0.865  (θ=0.497)  val_AUROC=0.966  val_ACC=0.948  TP=274 TN=827 FP=23 FN=38
  Epoch  120/200  loss=0.1849  bce=0.0828  gap=0.952  mrgn=0.000  val_MCC@0.5=0.867  val_bestMCC=0.873  (θ=0.386)  val_AUROC=0.965  val_ACC=0.948  TP=275 TN=827 FP=23 FN=37
  Epoch  140/200  loss=0.1341  bce=0.0390  gap=0.963  mrgn=0.000  val_MCC@0.5=0.870  val_bestMCC=0.877  (θ=0.427)  val_AUROC=0.967  val_ACC=0.949  TP=279 TN=824 FP=26 FN=33
  Epoch  160/200  loss=0.1235  bce=0.0312  gap=0.971  mrgn=0.000  val_MCC@0.5=0.865  val_bestMCC=0.878  (θ=0.362)  val_AUROC=0.965  val_ACC=0.948  TP=277 TN=824 FP=26 FN=35
  Epoch  180/200  loss=0.1196  bce=0.0286  gap=0.973  mrgn=0.000  val_MCC@0.5=0.868  val_bestMCC=0.878  (θ=0.365)  val_AUROC=0.965  val_ACC=0.948  TP=278 TN=824 FP=26 FN=34
  Epoch  200/200  loss=0.1190  bce=0.0282  gap=0.973  mrgn=0.000  val_MCC@0.5=0.868  val_bestMCC=0.878  (θ=0.363)  val_AUROC=0.965  val_ACC=0.948  TP=278 TN=824 FP=26 FN=34

[TGN] Best checkpoint: epoch=160  val_bestMCC=0.878  val_AUROC=0.965
[TGN] Restart check: val_bestMCC=0.878 (>=0.975? False)  gap_width=0.0000 (>=0.01? False)
[TGN] Max restarts (2) reached. Proceeding with global best (val_bestMCC=0.878).
[TGN] Global best restored: epoch=160  val_bestMCC=0.878  val_AUROC=0.965
[TGN] Optimal theta_FS = 0.365  (val_MCC=0.878  theta_plateau=0.365  gap=N/A  method=plateau_mid [no val separation gap])

[TGN] Test  MCC=0.895  AUROC=0.969  ACC=0.959  TP=284 TN=840 FP=13 FN=35
[TGN] Test variant classifier (TTW/BSHH/ME)  ACC=0.606  F1_macro=0.677  n=1172
[TGN] Wall-clock training time: 1590.1s (26.50 min)
[TGN] Weights saved to 'sweep_5seeds/tgn_weights_dim192_pw6_seed42.bin'  (2400808 bytes, dim=192 layers=2)

[TGN] Complete.  Deploy with (use the SAME simTime/N_Vehicles/mobility_scenario
                 as the data generation runs to avoid train/eval mismatch):
  ./waf --run "scratch/routing --simTime=<N> --N_Vehicles=<N> \
               --mobility_scenario=<N> --maxspeed=<N> \
               --attack_scenario=1 --tgn_weights=sweep_5seeds/tgn_weights_dim192_pw6_seed42.bin \
               --tgn_theta=0.36 --tgn_l_link=43.0"
  # Also pass: --tgn_dim=192 --tgn_layers=2
