[TGN] Seed fixed: 2
[TGN] L_link=43.0s  gamma=310.2  W_max=430
[TGN] Loaded 7751 rows from '../training_data/sim60_ap60_3seeds_events.csv'
      Attack events: 2089  Benign events: 5662
[TGN] After BEACON filter: 7751 rows

[TGN] Events per attack_scenario:
        scenario  1:   891 events (149 attack, 742 benign)
        scenario  2:  1520 events (52 attack, 1468 benign)
        scenario  3:   815 events (163 attack, 652 benign)
        scenario  4:   800 events (160 attack, 640 benign)
        scenario  5:   431 events (67 attack, 364 benign)
        scenario  6:  1188 events (136 attack, 1052 benign)
        scenario  7:   652 events (326 attack, 326 benign)
        scenario  8:   632 events (316 attack, 316 benign)
        scenario  9:     6 events (0 attack, 6 benign)
        scenario 10:    60 events (0 attack, 60 benign)
        scenario 11:   384 events (360 attack, 24 benign)
        scenario 12:   372 events (360 attack, 12 benign)
[TGN] Device: cuda
       train:  5417 events  (1458 attack, 3959 benign)
       val  :  1162 events  (312 attack, 850 benign)
       test :  1172 events  (319 attack, 853 benign)
       pos_weight = 6.00  (3959 benign / 1458 attack in train)  [override]

[TGN] Training attempt 1/2: dim=192 layers=3 epochs=200 lr=0.001 theta=-1.0

  Epoch   20/200  loss=1.2582  bce=1.0381  gap=0.327  mrgn=0.023  val_MCC@0.5=0.234  val_bestMCC=0.258  (θ=0.361)  val_AUROC=0.662  val_ACC=0.607  TP=214 TN=491 FP=359 FN=98
  Epoch   40/200  loss=1.0469  bce=0.8842  gap=0.437  mrgn=0.000  val_MCC@0.5=0.217  val_bestMCC=0.264  (θ=0.779)  val_AUROC=0.668  val_ACC=0.635  TP=184 TN=554 FP=296 FN=128
  Epoch   60/200  loss=0.9174  bce=0.7754  gap=0.502  mrgn=0.000  val_MCC@0.5=0.101  val_bestMCC=0.201  (θ=0.431)  val_AUROC=0.570  val_ACC=0.657  TP=98 TN=666 FP=184 FN=214
  Epoch   80/200  loss=0.9057  bce=0.7684  gap=0.499  mrgn=0.000  val_MCC@0.5=0.086  val_bestMCC=0.190  (θ=0.700)  val_AUROC=0.569  val_ACC=0.646  TP=99 TN=652 FP=198 FN=213
  Epoch  100/200  loss=0.8398  bce=0.7077  gap=0.561  mrgn=0.000  val_MCC@0.5=0.081  val_bestMCC=0.218  (θ=0.730)  val_AUROC=0.553  val_ACC=0.642  TP=100 TN=646 FP=204 FN=212
  Epoch  120/200  loss=0.7838  bce=0.6565  gap=0.582  mrgn=0.000  val_MCC@0.5=0.058  val_bestMCC=0.223  (θ=0.807)  val_AUROC=0.530  val_ACC=0.625  TP=101 TN=625 FP=225 FN=211
  Epoch  140/200  loss=0.7416  bce=0.6173  gap=0.611  mrgn=0.000  val_MCC@0.5=0.065  val_bestMCC=0.163  (θ=0.786)  val_AUROC=0.511  val_ACC=0.618  TP=110 TN=608 FP=242 FN=202
  Epoch  160/200  loss=0.7162  bce=0.5934  gap=0.626  mrgn=0.000  val_MCC@0.5=0.067  val_bestMCC=0.144  (θ=0.450)  val_AUROC=0.505  val_ACC=0.616  TP=112 TN=604 FP=246 FN=200
  Epoch  180/200  loss=0.7048  bce=0.5827  gap=0.634  mrgn=0.000  val_MCC@0.5=0.075  val_bestMCC=0.140  (θ=0.459)  val_AUROC=0.500  val_ACC=0.620  TP=113 TN=608 FP=242 FN=199
  Epoch  200/200  loss=0.7029  bce=0.5809  gap=0.635  mrgn=0.000  val_MCC@0.5=0.075  val_bestMCC=0.140  (θ=0.460)  val_AUROC=0.500  val_ACC=0.620  TP=113 TN=608 FP=242 FN=199

[TGN] Best checkpoint: epoch=40  val_bestMCC=0.264  val_AUROC=0.668
[TGN] Restart check: val_bestMCC=0.264 (>=0.975? False)  gap_width=0.0000 (>=0.01? False)

[TGN] Restart 1/1 — val_bestMCC=0.264 < target=0.975. Re-initialising model.
       pos_weight = 6.00  (3959 benign / 1458 attack in train)  [override]

[TGN] Training attempt 2/2: dim=192 layers=3 epochs=200 lr=0.001 theta=-1.0

  Epoch   20/200  loss=1.2291  bce=1.0159  gap=0.340  mrgn=0.010  val_MCC@0.5=0.237  val_bestMCC=0.292  (θ=0.651)  val_AUROC=0.670  val_ACC=0.614  TP=211 TN=502 FP=348 FN=101
  Epoch   40/200  loss=1.0220  bce=0.8643  gap=0.468  mrgn=0.000  val_MCC@0.5=0.301  val_bestMCC=0.308  (θ=0.508)  val_AUROC=0.687  val_ACC=0.670  TP=206 TN=573 FP=277 FN=106
  Epoch   60/200  loss=0.9523  bce=0.8053  gap=0.507  mrgn=0.000  val_MCC@0.5=0.148  val_bestMCC=0.266  (θ=0.701)  val_AUROC=0.663  val_ACC=0.667  TP=116 TN=659 FP=191 FN=196
  Epoch   80/200  loss=0.9045  bce=0.7670  gap=0.538  mrgn=0.000  val_MCC@0.5=0.094  val_bestMCC=0.285  (θ=0.828)  val_AUROC=0.591  val_ACC=0.645  TP=105 TN=644 FP=206 FN=207
  Epoch  100/200  loss=0.8654  bce=0.7270  gap=0.541  mrgn=0.000  val_MCC@0.5=0.072  val_bestMCC=0.332  (θ=0.835)  val_AUROC=0.602  val_ACC=0.629  TP=105 TN=626 FP=224 FN=207
  Epoch  120/200  loss=0.8250  bce=0.6940  gap=0.554  mrgn=0.000  val_MCC@0.5=0.080  val_bestMCC=0.311  (θ=0.812)  val_AUROC=0.587  val_ACC=0.639  TP=102 TN=640 FP=210 FN=210
  Epoch  140/200  loss=0.8016  bce=0.6726  gap=0.590  mrgn=0.000  val_MCC@0.5=0.067  val_bestMCC=0.304  (θ=0.857)  val_AUROC=0.586  val_ACC=0.630  TP=102 TN=630 FP=220 FN=210
  Epoch  160/200  loss=0.7764  bce=0.6489  gap=0.595  mrgn=0.000  val_MCC@0.5=0.062  val_bestMCC=0.276  (θ=0.866)  val_AUROC=0.588  val_ACC=0.622  TP=105 TN=618 FP=232 FN=207
  Epoch  180/200  loss=0.7661  bce=0.6392  gap=0.602  mrgn=0.000  val_MCC@0.5=0.062  val_bestMCC=0.265  (θ=0.858)  val_AUROC=0.588  val_ACC=0.622  TP=105 TN=618 FP=232 FN=207
  Epoch  200/200  loss=0.7641  bce=0.6374  gap=0.603  mrgn=0.000  val_MCC@0.5=0.061  val_bestMCC=0.265  (θ=0.862)  val_AUROC=0.588  val_ACC=0.621  TP=105 TN=617 FP=233 FN=207

[TGN] Best checkpoint: epoch=100  val_bestMCC=0.332  val_AUROC=0.602
[TGN] Restart check: val_bestMCC=0.332 (>=0.975? False)  gap_width=0.0000 (>=0.01? False)
[TGN] Max restarts (2) reached. Proceeding with global best (val_bestMCC=0.332).
[TGN] Global best restored: epoch=100  val_bestMCC=0.332  val_AUROC=0.602
[TGN] Optimal theta_FS = 0.836  (val_MCC=0.332  theta_plateau=0.836  gap=N/A  method=plateau_mid [no val separation gap])

[TGN] Test  MCC=0.001  AUROC=0.722  ACC=0.717  TP=8 TN=832 FP=21 FN=311
[TGN] Test variant classifier (TTW/BSHH/ME)  ACC=0.468  F1_macro=0.314  n=1172
[TGN] Wall-clock training time: 1868.1s (31.13 min)
[TGN] Weights saved to 'sweep_5seeds/tgn_weights_dim192_layers3_seed2.bin'  (2697256 bytes, dim=192 layers=3)

[TGN] Complete.  Deploy with (use the SAME simTime/N_Vehicles/mobility_scenario
                 as the data generation runs to avoid train/eval mismatch):
  ./waf --run "scratch/routing --simTime=<N> --N_Vehicles=<N> \
               --mobility_scenario=<N> --maxspeed=<N> \
               --attack_scenario=1 --tgn_weights=sweep_5seeds/tgn_weights_dim192_layers3_seed2.bin \
               --tgn_theta=0.84 --tgn_l_link=43.0"
  # Also pass: --tgn_dim=192 --tgn_layers=3
