[TGN] Seed fixed: 5
[TGN] L_link=43.0s  gamma=310.2  W_max=430
[TGN] Loaded 7751 rows from '../training_data/sim60_ap60_3seeds_events.csv'
      Attack events: 2089  Benign events: 5662
[TGN] After BEACON filter: 7751 rows

[TGN] Events per attack_scenario:
        scenario  1:   891 events (149 attack, 742 benign)
        scenario  2:  1520 events (52 attack, 1468 benign)
        scenario  3:   815 events (163 attack, 652 benign)
        scenario  4:   800 events (160 attack, 640 benign)
        scenario  5:   431 events (67 attack, 364 benign)
        scenario  6:  1188 events (136 attack, 1052 benign)
        scenario  7:   652 events (326 attack, 326 benign)
        scenario  8:   632 events (316 attack, 316 benign)
        scenario  9:     6 events (0 attack, 6 benign)
        scenario 10:    60 events (0 attack, 60 benign)
        scenario 11:   384 events (360 attack, 24 benign)
        scenario 12:   372 events (360 attack, 12 benign)
[TGN] Device: cuda
       train:  5417 events  (1458 attack, 3959 benign)
       val  :  1162 events  (312 attack, 850 benign)
       test :  1172 events  (319 attack, 853 benign)
       pos_weight = 6.00  (3959 benign / 1458 attack in train)  [override]

[TGN] Training attempt 1/2: dim=64 layers=2 epochs=200 lr=0.001 theta=-1.0

  Epoch   20/200  loss=1.8713  bce=1.4940  gap=0.054  mrgn=0.296  val_MCC@0.5=0.060  val_bestMCC=0.431  (θ=0.407)  val_AUROC=0.744  val_ACC=0.694  TP=47 TN=759 FP=91 FN=265
  Epoch   40/200  loss=1.0642  bce=0.8761  gap=0.340  mrgn=0.010  val_MCC@0.5=0.448  val_bestMCC=0.571  (θ=0.701)  val_AUROC=0.792  val_ACC=0.748  TP=231 TN=638 FP=212 FN=81
  Epoch   60/200  loss=0.8128  bce=0.6561  gap=0.484  mrgn=0.000  val_MCC@0.5=0.416  val_bestMCC=0.753  (θ=0.779)  val_AUROC=0.816  val_ACC=0.715  TP=240 TN=591 FP=259 FN=72
  Epoch   80/200  loss=0.6436  bce=0.4980  gap=0.591  mrgn=0.000  val_MCC@0.5=0.583  val_bestMCC=0.787  (θ=0.706)  val_AUROC=0.876  val_ACC=0.812  TP=257 TN=687 FP=163 FN=55
  Epoch  100/200  loss=0.5135  bce=0.3736  gap=0.685  mrgn=0.000  val_MCC@0.5=0.713  val_bestMCC=0.824  (θ=0.694)  val_AUROC=0.920  val_ACC=0.880  TP=268 TN=754 FP=96 FN=44
  Epoch  120/200  loss=0.4278  bce=0.2933  gap=0.744  mrgn=0.000  val_MCC@0.5=0.754  val_bestMCC=0.843  (θ=0.755)  val_AUROC=0.937  val_ACC=0.898  TP=273 TN=771 FP=79 FN=39
  Epoch  140/200  loss=0.3855  bce=0.2539  gap=0.776  mrgn=0.000  val_MCC@0.5=0.785  val_bestMCC=0.847  (θ=0.757)  val_AUROC=0.944  val_ACC=0.910  TP=282 TN=776 FP=74 FN=30
  Epoch  160/200  loss=0.3574  bce=0.2280  gap=0.798  mrgn=0.000  val_MCC@0.5=0.797  val_bestMCC=0.847  (θ=0.746)  val_AUROC=0.946  val_ACC=0.917  TP=281 TN=784 FP=66 FN=31
  Epoch  180/200  loss=0.3465  bce=0.2180  gap=0.807  mrgn=0.000  val_MCC@0.5=0.801  val_bestMCC=0.847  (θ=0.744)  val_AUROC=0.947  val_ACC=0.918  TP=281 TN=786 FP=64 FN=31
  Epoch  200/200  loss=0.3447  bce=0.2164  gap=0.808  mrgn=0.000  val_MCC@0.5=0.801  val_bestMCC=0.849  (θ=0.744)  val_AUROC=0.948  val_ACC=0.918  TP=281 TN=786 FP=64 FN=31

[TGN] Best checkpoint: epoch=200  val_bestMCC=0.849  val_AUROC=0.948
[TGN] Restart check: val_bestMCC=0.849 (>=0.975? False)  gap_width=0.0000 (>=0.01? False)

[TGN] Restart 1/1 — val_bestMCC=0.849 < target=0.975. Re-initialising model.
       pos_weight = 6.00  (3959 benign / 1458 attack in train)  [override]

[TGN] Training attempt 2/2: dim=64 layers=2 epochs=200 lr=0.001 theta=-1.0

  Epoch   20/200  loss=1.9600  bce=1.5793  gap=0.039  mrgn=0.311  val_MCC@0.5=0.096  val_bestMCC=0.449  (θ=0.378)  val_AUROC=0.744  val_ACC=0.720  TP=35 TN=802 FP=48 FN=277
  Epoch   40/200  loss=1.1308  bce=0.9153  gap=0.319  mrgn=0.031  val_MCC@0.5=0.488  val_bestMCC=0.616  (θ=0.573)  val_AUROC=0.849  val_ACC=0.760  TP=246 TN=637 FP=213 FN=66
  Epoch   60/200  loss=0.8282  bce=0.6716  gap=0.478  mrgn=0.000  val_MCC@0.5=0.519  val_bestMCC=0.753  (θ=0.709)  val_AUROC=0.817  val_ACC=0.792  TP=233 TN=687 FP=163 FN=79
  Epoch   80/200  loss=0.6465  bce=0.5003  gap=0.598  mrgn=0.000  val_MCC@0.5=0.652  val_bestMCC=0.778  (θ=0.685)  val_AUROC=0.855  val_ACC=0.861  TP=240 TN=760 FP=90 FN=72
  Epoch  100/200  loss=0.4916  bce=0.3503  gap=0.695  mrgn=0.000  val_MCC@0.5=0.782  val_bestMCC=0.825  (θ=0.646)  val_AUROC=0.921  val_ACC=0.915  TP=260 TN=803 FP=47 FN=52
  Epoch  120/200  loss=0.4202  bce=0.2815  gap=0.761  mrgn=0.000  val_MCC@0.5=0.804  val_bestMCC=0.836  (θ=0.655)  val_AUROC=0.935  val_ACC=0.923  TP=265 TN=808 FP=42 FN=47
  Epoch  140/200  loss=0.3688  bce=0.2331  gap=0.797  mrgn=0.000  val_MCC@0.5=0.817  val_bestMCC=0.856  (θ=0.682)  val_AUROC=0.947  val_ACC=0.928  TP=272 TN=806 FP=44 FN=40
  Epoch  160/200  loss=0.3386  bce=0.2050  gap=0.819  mrgn=0.000  val_MCC@0.5=0.813  val_bestMCC=0.858  (θ=0.692)  val_AUROC=0.952  val_ACC=0.926  TP=272 TN=804 FP=46 FN=40
  Epoch  180/200  loss=0.3274  bce=0.1946  gap=0.828  mrgn=0.000  val_MCC@0.5=0.818  val_bestMCC=0.858  (θ=0.691)  val_AUROC=0.953  val_ACC=0.929  TP=271 TN=808 FP=42 FN=41
  Epoch  200/200  loss=0.3256  bce=0.1930  gap=0.829  mrgn=0.000  val_MCC@0.5=0.818  val_bestMCC=0.858  (θ=0.691)  val_AUROC=0.954  val_ACC=0.929  TP=271 TN=808 FP=42 FN=41

[TGN] Best checkpoint: epoch=200  val_bestMCC=0.858  val_AUROC=0.954
[TGN] Restart check: val_bestMCC=0.858 (>=0.975? False)  gap_width=0.0000 (>=0.01? False)
[TGN] Max restarts (2) reached. Proceeding with global best (val_bestMCC=0.858).
[TGN] Global best restored: epoch=200  val_bestMCC=0.858  val_AUROC=0.954
[TGN] Optimal theta_FS = 0.695  (val_MCC=0.858  theta_plateau=0.695  gap=N/A  method=plateau_mid [no val separation gap])

[TGN] Test  MCC=0.888  AUROC=0.960  ACC=0.956  TP=267 TN=853 FP=0 FN=52
[TGN] Test variant classifier (TTW/BSHH/ME)  ACC=0.590  F1_macro=0.659  n=1172
[TGN] Wall-clock training time: 1507.5s (25.13 min)
[TGN] Weights saved to 'sweep_5seeds/tgn_weights_dim64_pw6_seed5.bin'  (276008 bytes, dim=64 layers=2)

[TGN] Complete.  Deploy with (use the SAME simTime/N_Vehicles/mobility_scenario
                 as the data generation runs to avoid train/eval mismatch):
  ./waf --run "scratch/routing --simTime=<N> --N_Vehicles=<N> \
               --mobility_scenario=<N> --maxspeed=<N> \
               --attack_scenario=1 --tgn_weights=sweep_5seeds/tgn_weights_dim64_pw6_seed5.bin \
               --tgn_theta=0.70 --tgn_l_link=43.0"
  # Also pass: --tgn_dim=64 --tgn_layers=2
