[TGN] Seed fixed: 4
[TGN] L_link=43.0s  gamma=310.2  W_max=430
[TGN] Loaded 7751 rows from '../training_data/sim60_ap60_3seeds_events.csv'
      Attack events: 2089  Benign events: 5662
[TGN] After BEACON filter: 7751 rows

[TGN] Events per attack_scenario:
        scenario  1:   891 events (149 attack, 742 benign)
        scenario  2:  1520 events (52 attack, 1468 benign)
        scenario  3:   815 events (163 attack, 652 benign)
        scenario  4:   800 events (160 attack, 640 benign)
        scenario  5:   431 events (67 attack, 364 benign)
        scenario  6:  1188 events (136 attack, 1052 benign)
        scenario  7:   652 events (326 attack, 326 benign)
        scenario  8:   632 events (316 attack, 316 benign)
        scenario  9:     6 events (0 attack, 6 benign)
        scenario 10:    60 events (0 attack, 60 benign)
        scenario 11:   384 events (360 attack, 24 benign)
        scenario 12:   372 events (360 attack, 12 benign)
[TGN] Device: cuda
       train:  5417 events  (1458 attack, 3959 benign)
       val  :  1162 events  (312 attack, 850 benign)
       test :  1172 events  (319 attack, 853 benign)
       pos_weight = 6.00  (3959 benign / 1458 attack in train)  [override]

[TGN] Training attempt 1/2: dim=64 layers=2 epochs=200 lr=0.001 theta=-1.0

  Epoch   20/200  loss=1.9858  bce=1.5993  gap=0.024  mrgn=0.326  val_MCC@0.5=0.084  val_bestMCC=0.417  (θ=0.370)  val_AUROC=0.678  val_ACC=0.712  TP=40 TN=787 FP=63 FN=272
  Epoch   40/200  loss=1.1779  bce=0.9653  gap=0.293  mrgn=0.057  val_MCC@0.5=0.476  val_bestMCC=0.600  (θ=0.602)  val_AUROC=0.855  val_ACC=0.719  TP=273 TN=562 FP=288 FN=39
  Epoch   60/200  loss=0.7915  bce=0.6376  gap=0.502  mrgn=0.000  val_MCC@0.5=0.522  val_bestMCC=0.763  (θ=0.724)  val_AUROC=0.854  val_ACC=0.775  TP=255 TN=645 FP=205 FN=57
  Epoch   80/200  loss=0.6065  bce=0.4600  gap=0.633  mrgn=0.000  val_MCC@0.5=0.711  val_bestMCC=0.823  (θ=0.693)  val_AUROC=0.904  val_ACC=0.880  TP=264 TN=759 FP=91 FN=48
  Epoch  100/200  loss=0.4797  bce=0.3396  gap=0.710  mrgn=0.000  val_MCC@0.5=0.786  val_bestMCC=0.852  (θ=0.686)  val_AUROC=0.943  val_ACC=0.912  TP=278 TN=782 FP=68 FN=34
  Epoch  120/200  loss=0.3764  bce=0.2407  gap=0.790  mrgn=0.000  val_MCC@0.5=0.828  val_bestMCC=0.864  (θ=0.685)  val_AUROC=0.955  val_ACC=0.931  TP=279 TN=803 FP=47 FN=33
  Epoch  140/200  loss=0.3208  bce=0.1896  gap=0.834  mrgn=0.000  val_MCC@0.5=0.849  val_bestMCC=0.879  (θ=0.673)  val_AUROC=0.961  val_ACC=0.941  TP=279 TN=814 FP=36 FN=33
  Epoch  160/200  loss=0.2956  bce=0.1668  gap=0.854  mrgn=0.000  val_MCC@0.5=0.849  val_bestMCC=0.879  (θ=0.693)  val_AUROC=0.963  val_ACC=0.941  TP=278 TN=815 FP=35 FN=34
  Epoch  180/200  loss=0.2866  bce=0.1587  gap=0.861  mrgn=0.000  val_MCC@0.5=0.849  val_bestMCC=0.879  (θ=0.704)  val_AUROC=0.963  val_ACC=0.941  TP=278 TN=815 FP=35 FN=34
  Epoch  200/200  loss=0.2852  bce=0.1575  gap=0.862  mrgn=0.000  val_MCC@0.5=0.847  val_bestMCC=0.881  (θ=0.661)  val_AUROC=0.963  val_ACC=0.940  TP=278 TN=814 FP=36 FN=34

[TGN] Best checkpoint: epoch=200  val_bestMCC=0.881  val_AUROC=0.963
[TGN] Restart check: val_bestMCC=0.881 (>=0.975? False)  gap_width=0.0000 (>=0.01? False)

[TGN] Restart 1/1 — val_bestMCC=0.881 < target=0.975. Re-initialising model.
       pos_weight = 6.00  (3959 benign / 1458 attack in train)  [override]

[TGN] Training attempt 2/2: dim=64 layers=2 epochs=200 lr=0.001 theta=-1.0

  Epoch   20/200  loss=1.9359  bce=1.5715  gap=0.048  mrgn=0.302  val_MCC@0.5=0.070  val_bestMCC=0.460  (θ=0.380)  val_AUROC=0.762  val_ACC=0.719  TP=27 TN=808 FP=42 FN=285
  Epoch   40/200  loss=1.0821  bce=0.9030  gap=0.332  mrgn=0.018  val_MCC@0.5=0.392  val_bestMCC=0.569  (θ=0.645)  val_AUROC=0.839  val_ACC=0.639  TP=278 TN=465 FP=385 FN=34
  Epoch   60/200  loss=0.7694  bce=0.6161  gap=0.525  mrgn=0.000  val_MCC@0.5=0.504  val_bestMCC=0.755  (θ=0.694)  val_AUROC=0.839  val_ACC=0.771  TP=246 TN=650 FP=200 FN=66
  Epoch   80/200  loss=0.6113  bce=0.4658  gap=0.635  mrgn=0.000  val_MCC@0.5=0.669  val_bestMCC=0.792  (θ=0.731)  val_AUROC=0.879  val_ACC=0.867  TP=246 TN=761 FP=89 FN=66
  Epoch  100/200  loss=0.5069  bce=0.3663  gap=0.687  mrgn=0.000  val_MCC@0.5=0.744  val_bestMCC=0.836  (θ=0.682)  val_AUROC=0.919  val_ACC=0.897  TP=264 TN=778 FP=72 FN=48
  Epoch  120/200  loss=0.4335  bce=0.2961  gap=0.739  mrgn=0.000  val_MCC@0.5=0.795  val_bestMCC=0.846  (θ=0.708)  val_AUROC=0.928  val_ACC=0.919  TP=267 TN=801 FP=49 FN=45
  Epoch  140/200  loss=0.3788  bce=0.2445  gap=0.784  mrgn=0.000  val_MCC@0.5=0.803  val_bestMCC=0.863  (θ=0.676)  val_AUROC=0.939  val_ACC=0.923  TP=268 TN=804 FP=46 FN=44
  Epoch  160/200  loss=0.3468  bce=0.2149  gap=0.808  mrgn=0.000  val_MCC@0.5=0.822  val_bestMCC=0.870  (θ=0.667)  val_AUROC=0.942  val_ACC=0.930  TP=269 TN=812 FP=38 FN=43
  Epoch  180/200  loss=0.3350  bce=0.2040  gap=0.818  mrgn=0.000  val_MCC@0.5=0.826  val_bestMCC=0.872  (θ=0.666)  val_AUROC=0.943  val_ACC=0.932  TP=269 TN=814 FP=36 FN=43
  Epoch  200/200  loss=0.3331  bce=0.2023  gap=0.819  mrgn=0.000  val_MCC@0.5=0.826  val_bestMCC=0.872  (θ=0.666)  val_AUROC=0.943  val_ACC=0.932  TP=269 TN=814 FP=36 FN=43

[TGN] Best checkpoint: epoch=200  val_bestMCC=0.872  val_AUROC=0.943
[TGN] Restart check: val_bestMCC=0.872 (>=0.975? False)  gap_width=0.0000 (>=0.01? False)
[TGN] Max restarts (2) reached. Proceeding with global best (val_bestMCC=0.881).
[TGN] Global best restored: epoch=200  val_bestMCC=0.881  val_AUROC=0.963
[TGN] Optimal theta_FS = 0.663  (val_MCC=0.881  theta_plateau=0.663  gap=N/A  method=plateau_mid [no val separation gap])

[TGN] Test  MCC=0.869  AUROC=0.963  ACC=0.949  TP=268 TN=844 FP=9 FN=51
[TGN] Test variant classifier (TTW/BSHH/ME)  ACC=0.595  F1_macro=0.671  n=1172
[TGN] Wall-clock training time: 1513.4s (25.22 min)
[TGN] Weights saved to 'sweep_5seeds/tgn_weights_dim64_pw6_seed4.bin'  (276008 bytes, dim=64 layers=2)

[TGN] Complete.  Deploy with (use the SAME simTime/N_Vehicles/mobility_scenario
                 as the data generation runs to avoid train/eval mismatch):
  ./waf --run "scratch/routing --simTime=<N> --N_Vehicles=<N> \
               --mobility_scenario=<N> --maxspeed=<N> \
               --attack_scenario=1 --tgn_weights=sweep_5seeds/tgn_weights_dim64_pw6_seed4.bin \
               --tgn_theta=0.66 --tgn_l_link=43.0"
  # Also pass: --tgn_dim=64 --tgn_layers=2
