[TGN] Seed fixed: 1
[TGN] L_link=43.0s  gamma=310.2  W_max=430
[TGN] Loaded 7751 rows from '../training_data/sim60_ap60_3seeds_events.csv'
      Attack events: 2089  Benign events: 5662
[TGN] After BEACON filter: 7751 rows

[TGN] Events per attack_scenario:
        scenario  1:   891 events (149 attack, 742 benign)
        scenario  2:  1520 events (52 attack, 1468 benign)
        scenario  3:   815 events (163 attack, 652 benign)
        scenario  4:   800 events (160 attack, 640 benign)
        scenario  5:   431 events (67 attack, 364 benign)
        scenario  6:  1188 events (136 attack, 1052 benign)
        scenario  7:   652 events (326 attack, 326 benign)
        scenario  8:   632 events (316 attack, 316 benign)
        scenario  9:     6 events (0 attack, 6 benign)
        scenario 10:    60 events (0 attack, 60 benign)
        scenario 11:   384 events (360 attack, 24 benign)
        scenario 12:   372 events (360 attack, 12 benign)
[TGN] Device: cuda
       train:  5417 events  (1458 attack, 3959 benign)
       val  :  1162 events  (312 attack, 850 benign)
       test :  1172 events  (319 attack, 853 benign)
       pos_weight = 6.50  (3959 benign / 1458 attack in train)  [override]

[TGN] Training attempt 1/2: dim=128 layers=2 epochs=200 lr=0.001 theta=-1.0

  Epoch   20/200  loss=1.1634  bce=0.9519  gap=0.316  mrgn=0.034  val_MCC@0.5=0.485  val_bestMCC=0.649  (θ=0.613)  val_AUROC=0.845  val_ACC=0.738  TP=264 TN=593 FP=257 FN=48
  Epoch   40/200  loss=0.7267  bce=0.5754  gap=0.567  mrgn=0.000  val_MCC@0.5=0.496  val_bestMCC=0.762  (θ=0.805)  val_AUROC=0.831  val_ACC=0.769  TP=242 TN=652 FP=198 FN=70
  Epoch   60/200  loss=0.5961  bce=0.4534  gap=0.681  mrgn=0.000  val_MCC@0.5=0.688  val_bestMCC=0.807  (θ=0.723)  val_AUROC=0.900  val_ACC=0.872  TP=257 TN=756 FP=94 FN=55
  Epoch   80/200  loss=0.4029  bce=0.2719  gap=0.789  mrgn=0.000  val_MCC@0.5=0.777  val_bestMCC=0.833  (θ=0.676)  val_AUROC=0.934  val_ACC=0.912  TP=261 TN=799 FP=51 FN=51
  Epoch  100/200  loss=0.2544  bce=0.1366  gap=0.880  mrgn=0.000  val_MCC@0.5=0.827  val_bestMCC=0.845  (θ=0.555)  val_AUROC=0.959  val_ACC=0.932  TP=274 TN=809 FP=41 FN=38
  Epoch  120/200  loss=0.1856  bce=0.0780  gap=0.933  mrgn=0.000  val_MCC@0.5=0.865  val_bestMCC=0.870  (θ=0.457)  val_AUROC=0.962  val_ACC=0.948  TP=274 TN=827 FP=23 FN=38
  Epoch  140/200  loss=0.1585  bce=0.0569  gap=0.950  mrgn=0.000  val_MCC@0.5=0.862  val_bestMCC=0.869  (θ=0.383)  val_AUROC=0.963  val_ACC=0.947  TP=272 TN=828 FP=22 FN=40
  Epoch  160/200  loss=0.1471  bce=0.0485  gap=0.957  mrgn=0.000  val_MCC@0.5=0.867  val_bestMCC=0.869  (θ=0.362)  val_AUROC=0.962  val_ACC=0.948  TP=271 TN=831 FP=19 FN=41
  Epoch  180/200  loss=0.1430  bce=0.0457  gap=0.959  mrgn=0.000  val_MCC@0.5=0.864  val_bestMCC=0.869  (θ=0.440)  val_AUROC=0.962  val_ACC=0.948  TP=270 TN=831 FP=19 FN=42
  Epoch  200/200  loss=0.1424  bce=0.0452  gap=0.960  mrgn=0.000  val_MCC@0.5=0.864  val_bestMCC=0.867  (θ=0.337)  val_AUROC=0.962  val_ACC=0.948  TP=270 TN=831 FP=19 FN=42

[TGN] Best checkpoint: epoch=120  val_bestMCC=0.870  val_AUROC=0.962
[TGN] Restart check: val_bestMCC=0.870 (>=0.975? False)  gap_width=0.0000 (>=0.01? False)

[TGN] Restart 1/1 — val_bestMCC=0.870 < target=0.975. Re-initialising model.
       pos_weight = 6.50  (3959 benign / 1458 attack in train)  [override]

[TGN] Training attempt 2/2: dim=128 layers=2 epochs=200 lr=0.001 theta=-1.0

  Epoch   20/200  loss=1.1861  bce=0.9858  gap=0.314  mrgn=0.036  val_MCC@0.5=0.388  val_bestMCC=0.608  (θ=0.650)  val_AUROC=0.821  val_ACC=0.655  TP=267 TN=494 FP=356 FN=45
  Epoch   40/200  loss=0.7706  bce=0.6198  gap=0.542  mrgn=0.000  val_MCC@0.5=0.397  val_bestMCC=0.767  (θ=0.879)  val_AUROC=0.825  val_ACC=0.693  TP=246 TN=559 FP=291 FN=66
  Epoch   60/200  loss=0.5109  bce=0.3709  gap=0.714  mrgn=0.000  val_MCC@0.5=0.698  val_bestMCC=0.812  (θ=0.782)  val_AUROC=0.916  val_ACC=0.871  TP=270 TN=742 FP=108 FN=42
  Epoch   80/200  loss=0.4092  bce=0.2798  gap=0.822  mrgn=0.000  val_MCC@0.5=0.778  val_bestMCC=0.823  (θ=0.712)  val_AUROC=0.928  val_ACC=0.911  TP=267 TN=792 FP=58 FN=45
  Epoch  100/200  loss=0.2733  bce=0.1544  gap=0.860  mrgn=0.000  val_MCC@0.5=0.798  val_bestMCC=0.851  (θ=0.686)  val_AUROC=0.954  val_ACC=0.919  TP=274 TN=794 FP=56 FN=38
  Epoch  120/200  loss=0.2207  bce=0.1088  gap=0.906  mrgn=0.000  val_MCC@0.5=0.813  val_bestMCC=0.860  (θ=0.682)  val_AUROC=0.959  val_ACC=0.924  TP=280 TN=794 FP=56 FN=32
  Epoch  140/200  loss=0.1861  bce=0.0807  gap=0.929  mrgn=0.000  val_MCC@0.5=0.837  val_bestMCC=0.867  (θ=0.640)  val_AUROC=0.959  val_ACC=0.935  TP=279 TN=808 FP=42 FN=33
  Epoch  160/200  loss=0.1701  bce=0.0681  gap=0.938  mrgn=0.000  val_MCC@0.5=0.839  val_bestMCC=0.865  (θ=0.581)  val_AUROC=0.958  val_ACC=0.936  TP=278 TN=810 FP=40 FN=34
  Epoch  180/200  loss=0.1645  bce=0.0638  gap=0.942  mrgn=0.000  val_MCC@0.5=0.841  val_bestMCC=0.863  (θ=0.571)  val_AUROC=0.958  val_ACC=0.937  TP=279 TN=810 FP=40 FN=33
  Epoch  200/200  loss=0.1636  bce=0.0631  gap=0.943  mrgn=0.000  val_MCC@0.5=0.841  val_bestMCC=0.863  (θ=0.569)  val_AUROC=0.958  val_ACC=0.937  TP=279 TN=810 FP=40 FN=33

[TGN] Best checkpoint: epoch=140  val_bestMCC=0.867  val_AUROC=0.959
[TGN] Restart check: val_bestMCC=0.867 (>=0.975? False)  gap_width=0.0000 (>=0.01? False)
[TGN] Max restarts (2) reached. Proceeding with global best (val_bestMCC=0.870).
[TGN] Global best restored: epoch=120  val_bestMCC=0.870  val_AUROC=0.962
[TGN] Optimal theta_FS = 0.458  (val_MCC=0.870  theta_plateau=0.458  gap=N/A  method=plateau_mid [no val separation gap])

[TGN] Test  MCC=0.891  AUROC=0.970  ACC=0.957  TP=285 TN=837 FP=16 FN=34
[TGN] Test variant classifier (TTW/BSHH/ME)  ACC=0.590  F1_macro=0.662  n=1172
[TGN] Wall-clock training time: 1600.8s (26.68 min)
[TGN] Weights saved to 'sweep_5seeds/tgn_weights_seed1_pw6_5.bin'  (1076264 bytes, dim=128 layers=2)

[TGN] Complete.  Deploy with (use the SAME simTime/N_Vehicles/mobility_scenario
                 as the data generation runs to avoid train/eval mismatch):
  ./waf --run "scratch/routing --simTime=<N> --N_Vehicles=<N> \
               --mobility_scenario=<N> --maxspeed=<N> \
               --attack_scenario=1 --tgn_weights=sweep_5seeds/tgn_weights_seed1_pw6_5.bin \
               --tgn_theta=0.46 --tgn_l_link=43.0"
  # Also pass: --tgn_dim=128 --tgn_layers=2
