[TGN] Seed fixed: 1
[TGN] L_link=43.0s  gamma=310.2  W_max=430
[TGN] Loaded 7751 rows from '../training_data/sim60_ap60_3seeds_events.csv'
      Attack events: 2089  Benign events: 5662
[TGN] After BEACON filter: 7751 rows

[TGN] Events per attack_scenario:
        scenario  1:   891 events (149 attack, 742 benign)
        scenario  2:  1520 events (52 attack, 1468 benign)
        scenario  3:   815 events (163 attack, 652 benign)
        scenario  4:   800 events (160 attack, 640 benign)
        scenario  5:   431 events (67 attack, 364 benign)
        scenario  6:  1188 events (136 attack, 1052 benign)
        scenario  7:   652 events (326 attack, 326 benign)
        scenario  8:   632 events (316 attack, 316 benign)
        scenario  9:     6 events (0 attack, 6 benign)
        scenario 10:    60 events (0 attack, 60 benign)
        scenario 11:   384 events (360 attack, 24 benign)
        scenario 12:   372 events (360 attack, 12 benign)
[TGN] Device: cuda
       train:  5417 events  (1458 attack, 3959 benign)
       val  :  1162 events  (312 attack, 850 benign)
       test :  1172 events  (319 attack, 853 benign)
       pos_weight = 6.00  (3959 benign / 1458 attack in train)  [override]

[TGN] Training attempt 1/2: dim=192 layers=2 epochs=200 lr=0.002 theta=-1.0

  Epoch   20/200  loss=0.7657  bce=0.6018  gap=0.550  mrgn=0.000  val_MCC@0.5=0.485  val_bestMCC=0.773  (θ=0.744)  val_AUROC=0.857  val_ACC=0.747  TP=256 TN=612 FP=238 FN=56
  Epoch   40/200  loss=0.5761  bce=0.4263  gap=0.720  mrgn=0.000  val_MCC@0.5=0.715  val_bestMCC=0.837  (θ=0.726)  val_AUROC=0.928  val_ACC=0.878  TP=274 TN=746 FP=104 FN=38
  Epoch   60/200  loss=0.2657  bce=0.1461  gap=0.879  mrgn=0.000  val_MCC@0.5=0.834  val_bestMCC=0.860  (θ=0.644)  val_AUROC=0.960  val_ACC=0.935  TP=276 TN=810 FP=40 FN=36
  Epoch   80/200  loss=0.1487  bce=0.0540  gap=0.954  mrgn=0.000  val_MCC@0.5=0.869  val_bestMCC=0.879  (θ=0.258)  val_AUROC=0.961  val_ACC=0.949  TP=274 TN=829 FP=21 FN=38
  Epoch  100/200  loss=0.1110  bce=0.0256  gap=0.976  mrgn=0.000  val_MCC@0.5=0.878  val_bestMCC=0.887  (θ=0.310)  val_AUROC=0.963  val_ACC=0.953  TP=277 TN=830 FP=20 FN=35
  Epoch  120/200  loss=0.0857  bce=0.0083  gap=0.992  mrgn=0.000  val_MCC@0.5=0.876  val_bestMCC=0.890  (θ=0.271)  val_AUROC=0.966  val_ACC=0.952  TP=276 TN=830 FP=20 FN=36
  Epoch  140/200  loss=0.0782  bce=0.0056  gap=0.994  mrgn=0.000  val_MCC@0.5=0.874  val_bestMCC=0.890  (θ=0.268)  val_AUROC=0.966  val_ACC=0.951  TP=275 TN=830 FP=20 FN=37
  Epoch  160/200  loss=0.0747  bce=0.0046  gap=0.995  mrgn=0.000  val_MCC@0.5=0.874  val_bestMCC=0.888  (θ=0.162)  val_AUROC=0.966  val_ACC=0.951  TP=275 TN=830 FP=20 FN=37
  Epoch  180/200  loss=0.0734  bce=0.0043  gap=0.995  mrgn=0.000  val_MCC@0.5=0.869  val_bestMCC=0.888  (θ=0.157)  val_AUROC=0.966  val_ACC=0.949  TP=273 TN=830 FP=20 FN=39
  Epoch  200/200  loss=0.0732  bce=0.0043  gap=0.995  mrgn=0.000  val_MCC@0.5=0.869  val_bestMCC=0.888  (θ=0.156)  val_AUROC=0.966  val_ACC=0.949  TP=273 TN=830 FP=20 FN=39

[TGN] Best checkpoint: epoch=120  val_bestMCC=0.890  val_AUROC=0.966
[TGN] Restart check: val_bestMCC=0.890 (>=0.975? False)  gap_width=0.0000 (>=0.01? False)

[TGN] Restart 1/1 — val_bestMCC=0.890 < target=0.975. Re-initialising model.
       pos_weight = 6.00  (3959 benign / 1458 attack in train)  [override]

[TGN] Training attempt 2/2: dim=192 layers=2 epochs=200 lr=0.002 theta=-1.0

  Epoch   20/200  loss=0.7986  bce=0.6389  gap=0.510  mrgn=0.000  val_MCC@0.5=0.477  val_bestMCC=0.767  (θ=0.794)  val_AUROC=0.824  val_ACC=0.756  TP=242 TN=637 FP=213 FN=70
  Epoch   40/200  loss=0.3786  bce=0.2482  gap=0.785  mrgn=0.000  val_MCC@0.5=0.801  val_bestMCC=0.818  (θ=0.732)  val_AUROC=0.934  val_ACC=0.923  TP=263 TN=809 FP=41 FN=49
  Epoch   60/200  loss=0.2001  bce=0.0902  gap=0.921  mrgn=0.000  val_MCC@0.5=0.867  val_bestMCC=0.871  (θ=0.533)  val_AUROC=0.956  val_ACC=0.948  TP=273 TN=829 FP=21 FN=39
  Epoch   80/200  loss=0.1142  bce=0.0227  gap=0.978  mrgn=0.000  val_MCC@0.5=0.864  val_bestMCC=0.871  (θ=0.404)  val_AUROC=0.954  val_ACC=0.948  TP=271 TN=830 FP=20 FN=41
  Epoch  100/200  loss=0.0896  bce=0.0095  gap=0.991  mrgn=0.000  val_MCC@0.5=0.855  val_bestMCC=0.867  (θ=0.283)  val_AUROC=0.951  val_ACC=0.944  TP=266 TN=831 FP=19 FN=46
  Epoch  120/200  loss=0.0782  bce=0.0053  gap=0.995  mrgn=0.000  val_MCC@0.5=0.857  val_bestMCC=0.869  (θ=0.227)  val_AUROC=0.954  val_ACC=0.945  TP=267 TN=831 FP=19 FN=45
  Epoch  140/200  loss=0.0727  bce=0.0040  gap=0.996  mrgn=0.000  val_MCC@0.5=0.855  val_bestMCC=0.871  (θ=0.296)  val_AUROC=0.954  val_ACC=0.944  TP=266 TN=831 FP=19 FN=46
  Epoch  160/200  loss=0.0702  bce=0.0034  gap=0.996  mrgn=0.000  val_MCC@0.5=0.855  val_bestMCC=0.869  (θ=0.181)  val_AUROC=0.955  val_ACC=0.944  TP=266 TN=831 FP=19 FN=46
  Epoch  180/200  loss=0.0692  bce=0.0033  gap=0.996  mrgn=0.000  val_MCC@0.5=0.855  val_bestMCC=0.869  (θ=0.175)  val_AUROC=0.955  val_ACC=0.944  TP=266 TN=831 FP=19 FN=46
  Epoch  200/200  loss=0.0690  bce=0.0032  gap=0.997  mrgn=0.000  val_MCC@0.5=0.855  val_bestMCC=0.869  (θ=0.174)  val_AUROC=0.955  val_ACC=0.944  TP=266 TN=831 FP=19 FN=46

[TGN] Best checkpoint: epoch=80  val_bestMCC=0.871  val_AUROC=0.954
[TGN] Restart check: val_bestMCC=0.871 (>=0.975? False)  gap_width=0.0000 (>=0.01? False)
[TGN] Max restarts (2) reached. Proceeding with global best (val_bestMCC=0.890).
[TGN] Global best restored: epoch=120  val_bestMCC=0.890  val_AUROC=0.966
[TGN] Optimal theta_FS = 0.286  (val_MCC=0.890  theta_plateau=0.286  gap=N/A  method=plateau_mid [no val separation gap])

[TGN] Test  MCC=0.898  AUROC=0.964  ACC=0.960  TP=275 TN=850 FP=3 FN=44
[TGN] Test variant classifier (TTW/BSHH/ME)  ACC=0.639  F1_macro=0.708  n=1172
[TGN] Wall-clock training time: 1315.6s (21.93 min)
[TGN] Weights saved to 'sweep_5seeds/tgn_weights_dim192_lr002_seed1.bin'  (2400808 bytes, dim=192 layers=2)

[TGN] Complete.  Deploy with (use the SAME simTime/N_Vehicles/mobility_scenario
                 as the data generation runs to avoid train/eval mismatch):
  ./waf --run "scratch/routing --simTime=<N> --N_Vehicles=<N> \
               --mobility_scenario=<N> --maxspeed=<N> \
               --attack_scenario=1 --tgn_weights=sweep_5seeds/tgn_weights_dim192_lr002_seed1.bin \
               --tgn_theta=0.29 --tgn_l_link=43.0"
  # Also pass: --tgn_dim=192 --tgn_layers=2
