[TGN] Seed fixed: 3
[TGN] L_link=43.0s  gamma=310.2  W_max=430
[TGN] Loaded 7751 rows from '../training_data/sim60_ap60_3seeds_events.csv'
      Attack events: 2089  Benign events: 5662
[TGN] After BEACON filter: 7751 rows

[TGN] Events per attack_scenario:
        scenario  1:   891 events (149 attack, 742 benign)
        scenario  2:  1520 events (52 attack, 1468 benign)
        scenario  3:   815 events (163 attack, 652 benign)
        scenario  4:   800 events (160 attack, 640 benign)
        scenario  5:   431 events (67 attack, 364 benign)
        scenario  6:  1188 events (136 attack, 1052 benign)
        scenario  7:   652 events (326 attack, 326 benign)
        scenario  8:   632 events (316 attack, 316 benign)
        scenario  9:     6 events (0 attack, 6 benign)
        scenario 10:    60 events (0 attack, 60 benign)
        scenario 11:   384 events (360 attack, 24 benign)
        scenario 12:   372 events (360 attack, 12 benign)
[TGN] Device: cuda
       train:  5417 events  (1458 attack, 3959 benign)
       val  :  1162 events  (312 attack, 850 benign)
       test :  1172 events  (319 attack, 853 benign)
       pos_weight = 6.00  (3959 benign / 1458 attack in train)  [override]

[TGN] Training attempt 1/2: dim=192 layers=2 epochs=200 lr=0.002 theta=-1.0

  Epoch   20/200  loss=0.8270  bce=0.6708  gap=0.506  mrgn=0.000  val_MCC@0.5=0.403  val_bestMCC=0.761  (θ=0.808)  val_AUROC=0.814  val_ACC=0.703  TP=242 TN=575 FP=275 FN=70
  Epoch   40/200  loss=0.5395  bce=0.3917  gap=0.770  mrgn=0.000  val_MCC@0.5=0.749  val_bestMCC=0.802  (θ=0.697)  val_AUROC=0.880  val_ACC=0.904  TP=242 TN=808 FP=42 FN=70
  Epoch   60/200  loss=0.2049  bce=0.0957  gap=0.917  mrgn=0.000  val_MCC@0.5=0.867  val_bestMCC=0.872  (θ=0.508)  val_AUROC=0.957  val_ACC=0.948  TP=277 TN=825 FP=25 FN=35
  Epoch   80/200  loss=0.1660  bce=0.0705  gap=0.946  mrgn=0.000  val_MCC@0.5=0.867  val_bestMCC=0.879  (θ=0.213)  val_AUROC=0.961  val_ACC=0.948  TP=272 TN=830 FP=20 FN=40
  Epoch  100/200  loss=0.1006  bce=0.0180  gap=0.983  mrgn=0.000  val_MCC@0.5=0.869  val_bestMCC=0.887  (θ=0.112)  val_AUROC=0.961  val_ACC=0.949  TP=274 TN=829 FP=21 FN=38
  Epoch  120/200  loss=0.0840  bce=0.0087  gap=0.992  mrgn=0.000  val_MCC@0.5=0.869  val_bestMCC=0.881  (θ=0.268)  val_AUROC=0.962  val_ACC=0.949  TP=275 TN=828 FP=22 FN=37
  Epoch  140/200  loss=0.0766  bce=0.0059  gap=0.994  mrgn=0.000  val_MCC@0.5=0.869  val_bestMCC=0.881  (θ=0.270)  val_AUROC=0.962  val_ACC=0.949  TP=275 TN=828 FP=22 FN=37
  Epoch  160/200  loss=0.0734  bce=0.0049  gap=0.995  mrgn=0.000  val_MCC@0.5=0.865  val_bestMCC=0.881  (θ=0.272)  val_AUROC=0.962  val_ACC=0.948  TP=273 TN=828 FP=22 FN=39
  Epoch  180/200  loss=0.0721  bce=0.0046  gap=0.995  mrgn=0.000  val_MCC@0.5=0.862  val_bestMCC=0.881  (θ=0.203)  val_AUROC=0.962  val_ACC=0.947  TP=273 TN=827 FP=23 FN=39
  Epoch  200/200  loss=0.0719  bce=0.0045  gap=0.995  mrgn=0.000  val_MCC@0.5=0.862  val_bestMCC=0.881  (θ=0.203)  val_AUROC=0.962  val_ACC=0.947  TP=273 TN=827 FP=23 FN=39

[TGN] Best checkpoint: epoch=100  val_bestMCC=0.887  val_AUROC=0.961
[TGN] Restart check: val_bestMCC=0.887 (>=0.975? False)  gap_width=0.0000 (>=0.01? False)

[TGN] Restart 1/1 — val_bestMCC=0.887 < target=0.975. Re-initialising model.
       pos_weight = 6.00  (3959 benign / 1458 attack in train)  [override]

[TGN] Training attempt 2/2: dim=192 layers=2 epochs=200 lr=0.002 theta=-1.0

  Epoch   20/200  loss=0.7758  bce=0.6240  gap=0.525  mrgn=0.000  val_MCC@0.5=0.454  val_bestMCC=0.768  (θ=0.732)  val_AUROC=0.816  val_ACC=0.743  TP=240 TN=623 FP=227 FN=72
  Epoch   40/200  loss=0.5345  bce=0.3964  gap=0.770  mrgn=0.000  val_MCC@0.5=0.757  val_bestMCC=0.802  (θ=0.688)  val_AUROC=0.894  val_ACC=0.907  TP=241 TN=813 FP=37 FN=71
  Epoch   60/200  loss=0.2133  bce=0.0963  gap=0.924  mrgn=0.000  val_MCC@0.5=0.849  val_bestMCC=0.853  (θ=0.545)  val_AUROC=0.957  val_ACC=0.941  TP=268 TN=826 FP=24 FN=44
  Epoch   80/200  loss=0.1342  bce=0.0359  gap=0.973  mrgn=0.000  val_MCC@0.5=0.864  val_bestMCC=0.881  (θ=0.248)  val_AUROC=0.956  val_ACC=0.948  TP=270 TN=831 FP=19 FN=42
  Epoch  100/200  loss=0.0966  bce=0.0124  gap=0.988  mrgn=0.000  val_MCC@0.5=0.869  val_bestMCC=0.878  (θ=0.348)  val_AUROC=0.962  val_ACC=0.949  TP=274 TN=829 FP=21 FN=38
  Epoch  120/200  loss=0.0819  bce=0.0062  gap=0.994  mrgn=0.000  val_MCC@0.5=0.869  val_bestMCC=0.879  (θ=0.197)  val_AUROC=0.961  val_ACC=0.949  TP=274 TN=829 FP=21 FN=38
  Epoch  140/200  loss=0.0753  bce=0.0044  gap=0.995  mrgn=0.000  val_MCC@0.5=0.867  val_bestMCC=0.879  (θ=0.221)  val_AUROC=0.960  val_ACC=0.948  TP=271 TN=831 FP=19 FN=41
  Epoch  160/200  loss=0.0722  bce=0.0037  gap=0.996  mrgn=0.000  val_MCC@0.5=0.869  val_bestMCC=0.881  (θ=0.244)  val_AUROC=0.959  val_ACC=0.949  TP=272 TN=831 FP=19 FN=40
  Epoch  180/200  loss=0.0710  bce=0.0035  gap=0.996  mrgn=0.000  val_MCC@0.5=0.869  val_bestMCC=0.881  (θ=0.243)  val_AUROC=0.959  val_ACC=0.949  TP=272 TN=831 FP=19 FN=40
  Epoch  200/200  loss=0.0708  bce=0.0034  gap=0.996  mrgn=0.000  val_MCC@0.5=0.869  val_bestMCC=0.881  (θ=0.243)  val_AUROC=0.959  val_ACC=0.949  TP=272 TN=831 FP=19 FN=40

[TGN] Best checkpoint: epoch=80  val_bestMCC=0.881  val_AUROC=0.956
[TGN] Restart check: val_bestMCC=0.881 (>=0.975? False)  gap_width=0.0000 (>=0.01? False)
[TGN] Max restarts (2) reached. Proceeding with global best (val_bestMCC=0.887).
[TGN] Global best restored: epoch=100  val_bestMCC=0.887  val_AUROC=0.961
[TGN] Optimal theta_FS = 0.114  (val_MCC=0.887  theta_plateau=0.114  gap=N/A  method=plateau_mid [no val separation gap])

[TGN] Test  MCC=0.893  AUROC=0.957  ACC=0.958  TP=285 TN=838 FP=15 FN=34
[TGN] Test variant classifier (TTW/BSHH/ME)  ACC=0.598  F1_macro=0.669  n=1172
[TGN] Wall-clock training time: 1323.1s (22.05 min)
[TGN] Weights saved to 'sweep_5seeds/tgn_weights_dim192_lr002_seed3.bin'  (2400808 bytes, dim=192 layers=2)

[TGN] Complete.  Deploy with (use the SAME simTime/N_Vehicles/mobility_scenario
                 as the data generation runs to avoid train/eval mismatch):
  ./waf --run "scratch/routing --simTime=<N> --N_Vehicles=<N> \
               --mobility_scenario=<N> --maxspeed=<N> \
               --attack_scenario=1 --tgn_weights=sweep_5seeds/tgn_weights_dim192_lr002_seed3.bin \
               --tgn_theta=0.11 --tgn_l_link=43.0"
  # Also pass: --tgn_dim=192 --tgn_layers=2
