[TGN] Seed fixed: 5
[TGN] L_link=43.0s  gamma=310.2  W_max=430
[TGN] Loaded 7751 rows from '../training_data/sim60_ap60_3seeds_events.csv'
      Attack events: 2089  Benign events: 5662
[TGN] After BEACON filter: 7751 rows

[TGN] Events per attack_scenario:
        scenario  1:   891 events (149 attack, 742 benign)
        scenario  2:  1520 events (52 attack, 1468 benign)
        scenario  3:   815 events (163 attack, 652 benign)
        scenario  4:   800 events (160 attack, 640 benign)
        scenario  5:   431 events (67 attack, 364 benign)
        scenario  6:  1188 events (136 attack, 1052 benign)
        scenario  7:   652 events (326 attack, 326 benign)
        scenario  8:   632 events (316 attack, 316 benign)
        scenario  9:     6 events (0 attack, 6 benign)
        scenario 10:    60 events (0 attack, 60 benign)
        scenario 11:   384 events (360 attack, 24 benign)
        scenario 12:   372 events (360 attack, 12 benign)
[TGN] Device: cuda
       train:  5417 events  (1458 attack, 3959 benign)
       val  :  1162 events  (312 attack, 850 benign)
       test :  1172 events  (319 attack, 853 benign)
       pos_weight = 6.00  (3959 benign / 1458 attack in train)  [override]

[TGN] Training attempt 1/2: dim=192 layers=2 epochs=200 lr=0.001 theta=-1.0

  Epoch   20/200  loss=0.9356  bce=0.7699  gap=0.438  mrgn=0.000  val_MCC@0.5=0.376  val_bestMCC=0.743  (θ=0.802)  val_AUROC=0.812  val_ACC=0.672  TP=249 TN=532 FP=318 FN=63
  Epoch   40/200  loss=0.5965  bce=0.4505  gap=0.633  mrgn=0.000  val_MCC@0.5=0.672  val_bestMCC=0.781  (θ=0.718)  val_AUROC=0.868  val_ACC=0.868  TP=246 TN=763 FP=87 FN=66
  Epoch   60/200  loss=0.3595  bce=0.2308  gap=0.804  mrgn=0.000  val_MCC@0.5=0.798  val_bestMCC=0.852  (θ=0.674)  val_AUROC=0.940  val_ACC=0.921  TP=264 TN=806 FP=44 FN=48
  Epoch   80/200  loss=0.2418  bce=0.1232  gap=0.891  mrgn=0.000  val_MCC@0.5=0.838  val_bestMCC=0.866  (θ=0.614)  val_AUROC=0.949  val_ACC=0.937  TP=269 TN=820 FP=30 FN=43
  Epoch  100/200  loss=0.1792  bce=0.0692  gap=0.941  mrgn=0.000  val_MCC@0.5=0.867  val_bestMCC=0.873  (θ=0.511)  val_AUROC=0.953  val_ACC=0.948  TP=271 TN=831 FP=19 FN=41
  Epoch  120/200  loss=0.1462  bce=0.0456  gap=0.961  mrgn=0.000  val_MCC@0.5=0.864  val_bestMCC=0.871  (θ=0.416)  val_AUROC=0.954  val_ACC=0.948  TP=268 TN=833 FP=17 FN=44
  Epoch  140/200  loss=0.1277  bce=0.0327  gap=0.970  mrgn=0.000  val_MCC@0.5=0.864  val_bestMCC=0.869  (θ=0.361)  val_AUROC=0.954  val_ACC=0.948  TP=268 TN=833 FP=17 FN=44
  Epoch  160/200  loss=0.1172  bce=0.0260  gap=0.975  mrgn=0.000  val_MCC@0.5=0.862  val_bestMCC=0.864  (θ=0.366)  val_AUROC=0.952  val_ACC=0.947  TP=267 TN=833 FP=17 FN=45
  Epoch  180/200  loss=0.1135  bce=0.0238  gap=0.977  mrgn=0.000  val_MCC@0.5=0.857  val_bestMCC=0.862  (θ=0.376)  val_AUROC=0.952  val_ACC=0.945  TP=265 TN=833 FP=17 FN=47
  Epoch  200/200  loss=0.1129  bce=0.0235  gap=0.977  mrgn=0.000  val_MCC@0.5=0.857  val_bestMCC=0.862  (θ=0.379)  val_AUROC=0.952  val_ACC=0.945  TP=265 TN=833 FP=17 FN=47

[TGN] Best checkpoint: epoch=100  val_bestMCC=0.873  val_AUROC=0.953
[TGN] Restart check: val_bestMCC=0.873 (>=0.975? False)  gap_width=0.0000 (>=0.01? False)

[TGN] Restart 1/1 — val_bestMCC=0.873 < target=0.975. Re-initialising model.
       pos_weight = 6.00  (3959 benign / 1458 attack in train)  [override]

[TGN] Training attempt 2/2: dim=192 layers=2 epochs=200 lr=0.001 theta=-1.0

  Epoch   20/200  loss=0.9471  bce=0.7802  gap=0.405  mrgn=0.000  val_MCC@0.5=0.388  val_bestMCC=0.737  (θ=0.808)  val_AUROC=0.848  val_ACC=0.657  TP=266 TN=497 FP=353 FN=46
  Epoch   40/200  loss=0.7295  bce=0.5869  gap=0.564  mrgn=0.000  val_MCC@0.5=0.608  val_bestMCC=0.777  (θ=0.736)  val_AUROC=0.841  val_ACC=0.839  TP=238 TN=737 FP=113 FN=74
  Epoch   60/200  loss=0.4616  bce=0.3298  gap=0.748  mrgn=0.000  val_MCC@0.5=0.774  val_bestMCC=0.820  (θ=0.739)  val_AUROC=0.923  val_ACC=0.910  TP=264 TN=794 FP=56 FN=48
  Epoch   80/200  loss=0.2713  bce=0.1536  gap=0.866  mrgn=0.000  val_MCC@0.5=0.820  val_bestMCC=0.876  (θ=0.659)  val_AUROC=0.962  val_ACC=0.929  TP=271 TN=809 FP=41 FN=41
  Epoch  100/200  loss=0.1744  bce=0.0707  gap=0.938  mrgn=0.000  val_MCC@0.5=0.845  val_bestMCC=0.875  (θ=0.538)  val_AUROC=0.961  val_ACC=0.940  TP=272 TN=820 FP=30 FN=40
  Epoch  120/200  loss=0.1362  bce=0.0430  gap=0.961  mrgn=0.000  val_MCC@0.5=0.878  val_bestMCC=0.878  (θ=0.464)  val_AUROC=0.965  val_ACC=0.953  TP=274 TN=833 FP=17 FN=38
  Epoch  140/200  loss=0.1165  bce=0.0299  gap=0.972  mrgn=0.000  val_MCC@0.5=0.876  val_bestMCC=0.880  (θ=0.405)  val_AUROC=0.964  val_ACC=0.952  TP=274 TN=832 FP=18 FN=38
  Epoch  160/200  loss=0.1079  bce=0.0245  gap=0.976  mrgn=0.000  val_MCC@0.5=0.876  val_bestMCC=0.880  (θ=0.383)  val_AUROC=0.963  val_ACC=0.952  TP=274 TN=832 FP=18 FN=38
  Epoch  180/200  loss=0.1049  bce=0.0227  gap=0.978  mrgn=0.000  val_MCC@0.5=0.873  val_bestMCC=0.880  (θ=0.374)  val_AUROC=0.963  val_ACC=0.951  TP=273 TN=832 FP=18 FN=39
  Epoch  200/200  loss=0.1044  bce=0.0224  gap=0.978  mrgn=0.000  val_MCC@0.5=0.873  val_bestMCC=0.880  (θ=0.373)  val_AUROC=0.963  val_ACC=0.951  TP=273 TN=832 FP=18 FN=39

[TGN] Best checkpoint: epoch=140  val_bestMCC=0.880  val_AUROC=0.964
[TGN] Restart check: val_bestMCC=0.880 (>=0.975? False)  gap_width=0.0000 (>=0.01? False)
[TGN] Max restarts (2) reached. Proceeding with global best (val_bestMCC=0.880).
[TGN] Global best restored: epoch=140  val_bestMCC=0.880  val_AUROC=0.964
[TGN] Optimal theta_FS = 0.428  (val_MCC=0.880  theta_plateau=0.428  gap=N/A  method=plateau_mid [no val separation gap])

[TGN] Test  MCC=0.902  AUROC=0.973  ACC=0.962  TP=281 TN=846 FP=7 FN=38
[TGN] Test variant classifier (TTW/BSHH/ME)  ACC=0.610  F1_macro=0.678  n=1172
[TGN] Wall-clock training time: 1816.2s (30.27 min)
[TGN] Weights saved to 'sweep_5seeds/tgn_weights_dim192_pw6_seed5.bin'  (2400808 bytes, dim=192 layers=2)

[TGN] Complete.  Deploy with (use the SAME simTime/N_Vehicles/mobility_scenario
                 as the data generation runs to avoid train/eval mismatch):
  ./waf --run "scratch/routing --simTime=<N> --N_Vehicles=<N> \
               --mobility_scenario=<N> --maxspeed=<N> \
               --attack_scenario=1 --tgn_weights=sweep_5seeds/tgn_weights_dim192_pw6_seed5.bin \
               --tgn_theta=0.43 --tgn_l_link=43.0"
  # Also pass: --tgn_dim=192 --tgn_layers=2
