[TGN] Seed fixed: 4
[TGN] L_link=43.0s  gamma=310.2  W_max=430
[TGN] Loaded 7751 rows from '../training_data/sim60_ap60_3seeds_events.csv'
      Attack events: 2089  Benign events: 5662
[TGN] After BEACON filter: 7751 rows

[TGN] Events per attack_scenario:
        scenario  1:   891 events (149 attack, 742 benign)
        scenario  2:  1520 events (52 attack, 1468 benign)
        scenario  3:   815 events (163 attack, 652 benign)
        scenario  4:   800 events (160 attack, 640 benign)
        scenario  5:   431 events (67 attack, 364 benign)
        scenario  6:  1188 events (136 attack, 1052 benign)
        scenario  7:   652 events (326 attack, 326 benign)
        scenario  8:   632 events (316 attack, 316 benign)
        scenario  9:     6 events (0 attack, 6 benign)
        scenario 10:    60 events (0 attack, 60 benign)
        scenario 11:   384 events (360 attack, 24 benign)
        scenario 12:   372 events (360 attack, 12 benign)
[TGN] Device: cuda
       train:  5417 events  (1458 attack, 3959 benign)
       val  :  1162 events  (312 attack, 850 benign)
       test :  1172 events  (319 attack, 853 benign)
       pos_weight = 7.00  (3959 benign / 1458 attack in train)  [override]

[TGN] Training attempt 1/5: dim=192 layers=2 epochs=200 lr=0.001 theta=-1.0

  Epoch   20/200  loss=1.0960  bce=0.8297  gap=0.408  mrgn=0.000  val_MCC@0.5=0.380  val_bestMCC=0.722  (θ=0.781)  val_AUROC=0.834  val_ACC=0.665  TP=256 TN=517 FP=333 FN=56
  Epoch   40/200  loss=0.7031  bce=0.4865  gap=0.620  mrgn=0.000  val_MCC@0.5=0.627  val_bestMCC=0.806  (θ=0.721)  val_AUROC=0.903  val_ACC=0.834  TP=264 TN=705 FP=145 FN=48
  Epoch   60/200  loss=0.5239  bce=0.3215  gap=0.755  mrgn=0.000  val_MCC@0.5=0.778  val_bestMCC=0.817  (θ=0.706)  val_AUROC=0.920  val_ACC=0.914  TP=256 TN=806 FP=44 FN=56
  Epoch   80/200  loss=0.3548  bce=0.1775  gap=0.853  mrgn=0.000  val_MCC@0.5=0.828  val_bestMCC=0.873  (θ=0.612)  val_AUROC=0.959  val_ACC=0.932  TP=276 TN=807 FP=43 FN=36
  Epoch  100/200  loss=0.2397  bce=0.0879  gap=0.929  mrgn=0.000  val_MCC@0.5=0.865  val_bestMCC=0.867  (θ=0.522)  val_AUROC=0.955  val_ACC=0.948  TP=273 TN=828 FP=22 FN=39
  Epoch  120/200  loss=0.1891  bce=0.0525  gap=0.955  mrgn=0.000  val_MCC@0.5=0.860  val_bestMCC=0.869  (θ=0.444)  val_AUROC=0.957  val_ACC=0.946  TP=269 TN=830 FP=20 FN=43
  Epoch  140/200  loss=0.1725  bce=0.0406  gap=0.964  mrgn=0.000  val_MCC@0.5=0.860  val_bestMCC=0.867  (θ=0.418)  val_AUROC=0.958  val_ACC=0.946  TP=269 TN=830 FP=20 FN=43
  Epoch  160/200  loss=0.1651  bce=0.0364  gap=0.965  mrgn=0.000  val_MCC@0.5=0.851  val_bestMCC=0.865  (θ=0.384)  val_AUROC=0.956  val_ACC=0.942  TP=265 TN=830 FP=20 FN=47
  Epoch  180/200  loss=0.1602  bce=0.0333  gap=0.969  mrgn=0.000  val_MCC@0.5=0.851  val_bestMCC=0.865  (θ=0.383)  val_AUROC=0.956  val_ACC=0.942  TP=265 TN=830 FP=20 FN=47
  Epoch  200/200  loss=0.1594  bce=0.0328  gap=0.969  mrgn=0.000  val_MCC@0.5=0.851  val_bestMCC=0.862  (θ=0.363)  val_AUROC=0.956  val_ACC=0.942  TP=265 TN=830 FP=20 FN=47

[TGN] Best checkpoint: epoch=80  val_bestMCC=0.873  val_AUROC=0.959
[TGN] Restart check: val_bestMCC=0.873 (>=0.975? False)  gap_width=0.0000 (>=0.01? False)

[TGN] Restart 1/4 — val_bestMCC=0.873 < target=0.975. Re-initialising model.
       pos_weight = 7.00  (3959 benign / 1458 attack in train)  [override]

[TGN] Training attempt 2/5: dim=192 layers=2 epochs=200 lr=0.001 theta=-1.0

  Epoch   20/200  loss=1.1482  bce=0.8763  gap=0.377  mrgn=0.000  val_MCC@0.5=0.487  val_bestMCC=0.664  (θ=0.819)  val_AUROC=0.849  val_ACC=0.749  TP=256 TN=614 FP=236 FN=56
  Epoch   40/200  loss=0.7482  bce=0.5334  gap=0.589  mrgn=0.000  val_MCC@0.5=0.574  val_bestMCC=0.775  (θ=0.703)  val_AUROC=0.854  val_ACC=0.815  TP=246 TN=701 FP=149 FN=66
  Epoch   60/200  loss=0.5199  bce=0.3307  gap=0.737  mrgn=0.000  val_MCC@0.5=0.780  val_bestMCC=0.813  (θ=0.649)  val_AUROC=0.907  val_ACC=0.916  TP=245 TN=819 FP=31 FN=67
  Epoch   80/200  loss=0.3393  bce=0.1657  gap=0.859  mrgn=0.000  val_MCC@0.5=0.819  val_bestMCC=0.852  (θ=0.566)  val_AUROC=0.930  val_ACC=0.930  TP=254 TN=827 FP=23 FN=58
  Epoch  100/200  loss=0.2277  bce=0.0779  gap=0.936  mrgn=0.000  val_MCC@0.5=0.846  val_bestMCC=0.848  (θ=0.490)  val_AUROC=0.936  val_ACC=0.941  TP=260 TN=833 FP=17 FN=52
  Epoch  120/200  loss=0.2047  bce=0.0612  gap=0.946  mrgn=0.000  val_MCC@0.5=0.846  val_bestMCC=0.849  (θ=0.395)  val_AUROC=0.938  val_ACC=0.941  TP=260 TN=833 FP=17 FN=52
  Epoch  140/200  loss=0.1872  bce=0.0474  gap=0.961  mrgn=0.000  val_MCC@0.5=0.846  val_bestMCC=0.851  (θ=0.444)  val_AUROC=0.940  val_ACC=0.941  TP=262 TN=831 FP=19 FN=50
  Epoch  160/200  loss=0.1720  bce=0.0379  gap=0.966  mrgn=0.000  val_MCC@0.5=0.844  val_bestMCC=0.848  (θ=0.456)  val_AUROC=0.940  val_ACC=0.940  TP=261 TN=831 FP=19 FN=51
  Epoch  180/200  loss=0.1669  bce=0.0347  gap=0.968  mrgn=0.000  val_MCC@0.5=0.848  val_bestMCC=0.851  (θ=0.482)  val_AUROC=0.941  val_ACC=0.941  TP=263 TN=831 FP=19 FN=49
  Epoch  200/200  loss=0.1661  bce=0.0342  gap=0.969  mrgn=0.000  val_MCC@0.5=0.848  val_bestMCC=0.851  (θ=0.478)  val_AUROC=0.941  val_ACC=0.941  TP=263 TN=831 FP=19 FN=49

[TGN] Best checkpoint: epoch=80  val_bestMCC=0.852  val_AUROC=0.930
[TGN] Restart check: val_bestMCC=0.852 (>=0.975? False)  gap_width=0.0000 (>=0.01? False)

[TGN] Restart 2/4 — val_bestMCC=0.852 < target=0.975. Re-initialising model.
       pos_weight = 7.00  (3959 benign / 1458 attack in train)  [override]

[TGN] Training attempt 3/5: dim=192 layers=2 epochs=200 lr=0.001 theta=-1.0

  Epoch   20/200  loss=1.1151  bce=0.8437  gap=0.403  mrgn=0.000  val_MCC@0.5=0.338  val_bestMCC=0.660  (θ=0.844)  val_AUROC=0.826  val_ACC=0.625  TP=259 TN=467 FP=383 FN=53
  Epoch   40/200  loss=0.7902  bce=0.5672  gap=0.573  mrgn=0.000  val_MCC@0.5=0.455  val_bestMCC=0.783  (θ=0.804)  val_AUROC=0.869  val_ACC=0.714  TP=264 TN=566 FP=284 FN=48
  Epoch   60/200  loss=0.5361  bce=0.3368  gap=0.778  mrgn=0.000  val_MCC@0.5=0.789  val_bestMCC=0.834  (θ=0.674)  val_AUROC=0.922  val_ACC=0.917  TP=263 TN=803 FP=47 FN=49
  Epoch   80/200  loss=0.3494  bce=0.1700  gap=0.859  mrgn=0.000  val_MCC@0.5=0.831  val_bestMCC=0.869  (θ=0.605)  val_AUROC=0.957  val_ACC=0.934  TP=272 TN=813 FP=37 FN=40
  Epoch  100/200  loss=0.2426  bce=0.0852  gap=0.929  mrgn=0.000  val_MCC@0.5=0.870  val_bestMCC=0.876  (θ=0.512)  val_AUROC=0.966  val_ACC=0.949  TP=277 TN=826 FP=24 FN=35
  Epoch  120/200  loss=0.1908  bce=0.0487  gap=0.956  mrgn=0.000  val_MCC@0.5=0.876  val_bestMCC=0.878  (θ=0.415)  val_AUROC=0.965  val_ACC=0.952  TP=276 TN=830 FP=20 FN=36
  Epoch  140/200  loss=0.1755  bce=0.0383  gap=0.968  mrgn=0.000  val_MCC@0.5=0.878  val_bestMCC=0.885  (θ=0.387)  val_AUROC=0.966  val_ACC=0.953  TP=277 TN=830 FP=20 FN=35
  Epoch  160/200  loss=0.1636  bce=0.0314  gap=0.972  mrgn=0.000  val_MCC@0.5=0.874  val_bestMCC=0.885  (θ=0.373)  val_AUROC=0.966  val_ACC=0.951  TP=275 TN=830 FP=20 FN=37
  Epoch  180/200  loss=0.1597  bce=0.0292  gap=0.973  mrgn=0.000  val_MCC@0.5=0.874  val_bestMCC=0.885  (θ=0.368)  val_AUROC=0.965  val_ACC=0.951  TP=275 TN=830 FP=20 FN=37
  Epoch  200/200  loss=0.1591  bce=0.0288  gap=0.974  mrgn=0.000  val_MCC@0.5=0.871  val_bestMCC=0.885  (θ=0.368)  val_AUROC=0.965  val_ACC=0.950  TP=274 TN=830 FP=20 FN=38

[TGN] Best checkpoint: epoch=140  val_bestMCC=0.885  val_AUROC=0.966
[TGN] Restart check: val_bestMCC=0.885 (>=0.975? False)  gap_width=0.0000 (>=0.01? False)

[TGN] Restart 3/4 — val_bestMCC=0.885 < target=0.975. Re-initialising model.
       pos_weight = 7.00  (3959 benign / 1458 attack in train)  [override]

[TGN] Training attempt 4/5: dim=192 layers=2 epochs=200 lr=0.001 theta=-1.0

  Epoch   20/200  loss=1.1299  bce=0.8604  gap=0.394  mrgn=0.000  val_MCC@0.5=0.347  val_bestMCC=0.677  (θ=0.815)  val_AUROC=0.828  val_ACC=0.642  TP=253 TN=493 FP=357 FN=59
  Epoch   40/200  loss=0.7494  bce=0.5327  gap=0.592  mrgn=0.000  val_MCC@0.5=0.511  val_bestMCC=0.766  (θ=0.761)  val_AUROC=0.843  val_ACC=0.775  TP=246 TN=655 FP=195 FN=66
  Epoch   60/200  loss=0.5479  bce=0.3492  gap=0.713  mrgn=0.000  val_MCC@0.5=0.763  val_bestMCC=0.817  (θ=0.722)  val_AUROC=0.914  val_ACC=0.906  TP=261 TN=792 FP=58 FN=51