[TGN] Seed fixed: 4
[TGN] L_link=43.0s  gamma=310.2  W_max=430
[TGN] Loaded 7751 rows from '../training_data/sim60_ap60_3seeds_events.csv'
      Attack events: 2089  Benign events: 5662
[TGN] After BEACON filter: 7751 rows

[TGN] Events per attack_scenario:
        scenario  1:   891 events (149 attack, 742 benign)
        scenario  2:  1520 events (52 attack, 1468 benign)
        scenario  3:   815 events (163 attack, 652 benign)
        scenario  4:   800 events (160 attack, 640 benign)
        scenario  5:   431 events (67 attack, 364 benign)
        scenario  6:  1188 events (136 attack, 1052 benign)
        scenario  7:   652 events (326 attack, 326 benign)
        scenario  8:   632 events (316 attack, 316 benign)
        scenario  9:     6 events (0 attack, 6 benign)
        scenario 10:    60 events (0 attack, 60 benign)
        scenario 11:   384 events (360 attack, 24 benign)
        scenario 12:   372 events (360 attack, 12 benign)
[TGN] Device: cuda
       train:  5417 events  (1458 attack, 3959 benign)
       val  :  1162 events  (312 attack, 850 benign)
       test :  1172 events  (319 attack, 853 benign)
       pos_weight = 6.00  (3959 benign / 1458 attack in train)  [override]

[TGN] Training attempt 1/2: dim=192 layers=2 epochs=200 lr=0.001 theta=-1.0

  Epoch   20/200  loss=0.9350  bce=0.7687  gap=0.429  mrgn=0.000  val_MCC@0.5=0.407  val_bestMCC=0.732  (θ=0.777)  val_AUROC=0.832  val_ACC=0.688  TP=255 TN=545 FP=305 FN=57
  Epoch   40/200  loss=0.5896  bce=0.4470  gap=0.630  mrgn=0.000  val_MCC@0.5=0.704  val_bestMCC=0.801  (θ=0.699)  val_AUROC=0.895  val_ACC=0.878  TP=262 TN=758 FP=92 FN=50
  Epoch   60/200  loss=0.3842  bce=0.2593  gap=0.781  mrgn=0.000  val_MCC@0.5=0.812  val_bestMCC=0.843  (θ=0.658)  val_AUROC=0.939  val_ACC=0.927  TP=265 TN=812 FP=38 FN=47
  Epoch   80/200  loss=0.2529  bce=0.1390  gap=0.878  mrgn=0.000  val_MCC@0.5=0.843  val_bestMCC=0.866  (θ=0.584)  val_AUROC=0.957  val_ACC=0.939  TP=271 TN=820 FP=30 FN=41
  Epoch  100/200  loss=0.1869  bce=0.0840  gap=0.924  mrgn=0.000  val_MCC@0.5=0.862  val_bestMCC=0.862  (θ=0.494)  val_AUROC=0.959  val_ACC=0.947  TP=271 TN=829 FP=21 FN=41
  Epoch  120/200  loss=0.1473  bce=0.0539  gap=0.949  mrgn=0.000  val_MCC@0.5=0.867  val_bestMCC=0.871  (θ=0.460)  val_AUROC=0.960  val_ACC=0.948  TP=272 TN=830 FP=20 FN=40
  Epoch  140/200  loss=0.1265  bce=0.0382  gap=0.963  mrgn=0.000  val_MCC@0.5=0.862  val_bestMCC=0.866  (θ=0.362)  val_AUROC=0.959  val_ACC=0.947  TP=270 TN=830 FP=20 FN=42
  Epoch  160/200  loss=0.1167  bce=0.0312  gap=0.969  mrgn=0.000  val_MCC@0.5=0.862  val_bestMCC=0.867  (θ=0.366)  val_AUROC=0.959  val_ACC=0.947  TP=270 TN=830 FP=20 FN=42
  Epoch  180/200  loss=0.1132  bce=0.0289  gap=0.972  mrgn=0.000  val_MCC@0.5=0.862  val_bestMCC=0.867  (θ=0.359)  val_AUROC=0.958  val_ACC=0.947  TP=271 TN=829 FP=21 FN=41
  Epoch  200/200  loss=0.1127  bce=0.0285  gap=0.972  mrgn=0.000  val_MCC@0.5=0.862  val_bestMCC=0.867  (θ=0.358)  val_AUROC=0.958  val_ACC=0.947  TP=271 TN=829 FP=21 FN=41

[TGN] Best checkpoint: epoch=120  val_bestMCC=0.871  val_AUROC=0.960
[TGN] Restart check: val_bestMCC=0.871 (>=0.975? False)  gap_width=0.0000 (>=0.01? False)

[TGN] Restart 1/1 — val_bestMCC=0.871 < target=0.975. Re-initialising model.
       pos_weight = 6.00  (3959 benign / 1458 attack in train)  [override]

[TGN] Training attempt 2/2: dim=192 layers=2 epochs=200 lr=0.001 theta=-1.0

  Epoch   20/200  loss=0.9666  bce=0.7969  gap=0.402  mrgn=0.000  val_MCC@0.5=0.487  val_bestMCC=0.682  (θ=0.831)  val_AUROC=0.838  val_ACC=0.758  TP=247 TN=634 FP=216 FN=65
  Epoch   40/200  loss=0.6045  bce=0.4660  gap=0.642  mrgn=0.000  val_MCC@0.5=0.631  val_bestMCC=0.783  (θ=0.703)  val_AUROC=0.877  val_ACC=0.845  TP=250 TN=732 FP=118 FN=62
  Epoch   60/200  loss=0.3756  bce=0.2557  gap=0.806  mrgn=0.000  val_MCC@0.5=0.789  val_bestMCC=0.815  (θ=0.657)  val_AUROC=0.922  val_ACC=0.919  TP=250 TN=818 FP=32 FN=62
  Epoch   80/200  loss=0.2350  bce=0.1273  gap=0.899  mrgn=0.000  val_MCC@0.5=0.808  val_bestMCC=0.837  (θ=0.533)  val_AUROC=0.937  val_ACC=0.926  TP=254 TN=822 FP=28 FN=58
  Epoch  100/200  loss=0.1642  bce=0.0660  gap=0.945  mrgn=0.000  val_MCC@0.5=0.832  val_bestMCC=0.842  (θ=0.402)  val_AUROC=0.941  val_ACC=0.935  TP=259 TN=828 FP=22 FN=53
  Epoch  120/200  loss=0.1313  bce=0.0417  gap=0.965  mrgn=0.000  val_MCC@0.5=0.830  val_bestMCC=0.842  (θ=0.393)  val_AUROC=0.941  val_ACC=0.935  TP=259 TN=827 FP=23 FN=53
  Epoch  140/200  loss=0.1125  bce=0.0279  gap=0.973  mrgn=0.000  val_MCC@0.5=0.830  val_bestMCC=0.838  (θ=0.285)  val_AUROC=0.940  val_ACC=0.935  TP=261 TN=825 FP=25 FN=51
  Epoch  160/200  loss=0.1048  bce=0.0228  gap=0.978  mrgn=0.000  val_MCC@0.5=0.828  val_bestMCC=0.836  (θ=0.248)  val_AUROC=0.939  val_ACC=0.934  TP=260 TN=825 FP=25 FN=52
  Epoch  180/200  loss=0.1021  bce=0.0211  gap=0.979  mrgn=0.000  val_MCC@0.5=0.826  val_bestMCC=0.836  (θ=0.240)  val_AUROC=0.938  val_ACC=0.933  TP=259 TN=825 FP=25 FN=53
  Epoch  200/200  loss=0.1017  bce=0.0208  gap=0.980  mrgn=0.000  val_MCC@0.5=0.826  val_bestMCC=0.836  (θ=0.239)  val_AUROC=0.938  val_ACC=0.933  TP=259 TN=825 FP=25 FN=53

[TGN] Best checkpoint: epoch=120  val_bestMCC=0.842  val_AUROC=0.941
[TGN] Restart check: val_bestMCC=0.842 (>=0.975? False)  gap_width=0.0000 (>=0.01? False)
[TGN] Max restarts (2) reached. Proceeding with global best (val_bestMCC=0.871).
[TGN] Global best restored: epoch=120  val_bestMCC=0.871  val_AUROC=0.960
[TGN] Optimal theta_FS = 0.461  (val_MCC=0.871  theta_plateau=0.461  gap=N/A  method=plateau_mid [no val separation gap])

[TGN] Test  MCC=0.891  AUROC=0.970  ACC=0.957  TP=276 TN=846 FP=7 FN=43
[TGN] Test variant classifier (TTW/BSHH/ME)  ACC=0.610  F1_macro=0.683  n=1172
[TGN] Wall-clock training time: 1605.4s (26.76 min)
[TGN] Weights saved to 'sweep_5seeds/tgn_weights_dim192_pw6_seed4.bin'  (2400808 bytes, dim=192 layers=2)

[TGN] Complete.  Deploy with (use the SAME simTime/N_Vehicles/mobility_scenario
                 as the data generation runs to avoid train/eval mismatch):
  ./waf --run "scratch/routing --simTime=<N> --N_Vehicles=<N> \
               --mobility_scenario=<N> --maxspeed=<N> \
               --attack_scenario=1 --tgn_weights=sweep_5seeds/tgn_weights_dim192_pw6_seed4.bin \
               --tgn_theta=0.46 --tgn_l_link=43.0"
  # Also pass: --tgn_dim=192 --tgn_layers=2
