[TGN] Seed fixed: 4
[TGN] L_link=43.0s  gamma=310.2  W_max=430
[TGN] Loaded 7751 rows from '../training_data/sim60_ap60_3seeds_events.csv'
      Attack events: 2089  Benign events: 5662
[TGN] After BEACON filter: 7751 rows

[TGN] Events per attack_scenario:
        scenario  1:   891 events (149 attack, 742 benign)
        scenario  2:  1520 events (52 attack, 1468 benign)
        scenario  3:   815 events (163 attack, 652 benign)
        scenario  4:   800 events (160 attack, 640 benign)
        scenario  5:   431 events (67 attack, 364 benign)
        scenario  6:  1188 events (136 attack, 1052 benign)
        scenario  7:   652 events (326 attack, 326 benign)
        scenario  8:   632 events (316 attack, 316 benign)
        scenario  9:     6 events (0 attack, 6 benign)
        scenario 10:    60 events (0 attack, 60 benign)
        scenario 11:   384 events (360 attack, 24 benign)
        scenario 12:   372 events (360 attack, 12 benign)
[TGN] Device: cuda
       train:  5417 events  (1458 attack, 3959 benign)
       val  :  1162 events  (312 attack, 850 benign)
       test :  1172 events  (319 attack, 853 benign)
       pos_weight = 6.00  (3959 benign / 1458 attack in train)  [override]

[TGN] Training attempt 1/5: dim=128 layers=2 epochs=200 lr=0.001 theta=-1.0

  Epoch   20/200  loss=1.4303  bce=1.0469  gap=0.239  mrgn=0.111  val_MCC@0.5=0.487  val_bestMCC=0.593  (θ=0.598)  val_AUROC=0.843  val_ACC=0.721  TP=278 TN=560 FP=290 FN=34
  Epoch   40/200  loss=0.8714  bce=0.6397  gap=0.502  mrgn=0.000  val_MCC@0.5=0.495  val_bestMCC=0.770  (θ=0.775)  val_AUROC=0.843  val_ACC=0.762  TP=249 TN=636 FP=214 FN=63
  Epoch   60/200  loss=0.6176  bce=0.4117  gap=0.666  mrgn=0.000  val_MCC@0.5=0.637  val_bestMCC=0.793  (θ=0.724)  val_AUROC=0.888  val_ACC=0.845  TP=256 TN=726 FP=124 FN=56
  Epoch   80/200  loss=0.4540  bce=0.2672  gap=0.774  mrgn=0.000  val_MCC@0.5=0.780  val_bestMCC=0.827  (θ=0.698)  val_AUROC=0.933  val_ACC=0.913  TP=264 TN=797 FP=53 FN=48
  Epoch  100/200  loss=0.3847  bce=0.2067  gap=0.865  mrgn=0.000  val_MCC@0.5=0.818  val_bestMCC=0.858  (θ=0.632)  val_AUROC=0.950  val_ACC=0.929  TP=269 TN=810 FP=40 FN=43
  Epoch  120/200  loss=0.2746  bce=0.1116  gap=0.898  mrgn=0.000  val_MCC@0.5=0.836  val_bestMCC=0.862  (θ=0.602)  val_AUROC=0.957  val_ACC=0.935  TP=274 TN=813 FP=37 FN=38
  Epoch  140/200  loss=0.2372  bce=0.0822  gap=0.927  mrgn=0.000  val_MCC@0.5=0.851  val_bestMCC=0.880  (θ=0.543)  val_AUROC=0.960  val_ACC=0.941  TP=277 TN=817 FP=33 FN=35
  Epoch  160/200  loss=0.2181  bce=0.0678  gap=0.938  mrgn=0.000  val_MCC@0.5=0.848  val_bestMCC=0.878  (θ=0.523)  val_AUROC=0.959  val_ACC=0.941  TP=276 TN=817 FP=33 FN=36
  Epoch  180/200  loss=0.2113  bce=0.0629  gap=0.943  mrgn=0.000  val_MCC@0.5=0.872  val_bestMCC=0.876  (θ=0.522)  val_AUROC=0.958  val_ACC=0.950  TP=277 TN=827 FP=23 FN=35
  Epoch  200/200  loss=0.2102  bce=0.0621  gap=0.943  mrgn=0.000  val_MCC@0.5=0.872  val_bestMCC=0.876  (θ=0.522)  val_AUROC=0.958  val_ACC=0.950  TP=277 TN=827 FP=23 FN=35

[TGN] Best checkpoint: epoch=140  val_bestMCC=0.880  val_AUROC=0.960
[TGN] Restart check: val_bestMCC=0.880 (>=0.975? False)  gap_width=0.0000 (>=0.01? False)

[TGN] Restart 1/4 — val_bestMCC=0.880 < target=0.975. Re-initialising model.
       pos_weight = 6.00  (3959 benign / 1458 attack in train)  [override]

[TGN] Training attempt 2/5: dim=128 layers=2 epochs=200 lr=0.001 theta=-1.0

  Epoch   20/200  loss=1.3761  bce=1.0378  gap=0.268  mrgn=0.082  val_MCC@0.5=0.510  val_bestMCC=0.625  (θ=0.576)  val_AUROC=0.860  val_ACC=0.748  TP=271 TN=598 FP=252 FN=41
  Epoch   40/200  loss=0.8371  bce=0.6084  gap=0.537  mrgn=0.000  val_MCC@0.5=0.466  val_bestMCC=0.777  (θ=0.750)  val_AUROC=0.846  val_ACC=0.739  TP=251 TN=608 FP=242 FN=61
  Epoch   60/200  loss=0.5767  bce=0.3698  gap=0.696  mrgn=0.000  val_MCC@0.5=0.694  val_bestMCC=0.804  (θ=0.731)  val_AUROC=0.893  val_ACC=0.877  TP=251 TN=768 FP=82 FN=61
  Epoch   80/200  loss=0.4329  bce=0.2371  gap=0.798  mrgn=0.000  val_MCC@0.5=0.819  val_bestMCC=0.868  (θ=0.721)  val_AUROC=0.953  val_ACC=0.928  TP=277 TN=801 FP=49 FN=35
  Epoch  100/200  loss=0.3014  bce=0.1259  gap=0.889  mrgn=0.000  val_MCC@0.5=0.856  val_bestMCC=0.889  (θ=0.629)  val_AUROC=0.969  val_ACC=0.943  TP=282 TN=814 FP=36 FN=30
  Epoch  120/200  loss=0.2401  bce=0.0794  gap=0.929  mrgn=0.000  val_MCC@0.5=0.863  val_bestMCC=0.887  (θ=0.581)  val_AUROC=0.973  val_ACC=0.946  TP=283 TN=816 FP=34 FN=29
  Epoch  140/200  loss=0.2112  bce=0.0598  gap=0.945  mrgn=0.000  val_MCC@0.5=0.883  val_bestMCC=0.892  (θ=0.530)  val_AUROC=0.975  val_ACC=0.954  TP=283 TN=826 FP=24 FN=29
  Epoch  160/200  loss=0.1983  bce=0.0516  gap=0.952  mrgn=0.000  val_MCC@0.5=0.892  val_bestMCC=0.894  (θ=0.608)  val_AUROC=0.975  val_ACC=0.958  TP=283 TN=830 FP=20 FN=29
  Epoch  180/200  loss=0.1937  bce=0.0487  gap=0.955  mrgn=0.000  val_MCC@0.5=0.887  val_bestMCC=0.894  (θ=0.615)  val_AUROC=0.975  val_ACC=0.956  TP=282 TN=829 FP=21 FN=30
  Epoch  200/200  loss=0.1929  bce=0.0482  gap=0.955  mrgn=0.000  val_MCC@0.5=0.887  val_bestMCC=0.894  (θ=0.616)  val_AUROC=0.975  val_ACC=0.956  TP=282 TN=829 FP=21 FN=30

[TGN] Best checkpoint: epoch=160  val_bestMCC=0.894  val_AUROC=0.975
[TGN] Restart check: val_bestMCC=0.894 (>=0.975? False)  gap_width=0.0000 (>=0.01? False)

[TGN] Restart 2/4 — val_bestMCC=0.894 < target=0.975. Re-initialising model.
       pos_weight = 6.00  (3959 benign / 1458 attack in train)  [override]

[TGN] Training attempt 3/5: dim=128 layers=2 epochs=200 lr=0.001 theta=-1.0

  Epoch   20/200  loss=1.4519  bce=1.0659  gap=0.228  mrgn=0.122  val_MCC@0.5=0.575  val_bestMCC=0.661  (θ=0.563)  val_AUROC=0.878  val_ACC=0.798  TP=268 TN=659 FP=191 FN=44
  Epoch   40/200  loss=0.8877  bce=0.6465  gap=0.489  mrgn=0.000  val_MCC@0.5=0.476  val_bestMCC=0.763  (θ=0.904)  val_AUROC=0.830  val_ACC=0.758  TP=240 TN=641 FP=209 FN=72
  Epoch   60/200  loss=0.6759  bce=0.4616  gap=0.614  mrgn=0.000  val_MCC@0.5=0.654  val_bestMCC=0.787  (θ=0.708)  val_AUROC=0.881  val_ACC=0.856  TP=252 TN=743 FP=107 FN=60
  Epoch   80/200  loss=0.4565  bce=0.2639  gap=0.768  mrgn=0.000  val_MCC@0.5=0.758  val_bestMCC=0.829  (θ=0.701)  val_AUROC=0.921  val_ACC=0.904  TP=259 TN=792 FP=58 FN=53
  Epoch  100/200  loss=0.3522  bce=0.1776  gap=0.855  mrgn=0.000  val_MCC@0.5=0.800  val_bestMCC=0.833  (θ=0.684)  val_AUROC=0.932  val_ACC=0.922  TP=264 TN=807 FP=43 FN=48
  Epoch  120/200  loss=0.2890  bce=0.1250  gap=0.893  mrgn=0.000  val_MCC@0.5=0.818  val_bestMCC=0.832  (θ=0.648)  val_AUROC=0.933  val_ACC=0.929  TP=264 TN=816 FP=34 FN=48
  Epoch  140/200  loss=0.2493  bce=0.0951  gap=0.916  mrgn=0.000  val_MCC@0.5=0.825  val_bestMCC=0.844  (θ=0.675)  val_AUROC=0.937  val_ACC=0.932  TP=267 TN=816 FP=34 FN=45
  Epoch  160/200  loss=0.2290  bce=0.0802  gap=0.927  mrgn=0.000  val_MCC@0.5=0.825  val_bestMCC=0.848  (θ=0.603)  val_AUROC=0.937  val_ACC=0.932  TP=266 TN=817 FP=33 FN=46
  Epoch  180/200  loss=0.2218  bce=0.0750  gap=0.931  mrgn=0.000  val_MCC@0.5=0.823  val_bestMCC=0.848  (θ=0.596)  val_AUROC=0.936  val_ACC=0.931  TP=266 TN=816 FP=34 FN=46
  Epoch  200/200  loss=0.2206  bce=0.0742  gap=0.932  mrgn=0.000  val_MCC@0.5=0.823  val_bestMCC=0.848  (θ=0.595)  val_AUROC=0.936  val_ACC=0.931  TP=266 TN=816 FP=34 FN=46

[TGN] Best checkpoint: epoch=160  val_bestMCC=0.848  val_AUROC=0.937
[TGN] Restart check: val_bestMCC=0.848 (>=0.975? False)  gap_width=0.0000 (>=0.01? False)

[TGN] Restart 3/4 — val_bestMCC=0.848 < target=0.975. Re-initialising model.
       pos_weight = 6.00  (3959 benign / 1458 attack in train)  [override]

[TGN] Training attempt 4/5: dim=128 layers=2 epochs=200 lr=0.001 theta=-1.0

  Epoch   20/200  loss=1.3210  bce=0.9949  gap=0.275  mrgn=0.075  val_MCC@0.5=0.437  val_bestMCC=0.590  (θ=0.645)  val_AUROC=0.842  val_ACC=0.685  TP=274 TN=522 FP=328 FN=38
  Epoch   40/200  loss=0.8437  bce=0.6090  gap=0.531  mrgn=0.000  val_MCC@0.5=0.374  val_bestMCC=0.771  (θ=0.812)  val_AUROC=0.839  val_ACC=0.664  TP=254 TN=517 FP=333 FN=58
  Epoch   60/200  loss=0.5847  bce=0.3843  gap=0.676  mrgn=0.000  val_MCC@0.5=0.649  val_bestMCC=0.785  (θ=0.734)  val_AUROC=0.865  val_ACC=0.856  TP=247 TN=748 FP=102 FN=65
  Epoch   80/200  loss=0.4753  bce=0.2781  gap=0.761  mrgn=0.000  val_MCC@0.5=0.791  val_bestMCC=0.811  (θ=0.739)  val_AUROC=0.922  val_ACC=0.918  TP=263 TN=804 FP=46 FN=49
  Epoch  100/200  loss=0.3346  bce=0.1615  gap=0.858  mrgn=0.000  val_MCC@0.5=0.804  val_bestMCC=0.840  (θ=0.713)  val_AUROC=0.944  val_ACC=0.923  TP=266 TN=807 FP=43 FN=46
  Epoch  120/200  loss=0.2538  bce=0.0976  gap=0.913  mrgn=0.000  val_MCC@0.5=0.836  val_bestMCC=0.846  (θ=0.698)  val_AUROC=0.951  val_ACC=0.936  TP=267 TN=821 FP=29 FN=45
  Epoch  140/200  loss=0.2160  bce=0.0700  gap=0.936  mrgn=0.000  val_MCC@0.5=0.840  val_bestMCC=0.862  (θ=0.613)  val_AUROC=0.952  val_ACC=0.938  TP=268 TN=822 FP=28 FN=44
  Epoch  160/200  loss=0.1996  bce=0.0587  gap=0.945  mrgn=0.000  val_MCC@0.5=0.840  val_bestMCC=0.866  (θ=0.593)  val_AUROC=0.951  val_ACC=0.938  TP=269 TN=821 FP=29 FN=43
  Epoch  180/200  loss=0.1938  bce=0.0547  gap=0.949  mrgn=0.000  val_MCC@0.5=0.843  val_bestMCC=0.869  (θ=0.598)  val_AUROC=0.951  val_ACC=0.939  TP=270 TN=821 FP=29 FN=42
  Epoch  200/200  loss=0.1928  bce=0.0541  gap=0.949  mrgn=0.000  val_MCC@0.5=0.843  val_bestMCC=0.871  (θ=0.593)  val_AUROC=0.951  val_ACC=0.939  TP=270 TN=821 FP=29 FN=42

[TGN] Best checkpoint: epoch=200  val_bestMCC=0.871  val_AUROC=0.951
[TGN] Restart check: val_bestMCC=0.871 (>=0.975? False)  gap_width=0.0000 (>=0.01? False)

[TGN] Restart 4/4 — val_bestMCC=0.871 < target=0.975. Re-initialising model.
       pos_weight = 6.00  (3959 benign / 1458 attack in train)  [override]

[TGN] Training attempt 5/5: dim=128 layers=2 epochs=200 lr=0.001 theta=-1.0

  Epoch   20/200  loss=1.3837  bce=1.0469  gap=0.235  mrgn=0.115  val_MCC@0.5=0.442  val_bestMCC=0.599  (θ=0.620)  val_AUROC=0.854  val_ACC=0.680  TP=280 TN=510 FP=340 FN=32
  Epoch   40/200  loss=0.8842  bce=0.6521  gap=0.508  mrgn=0.000  val_MCC@0.5=0.434  val_bestMCC=0.764  (θ=0.802)  val_AUROC=0.817  val_ACC=0.727  TP=241 TN=604 FP=246 FN=71
  Epoch   60/200  loss=0.6355  bce=0.4365  gap=0.641  mrgn=0.000  val_MCC@0.5=0.663  val_bestMCC=0.777  (θ=0.701)  val_AUROC=0.851  val_ACC=0.869  TP=230 TN=780 FP=70 FN=82
  Epoch   80/200  loss=0.4307  bce=0.2518  gap=0.790  mrgn=0.000  val_MCC@0.5=0.743  val_bestMCC=0.789  (θ=0.694)  val_AUROC=0.901  val_ACC=0.902  TP=236 TN=812 FP=38 FN=76
  Epoch  100/200  loss=0.3214  bce=0.1580  gap=0.869  mrgn=0.000  val_MCC@0.5=0.803  val_bestMCC=0.817  (θ=0.605)  val_AUROC=0.921  val_ACC=0.924  TP=250 TN=824 FP=26 FN=62
  Epoch  120/200  loss=0.2546  bce=0.1020  gap=0.913  mrgn=0.000  val_MCC@0.5=0.809  val_bestMCC=0.835  (θ=0.574)  val_AUROC=0.931  val_ACC=0.927  TP=251 TN=826 FP=24 FN=61
  Epoch  140/200  loss=0.2159  bce=0.0734  gap=0.934  mrgn=0.000  val_MCC@0.5=0.828  val_bestMCC=0.835  (θ=0.657)  val_AUROC=0.938  val_ACC=0.934  TP=253 TN=832 FP=18 FN=59
  Epoch  160/200  loss=0.1990  bce=0.0607  gap=0.945  mrgn=0.000  val_MCC@0.5=0.830  val_bestMCC=0.837  (θ=0.643)  val_AUROC=0.940  val_ACC=0.935  TP=254 TN=832 FP=18 FN=58
  Epoch  180/200  loss=0.1930  bce=0.0564  gap=0.948  mrgn=0.000  val_MCC@0.5=0.832  val_bestMCC=0.837  (θ=0.670)  val_AUROC=0.940  val_ACC=0.935  TP=254 TN=833 FP=17 FN=58
  Epoch  200/200  loss=0.1920  bce=0.0557  gap=0.949  mrgn=0.000  val_MCC@0.5=0.835  val_bestMCC=0.837  (θ=0.673)  val_AUROC=0.940  val_ACC=0.936  TP=255 TN=833 FP=17 FN=57

[TGN] Best checkpoint: epoch=160  val_bestMCC=0.837  val_AUROC=0.940
[TGN] Restart check: val_bestMCC=0.837 (>=0.975? False)  gap_width=0.0000 (>=0.01? False)
[TGN] Max restarts (5) reached. Proceeding with global best (val_bestMCC=0.894).
[TGN] Global best restored: epoch=160  val_bestMCC=0.894  val_AUROC=0.975
[TGN] Optimal theta_FS = 0.612  (val_MCC=0.894  theta_plateau=0.612  gap=N/A  method=plateau_mid [no val separation gap])

[TGN] Test  MCC=0.906  AUROC=0.974  ACC=0.963  TP=285 TN=844 FP=9 FN=34
[TGN] Test variant classifier (TTW/BSHH/ME)  ACC=0.583  F1_macro=0.631  n=1172
[TGN] Wall-clock training time: 3680.2s (61.34 min)
[TGN] Weights saved to 'sweep_5seeds/tgn_weights_seed4_pw6.bin'  (1076264 bytes, dim=128 layers=2)

[TGN] Complete.  Deploy with (use the SAME simTime/N_Vehicles/mobility_scenario
                 as the data generation runs to avoid train/eval mismatch):
  ./waf --run "scratch/routing --simTime=<N> --N_Vehicles=<N> \
               --mobility_scenario=<N> --maxspeed=<N> \
               --attack_scenario=1 --tgn_weights=sweep_5seeds/tgn_weights_seed4_pw6.bin \
               --tgn_theta=0.61 --tgn_l_link=43.0"
  # Also pass: --tgn_dim=128 --tgn_layers=2
