[TGN] Seed fixed: 3
[TGN] L_link=43.0s  gamma=310.2  W_max=430
[TGN] Loaded 7751 rows from '../training_data/sim60_ap60_3seeds_events.csv'
      Attack events: 2089  Benign events: 5662
[TGN] After BEACON filter: 7751 rows

[TGN] Events per attack_scenario:
        scenario  1:   891 events (149 attack, 742 benign)
        scenario  2:  1520 events (52 attack, 1468 benign)
        scenario  3:   815 events (163 attack, 652 benign)
        scenario  4:   800 events (160 attack, 640 benign)
        scenario  5:   431 events (67 attack, 364 benign)
        scenario  6:  1188 events (136 attack, 1052 benign)
        scenario  7:   652 events (326 attack, 326 benign)
        scenario  8:   632 events (316 attack, 316 benign)
        scenario  9:     6 events (0 attack, 6 benign)
        scenario 10:    60 events (0 attack, 60 benign)
        scenario 11:   384 events (360 attack, 24 benign)
        scenario 12:   372 events (360 attack, 12 benign)
[TGN] Device: cuda
       train:  5417 events  (1458 attack, 3959 benign)
       val  :  1162 events  (312 attack, 850 benign)
       test :  1172 events  (319 attack, 853 benign)
       pos_weight = 6.00  (3959 benign / 1458 attack in train)  [override]

[TGN] Training attempt 1/2: dim=192 layers=2 epochs=200 lr=0.0005 theta=-1.0

  Epoch   20/200  loss=1.4367  bce=1.1713  gap=0.212  mrgn=0.138  val_MCC@0.5=0.504  val_bestMCC=0.517  (θ=0.481)  val_AUROC=0.792  val_ACC=0.777  TP=239 TN=664 FP=186 FN=73
  Epoch   40/200  loss=0.8504  bce=0.6953  gap=0.489  mrgn=0.000  val_MCC@0.5=0.480  val_bestMCC=0.737  (θ=0.726)  val_AUROC=0.830  val_ACC=0.755  TP=246 TN=631 FP=219 FN=66
  Epoch   60/200  loss=0.6309  bce=0.4929  gap=0.602  mrgn=0.000  val_MCC@0.5=0.576  val_bestMCC=0.780  (θ=0.712)  val_AUROC=0.865  val_ACC=0.813  TP=250 TN=695 FP=155 FN=62
  Epoch   80/200  loss=0.5963  bce=0.4640  gap=0.690  mrgn=0.000  val_MCC@0.5=0.687  val_bestMCC=0.811  (θ=0.666)  val_AUROC=0.895  val_ACC=0.872  TP=256 TN=757 FP=93 FN=56
  Epoch  100/200  loss=0.4286  bce=0.3042  gap=0.745  mrgn=0.000  val_MCC@0.5=0.778  val_bestMCC=0.841  (θ=0.624)  val_AUROC=0.932  val_ACC=0.911  TP=267 TN=792 FP=58 FN=45
  Epoch  120/200  loss=0.3493  bce=0.2305  gap=0.805  mrgn=0.000  val_MCC@0.5=0.829  val_bestMCC=0.861  (θ=0.633)  val_AUROC=0.947  val_ACC=0.933  TP=272 TN=812 FP=38 FN=40
  Epoch  140/200  loss=0.3056  bce=0.1911  gap=0.835  mrgn=0.000  val_MCC@0.5=0.840  val_bestMCC=0.872  (θ=0.607)  val_AUROC=0.950  val_ACC=0.937  TP=274 TN=815 FP=35 FN=38
  Epoch  160/200  loss=0.2814  bce=0.1697  gap=0.850  mrgn=0.000  val_MCC@0.5=0.839  val_bestMCC=0.878  (θ=0.574)  val_AUROC=0.951  val_ACC=0.937  TP=273 TN=816 FP=34 FN=39
  Epoch  180/200  loss=0.2721  bce=0.1614  gap=0.857  mrgn=0.000  val_MCC@0.5=0.841  val_bestMCC=0.878  (θ=0.572)  val_AUROC=0.951  val_ACC=0.938  TP=273 TN=817 FP=33 FN=39
  Epoch  200/200  loss=0.2706  bce=0.1601  gap=0.858  mrgn=0.000  val_MCC@0.5=0.841  val_bestMCC=0.881  (θ=0.571)  val_AUROC=0.951  val_ACC=0.938  TP=273 TN=817 FP=33 FN=39

[TGN] Best checkpoint: epoch=200  val_bestMCC=0.881  val_AUROC=0.951
[TGN] Restart check: val_bestMCC=0.881 (>=0.975? False)  gap_width=0.0000 (>=0.01? False)

[TGN] Restart 1/1 — val_bestMCC=0.881 < target=0.975. Re-initialising model.
       pos_weight = 6.00  (3959 benign / 1458 attack in train)  [override]

[TGN] Training attempt 2/2: dim=192 layers=2 epochs=200 lr=0.0005 theta=-1.0

  Epoch   20/200  loss=1.4958  bce=1.2111  gap=0.179  mrgn=0.171  val_MCC@0.5=0.318  val_bestMCC=0.492  (θ=0.439)  val_AUROC=0.795  val_ACC=0.719  TP=172 TN=663 FP=187 FN=140
  Epoch   40/200  loss=0.8644  bce=0.7118  gap=0.470  mrgn=0.000  val_MCC@0.5=0.452  val_bestMCC=0.750  (θ=0.773)  val_AUROC=0.821  val_ACC=0.729  TP=251 TN=596 FP=254 FN=61
  Epoch   60/200  loss=0.7125  bce=0.5652  gap=0.562  mrgn=0.000  val_MCC@0.5=0.568  val_bestMCC=0.788  (θ=0.694)  val_AUROC=0.868  val_ACC=0.806  TP=254 TN=682 FP=168 FN=58
  Epoch   80/200  loss=0.5781  bce=0.4428  gap=0.651  mrgn=0.000  val_MCC@0.5=0.686  val_bestMCC=0.805  (θ=0.669)  val_AUROC=0.897  val_ACC=0.868  TP=262 TN=747 FP=103 FN=50
  Epoch  100/200  loss=0.4353  bce=0.3092  gap=0.745  mrgn=0.000  val_MCC@0.5=0.770  val_bestMCC=0.839  (θ=0.670)  val_AUROC=0.918  val_ACC=0.908  TP=267 TN=788 FP=62 FN=45
  Epoch  120/200  loss=0.3884  bce=0.2659  gap=0.807  mrgn=0.000  val_MCC@0.5=0.799  val_bestMCC=0.855  (θ=0.687)  val_AUROC=0.929  val_ACC=0.921  TP=268 TN=802 FP=48 FN=44
  Epoch  140/200  loss=0.3147  bce=0.1965  gap=0.829  mrgn=0.000  val_MCC@0.5=0.805  val_bestMCC=0.865  (θ=0.659)  val_AUROC=0.935  val_ACC=0.923  TP=268 TN=805 FP=45 FN=44
  Epoch  160/200  loss=0.2925  bce=0.1766  gap=0.845  mrgn=0.000  val_MCC@0.5=0.801  val_bestMCC=0.863  (θ=0.644)  val_AUROC=0.938  val_ACC=0.922  TP=267 TN=804 FP=46 FN=45
  Epoch  180/200  loss=0.2820  bce=0.1673  gap=0.852  mrgn=0.000  val_MCC@0.5=0.803  val_bestMCC=0.865  (θ=0.642)  val_AUROC=0.938  val_ACC=0.923  TP=268 TN=804 FP=46 FN=44
  Epoch  200/200  loss=0.2803  bce=0.1658  gap=0.853  mrgn=0.000  val_MCC@0.5=0.801  val_bestMCC=0.863  (θ=0.645)  val_AUROC=0.938  val_ACC=0.922  TP=268 TN=803 FP=47 FN=44

[TGN] Best checkpoint: epoch=140  val_bestMCC=0.865  val_AUROC=0.935
[TGN] Restart check: val_bestMCC=0.865 (>=0.975? False)  gap_width=0.0000 (>=0.01? False)
[TGN] Max restarts (2) reached. Proceeding with global best (val_bestMCC=0.881).
[TGN] Global best restored: epoch=200  val_bestMCC=0.881  val_AUROC=0.951
[TGN] Optimal theta_FS = 0.572  (val_MCC=0.881  theta_plateau=0.572  gap=N/A  method=plateau_mid [no val separation gap])

[TGN] Test  MCC=0.869  AUROC=0.946  ACC=0.949  TP=272 TN=840 FP=13 FN=47
[TGN] Test variant classifier (TTW/BSHH/ME)  ACC=0.603  F1_macro=0.671  n=1172
[TGN] Wall-clock training time: 2196.5s (36.61 min)
[TGN] Weights saved to 'sweep_5seeds/tgn_weights_dim192_lr0005_seed3.bin'  (2400808 bytes, dim=192 layers=2)

[TGN] Complete.  Deploy with (use the SAME simTime/N_Vehicles/mobility_scenario
                 as the data generation runs to avoid train/eval mismatch):
  ./waf --run "scratch/routing --simTime=<N> --N_Vehicles=<N> \
               --mobility_scenario=<N> --maxspeed=<N> \
               --attack_scenario=1 --tgn_weights=sweep_5seeds/tgn_weights_dim192_lr0005_seed3.bin \
               --tgn_theta=0.57 --tgn_l_link=43.0"
  # Also pass: --tgn_dim=192 --tgn_layers=2
