Traceback (most recent call last):
  File "/home/sdvn_echo_topology/ns-allinone-3.35/ns-3.35/./waf", line 169, in <module>
    from waflib import Scripting
  File "/home/sdvn_echo_topology/ns-allinone-3.35/ns-3.35/.waf3-2.0.21-c6c9a875365426e5928462b9b74d40b5/waflib/Scripting.py", line 7, in <module>
    from waflib import Utils,Configure,Logs,Options,ConfigSet,Context,Errors,Build,Node
  File "/home/sdvn_echo_topology/ns-allinone-3.35/ns-3.35/.waf3-2.0.21-c6c9a875365426e5928462b9b74d40b5/waflib/Configure.py", line 6, in <module>
    from waflib import ConfigSet,Utils,Options,Logs,Context,Build,Errors
  File "/home/sdvn_echo_topology/ns-allinone-3.35/ns-3.35/.waf3-2.0.21-c6c9a875365426e5928462b9b74d40b5/waflib/ConfigSet.py", line 6, in <module>
    from waflib import Logs,Utils
Traceback (most recent call last):
  File "/home/sdvn_echo_topology/ns-allinone-3.35/ns-3.35/./waf", line 169, in <module>
    from waflib import Scripting
  File "/home/sdvn_echo_topology/ns-allinone-3.35/ns-3.35/.waf3-2.0.21-c6c9a875365426e5928462b9b74d40b5/waflib/Scripting.py", line 7, in <module>
    from waflib import Utils,Configure,Logs,Options,ConfigSet,Context,Errors,Build,Node
  File "/home/sdvn_echo_topology/ns-allinone-3.35/ns-3.35/.waf3-2.0.21-c6c9a875365426e5928462b9b74d40b5/waflib/Configure.py", line 6, in <module>
    from waflib import ConfigSet,Utils,Options,Logs,Context,Build,Errors
  File "/home/sdvn_echo_topology/ns-allinone-3.35/ns-3.35/.waf3-2.0.21-c6c9a875365426e5928462b9b74d40b5/waflib/ConfigSet.py", line 6, in <module>
    from waflib import Logs,Utils
  File "/home/sdvn_echo_topology/ns-allinone-3.35/ns-3.35/.waf3-2.0.21-c6c9a875365426e5928462b9b74d40b5/waflib/Logs.py", line 6, in <module>
    from waflib import Utils,ansiterm
  File "/home/sdvn_echo_topology/ns-allinone-3.35/ns-3.35/.waf3-2.0.21-c6c9a875365426e5928462b9b74d40b5/waflib/ansiterm.py", line 9, in <module>
    from ctypes import Structure,windll,c_short,c_ushort,c_ulong,c_int,byref,c_wchar,POINTER,c_long
  File "/usr/lib/python3.13/ctypes/__init__.py", line 8, in <module>
    from _ctypes import Union, Structure, Array
KeyboardInterrupt
