[TGN] No seed fixed (--seed not passed) — runs are not reproducible.
[TGN] L_link=43.0s  gamma=310.2  W_max=430
[TGN] Loaded 2361 rows from '/home/sdvn_echo_topology/ns-allinone-3.35/ns-3.35/scratch/SDVN project /SDVN-Temporal-Attacks/training_data/all_events.csv'
      Attack events: 498  Benign events: 1863
[TGN] After BEACON filter: 2361 rows

[TGN] Events per attack_scenario:
        scenario  1:   390 events (52 attack, 338 benign)
        scenario  2:   513 events (12 attack, 501 benign)
        scenario  3:   185 events (37 attack, 148 benign)
        scenario  4:   170 events (34 attack, 136 benign)
        scenario  5:   193 events (22 attack, 171 benign)
        scenario  6:   422 events (35 attack, 387 benign)
        scenario  7:   148 events (74 attack, 74 benign)
        scenario  8:   144 events (72 attack, 72 benign)
        scenario  9:     2 events (0 attack, 2 benign)
        scenario 10:    18 events (0 attack, 18 benign)
        scenario 11:    88 events (80 attack, 8 benign)
        scenario 12:    88 events (80 attack, 8 benign)
[TGN] Device: cuda
       train:  1641 events  (344 attack, 1297 benign)
       val  :   354 events  (75 attack, 279 benign)
       test :   366 events  (79 attack, 287 benign)
       pos_weight = 3.77  (1297 benign / 344 attack in train)  [dynamic ratio]

[TGN] Training attempt 1/5: dim=64 layers=2 epochs=400 lr=0.001 theta=-1.0

  Epoch   40/400  loss=1.0101  bce=0.7481  gap=0.285  mrgn=0.065  val_MCC@0.5=0.641  val_bestMCC=0.732  (θ=0.595)  val_AUROC=0.883  val_ACC=0.873  TP=58 TN=251 FP=28 FN=17
  Epoch   80/400  loss=0.5086  bce=0.3349  gap=0.654  mrgn=0.000  val_MCC@0.5=0.774  val_bestMCC=0.862  (θ=0.525)  val_AUROC=0.952  val_ACC=0.921  TP=65 TN=261 FP=18 FN=10
  Epoch  120/400  loss=0.2597  bce=0.1087  gap=0.885  mrgn=0.000  val_MCC@0.5=0.906  val_bestMCC=0.914  (θ=0.430)  val_AUROC=0.945  val_ACC=0.969  TP=65 TN=278 FP=1 FN=10
  Epoch  160/400  loss=0.1831  bce=0.0520  gap=0.945  mrgn=0.000  val_MCC@0.5=0.906  val_bestMCC=0.906  (θ=0.380)  val_AUROC=0.938  val_ACC=0.969  TP=64 TN=279 FP=0 FN=11
  Epoch  200/400  loss=0.1504  bce=0.0315  gap=0.966  mrgn=0.000  val_MCC@0.5=0.862  val_bestMCC=0.890  (θ=0.109)  val_AUROC=0.941  val_ACC=0.955  TP=64 TN=274 FP=5 FN=11
  Epoch  240/400  loss=0.1340  bce=0.0226  gap=0.975  mrgn=0.000  val_MCC@0.5=0.862  val_bestMCC=0.890  (θ=0.079)  val_AUROC=0.941  val_ACC=0.955  TP=64 TN=274 FP=5 FN=11
  Epoch  280/400  loss=0.1253  bce=0.0185  gap=0.980  mrgn=0.000  val_MCC@0.5=0.853  val_bestMCC=0.890  (θ=0.068)  val_AUROC=0.942  val_ACC=0.952  TP=63 TN=274 FP=5 FN=12
  Epoch  320/400  loss=0.1210  bce=0.0167  gap=0.982  mrgn=0.000  val_MCC@0.5=0.862  val_bestMCC=0.890  (θ=0.062)  val_AUROC=0.942  val_ACC=0.955  TP=64 TN=274 FP=5 FN=11
  Epoch  360/400  loss=0.1193  bce=0.0160  gap=0.982  mrgn=0.000  val_MCC@0.5=0.870  val_bestMCC=0.890  (θ=0.061)  val_AUROC=0.942  val_ACC=0.958  TP=64 TN=275 FP=4 FN=11
  Epoch  400/400  loss=0.1191  bce=0.0159  gap=0.982  mrgn=0.000  val_MCC@0.5=0.870  val_bestMCC=0.890  (θ=0.060)  val_AUROC=0.942  val_ACC=0.958  TP=64 TN=275 FP=4 FN=11

[TGN] Best checkpoint: epoch=120  val_bestMCC=0.914  val_AUROC=0.945
[TGN] Restart check: val_bestMCC=0.914 (>=0.975? False)  gap_width=0.0000 (>=0.01? False)

[TGN] Restart 1/4 — val_bestMCC=0.914 < target=0.975. Re-initialising model.
       pos_weight = 3.77  (1297 benign / 344 attack in train)  [dynamic ratio]

[TGN] Training attempt 2/5: dim=64 layers=2 epochs=400 lr=0.001 theta=-1.0

  Epoch   40/400  loss=1.0658  bce=0.7879  gap=0.243  mrgn=0.107  val_MCC@0.5=0.640  val_bestMCC=0.723  (θ=0.569)  val_AUROC=0.872  val_ACC=0.870  TP=59 TN=249 FP=30 FN=16
  Epoch   80/400  loss=0.5256  bce=0.3428  gap=0.651  mrgn=0.000  val_MCC@0.5=0.757  val_bestMCC=0.845  (θ=0.693)  val_AUROC=0.920  val_ACC=0.915  TP=64 TN=260 FP=19 FN=11
  Epoch  120/400  loss=0.2572  bce=0.0956  gap=0.900  mrgn=0.000  val_MCC@0.5=0.906  val_bestMCC=0.906  (θ=0.399)  val_AUROC=0.922  val_ACC=0.969  TP=64 TN=279 FP=0 FN=11
  Epoch  160/400  loss=0.1809  bce=0.0455  gap=0.953  mrgn=0.000  val_MCC@0.5=0.889  val_bestMCC=0.915  (θ=0.205)  val_AUROC=0.922  val_ACC=0.963  TP=62 TN=279 FP=0 FN=13
  Epoch  200/400  loss=0.1508  bce=0.0295  gap=0.969  mrgn=0.000  val_MCC@0.5=0.880  val_bestMCC=0.915  (θ=0.140)  val_AUROC=0.931  val_ACC=0.960  TP=61 TN=279 FP=0 FN=14
  Epoch  240/400  loss=0.1350  bce=0.0219  gap=0.977  mrgn=0.000  val_MCC@0.5=0.880  val_bestMCC=0.923  (θ=0.105)  val_AUROC=0.932  val_ACC=0.960  TP=61 TN=279 FP=0 FN=14
  Epoch  280/400  loss=0.1265  bce=0.0181  gap=0.981  mrgn=0.000  val_MCC@0.5=0.880  val_bestMCC=0.923  (θ=0.129)  val_AUROC=0.933  val_ACC=0.960  TP=61 TN=279 FP=0 FN=14
  Epoch  320/400  loss=0.1222  bce=0.0163  gap=0.983  mrgn=0.000  val_MCC@0.5=0.889  val_bestMCC=0.915  (θ=0.173)  val_AUROC=0.934  val_ACC=0.963  TP=62 TN=279 FP=0 FN=13
  Epoch  360/400  loss=0.1206  bce=0.0157  gap=0.984  mrgn=0.000  val_MCC@0.5=0.889  val_bestMCC=0.915  (θ=0.190)  val_AUROC=0.934  val_ACC=0.963  TP=62 TN=279 FP=0 FN=13
  Epoch  400/400  loss=0.1204  bce=0.0156  gap=0.984  mrgn=0.000  val_MCC@0.5=0.889  val_bestMCC=0.915  (θ=0.193)  val_AUROC=0.934  val_ACC=0.963  TP=62 TN=279 FP=0 FN=13

[TGN] Best checkpoint: epoch=280  val_bestMCC=0.923  val_AUROC=0.933
[TGN] Restart check: val_bestMCC=0.923 (>=0.975? False)  gap_width=0.0000 (>=0.01? False)

[TGN] Restart 2/4 — val_bestMCC=0.923 < target=0.975. Re-initialising model.
       pos_weight = 3.77  (1297 benign / 344 attack in train)  [dynamic ratio]

[TGN] Training attempt 3/5: dim=64 layers=2 epochs=400 lr=0.001 theta=-1.0

  Epoch   40/400  loss=1.1210  bce=0.8189  gap=0.209  mrgn=0.141  val_MCC@0.5=0.680  val_bestMCC=0.783  (θ=0.521)  val_AUROC=0.910  val_ACC=0.887  TP=60 TN=254 FP=25 FN=15
  Epoch   80/400  loss=0.5445  bce=0.3628  gap=0.625  mrgn=0.000  val_MCC@0.5=0.735  val_bestMCC=0.825  (θ=0.576)  val_AUROC=0.948  val_ACC=0.904  TP=65 TN=255 FP=24 FN=10
  Epoch  120/400  loss=0.2669  bce=0.1066  gap=0.888  mrgn=0.000  val_MCC@0.5=0.871  val_bestMCC=0.872  (θ=0.381)  val_AUROC=0.934  val_ACC=0.958  TP=65 TN=274 FP=5 FN=10
  Epoch  160/400  loss=0.1889  bce=0.0503  gap=0.949  mrgn=0.000  val_MCC@0.5=0.862  val_bestMCC=0.872  (θ=0.185)  val_AUROC=0.932  val_ACC=0.955  TP=64 TN=274 FP=5 FN=11
  Epoch  200/400  loss=0.1555  bce=0.0311  gap=0.967  mrgn=0.000  val_MCC@0.5=0.844  val_bestMCC=0.881  (θ=0.120)  val_AUROC=0.942  val_ACC=0.949  TP=62 TN=274 FP=5 FN=13
  Epoch  240/400  loss=0.1379  bce=0.0226  gap=0.976  mrgn=0.000  val_MCC@0.5=0.835  val_bestMCC=0.881  (θ=0.094)  val_AUROC=0.944  val_ACC=0.946  TP=61 TN=274 FP=5 FN=14
  Epoch  280/400  loss=0.1286  bce=0.0187  gap=0.980  mrgn=0.000  val_MCC@0.5=0.844  val_bestMCC=0.881  (θ=0.082)  val_AUROC=0.944  val_ACC=0.949  TP=62 TN=274 FP=5 FN=13
  Epoch  320/400  loss=0.1240  bce=0.0169  gap=0.982  mrgn=0.000  val_MCC@0.5=0.844  val_bestMCC=0.881  (θ=0.076)  val_AUROC=0.944  val_ACC=0.949  TP=62 TN=274 FP=5 FN=13
  Epoch  360/400  loss=0.1222  bce=0.0162  gap=0.983  mrgn=0.000  val_MCC@0.5=0.844  val_bestMCC=0.881  (θ=0.074)  val_AUROC=0.944  val_ACC=0.949  TP=62 TN=274 FP=5 FN=13
  Epoch  400/400  loss=0.1220  bce=0.0161  gap=0.983  mrgn=0.000  val_MCC@0.5=0.844  val_bestMCC=0.882  (θ=0.073)  val_AUROC=0.944  val_ACC=0.949  TP=62 TN=274 FP=5 FN=13

[TGN] Best checkpoint: epoch=400  val_bestMCC=0.882  val_AUROC=0.944
[TGN] Restart check: val_bestMCC=0.882 (>=0.975? False)  gap_width=0.0000 (>=0.01? False)

[TGN] Restart 3/4 — val_bestMCC=0.882 < target=0.975. Re-initialising model.
       pos_weight = 3.77  (1297 benign / 344 attack in train)  [dynamic ratio]

[TGN] Training attempt 4/5: dim=64 layers=2 epochs=400 lr=0.001 theta=-1.0

  Epoch   40/400  loss=1.0231  bce=0.7623  gap=0.266  mrgn=0.084  val_MCC@0.5=0.676  val_bestMCC=0.761  (θ=0.569)  val_AUROC=0.912  val_ACC=0.881  TP=62 TN=250 FP=29 FN=13
  Epoch   80/400  loss=0.4582  bce=0.2867  gap=0.700  mrgn=0.000  val_MCC@0.5=0.804  val_bestMCC=0.879  (θ=0.529)  val_AUROC=0.959  val_ACC=0.932  TP=66 TN=264 FP=15 FN=9
  Epoch  120/400  loss=0.2277  bce=0.0835  gap=0.911  mrgn=0.000  val_MCC@0.5=0.906  val_bestMCC=0.906  (θ=0.312)  val_AUROC=0.950  val_ACC=0.969  TP=65 TN=278 FP=1 FN=10
  Epoch  160/400  loss=0.1625  bce=0.0371  gap=0.961  mrgn=0.000  val_MCC@0.5=0.879  val_bestMCC=0.914  (θ=0.145)  val_AUROC=0.947  val_ACC=0.960  TP=62 TN=278 FP=1 FN=13
  Epoch  200/400  loss=0.1364  bce=0.0224  gap=0.976  mrgn=0.000  val_MCC@0.5=0.879  val_bestMCC=0.914  (θ=0.115)  val_AUROC=0.946  val_ACC=0.960  TP=62 TN=278 FP=1 FN=13
  Epoch  240/400  loss=0.1220  bce=0.0163  gap=0.982  mrgn=0.000  val_MCC@0.5=0.888  val_bestMCC=0.914  (θ=0.083)  val_AUROC=0.950  val_ACC=0.963  TP=63 TN=278 FP=1 FN=12
  Epoch  280/400  loss=0.1136  bce=0.0134  gap=0.985  mrgn=0.000  val_MCC@0.5=0.888  val_bestMCC=0.914  (θ=0.067)  val_AUROC=0.950  val_ACC=0.963  TP=63 TN=278 FP=1 FN=12
  Epoch  320/400  loss=0.1096  bce=0.0121  gap=0.986  mrgn=0.000  val_MCC@0.5=0.888  val_bestMCC=0.914  (θ=0.064)  val_AUROC=0.950  val_ACC=0.963  TP=63 TN=278 FP=1 FN=12
  Epoch  360/400  loss=0.1081  bce=0.0116  gap=0.987  mrgn=0.000  val_MCC@0.5=0.888  val_bestMCC=0.914  (θ=0.062)  val_AUROC=0.951  val_ACC=0.963  TP=63 TN=278 FP=1 FN=12
  Epoch  400/400  loss=0.1078  bce=0.0115  gap=0.987  mrgn=0.000  val_MCC@0.5=0.888  val_bestMCC=0.914  (θ=0.062)  val_AUROC=0.951  val_ACC=0.963  TP=63 TN=278 FP=1 FN=12

[TGN] Best checkpoint: epoch=400  val_bestMCC=0.914  val_AUROC=0.951
[TGN] Restart check: val_bestMCC=0.914 (>=0.975? False)  gap_width=0.0000 (>=0.01? False)

[TGN] Restart 4/4 — val_bestMCC=0.914 < target=0.975. Re-initialising model.
       pos_weight = 3.77  (1297 benign / 344 attack in train)  [dynamic ratio]

[TGN] Training attempt 5/5: dim=64 layers=2 epochs=400 lr=0.001 theta=-1.0

  Epoch   40/400  loss=1.1290  bce=0.8389  gap=0.192  mrgn=0.158  val_MCC@0.5=0.666  val_bestMCC=0.773  (θ=0.529)  val_AUROC=0.917  val_ACC=0.879  TP=61 TN=250 FP=29 FN=14
  Epoch   80/400  loss=0.4970  bce=0.3187  gap=0.670  mrgn=0.000  val_MCC@0.5=0.801  val_bestMCC=0.871  (θ=0.599)  val_AUROC=0.927  val_ACC=0.932  TP=65 TN=265 FP=14 FN=10
  Epoch  120/400  loss=0.2452  bce=0.0870  gap=0.908  mrgn=0.000  val_MCC@0.5=0.870  val_bestMCC=0.906  (θ=0.550)  val_AUROC=0.922  val_ACC=0.958  TP=64 TN=275 FP=4 FN=11
  Epoch  160/400  loss=0.1806  bce=0.0448  gap=0.955  mrgn=0.000  val_MCC@0.5=0.870  val_bestMCC=0.879  (θ=0.168)  val_AUROC=0.932  val_ACC=0.958  TP=63 TN=276 FP=3 FN=12
  Epoch  200/400  loss=0.1533  bce=0.0303  gap=0.969  mrgn=0.000  val_MCC@0.5=0.861  val_bestMCC=0.889  (θ=0.108)  val_AUROC=0.942  val_ACC=0.955  TP=62 TN=276 FP=3 FN=13
  Epoch  240/400  loss=0.1380  bce=0.0230  gap=0.976  mrgn=0.000  val_MCC@0.5=0.861  val_bestMCC=0.889  (θ=0.081)  val_AUROC=0.944  val_ACC=0.955  TP=62 TN=276 FP=3 FN=13
  Epoch  280/400  loss=0.1291  bce=0.0193  gap=0.980  mrgn=0.000  val_MCC@0.5=0.861  val_bestMCC=0.889  (θ=0.071)  val_AUROC=0.949  val_ACC=0.955  TP=62 TN=276 FP=3 FN=13
  Epoch  320/400  loss=0.1245  bce=0.0174  gap=0.982  mrgn=0.000  val_MCC@0.5=0.861  val_bestMCC=0.880  (θ=0.066)  val_AUROC=0.948  val_ACC=0.955  TP=62 TN=276 FP=3 FN=13
  Epoch  360/400  loss=0.1228  bce=0.0168  gap=0.982  mrgn=0.000  val_MCC@0.5=0.861  val_bestMCC=0.880  (θ=0.070)  val_AUROC=0.948  val_ACC=0.955  TP=62 TN=276 FP=3 FN=13
  Epoch  400/400  loss=0.1225  bce=0.0166  gap=0.982  mrgn=0.000  val_MCC@0.5=0.861  val_bestMCC=0.880  (θ=0.070)  val_AUROC=0.948  val_ACC=0.955  TP=62 TN=276 FP=3 FN=13

[TGN] Best checkpoint: epoch=120  val_bestMCC=0.906  val_AUROC=0.922
[TGN] Restart check: val_bestMCC=0.906 (>=0.975? False)  gap_width=0.0000 (>=0.01? False)
[TGN] Max restarts (5) reached. Proceeding with global best (val_bestMCC=0.923).
[TGN] Global best restored: epoch=280  val_bestMCC=0.923  val_AUROC=0.933
[TGN] Optimal theta_FS = 0.132  (val_MCC=0.923  theta_plateau=0.132  gap=N/A  method=plateau_mid [no val separation gap])

[TGN] Test  MCC=0.818  AUROC=0.916  ACC=0.940  TP=65 TN=279 FP=8 FN=14
[TGN] Test variant classifier (TTW/BSHH/ME)  ACC=0.525  F1_macro=0.607  n=366
[TGN] Wall-clock training time: 1711.5s (28.52 min)
[TGN] Weights saved to 'tgn_weights_dim64.bin'  (276008 bytes, dim=64 layers=2)

[TGN] Complete.  Deploy with (use the SAME simTime/N_Vehicles/mobility_scenario
                 as the data generation runs to avoid train/eval mismatch):
  ./waf --run "scratch/routing --simTime=<N> --N_Vehicles=<N> \
               --mobility_scenario=<N> --maxspeed=<N> \
               --attack_scenario=1 --tgn_weights=tgn_weights_dim64.bin \
               --tgn_theta=0.13 --tgn_l_link=43.0"
  # Also pass: --tgn_dim=64 --tgn_layers=2
