[TGN] Seed fixed: 3
[TGN] L_link=43.0s  gamma=310.2  W_max=430
[TGN] Loaded 2361 rows from '/home/sdvn_echo_topology/ns-allinone-3.35/ns-3.35/scratch/SDVN project /SDVN-Temporal-Attacks/training_data/all_events.csv'
      Attack events: 498  Benign events: 1863
[TGN] After BEACON filter: 2361 rows

[TGN] Events per attack_scenario:
        scenario  1:   390 events (52 attack, 338 benign)
        scenario  2:   513 events (12 attack, 501 benign)
        scenario  3:   185 events (37 attack, 148 benign)
        scenario  4:   170 events (34 attack, 136 benign)
        scenario  5:   193 events (22 attack, 171 benign)
        scenario  6:   422 events (35 attack, 387 benign)
        scenario  7:   148 events (74 attack, 74 benign)
        scenario  8:   144 events (72 attack, 72 benign)
        scenario  9:     2 events (0 attack, 2 benign)
        scenario 10:    18 events (0 attack, 18 benign)
        scenario 11:    88 events (80 attack, 8 benign)
        scenario 12:    88 events (80 attack, 8 benign)
[TGN] Device: cuda
       train:  1641 events  (344 attack, 1297 benign)
       val  :   354 events  (75 attack, 279 benign)
       test :   366 events  (79 attack, 287 benign)
       pos_weight = 6.00  (1297 benign / 344 attack in train)  [override]

[TGN] Training attempt 1/5: dim=128 layers=2 epochs=400 lr=0.001 theta=-1.0

  Epoch   40/400  loss=0.8618  bce=0.6637  gap=0.444  mrgn=0.000  val_MCC@0.5=0.538  val_bestMCC=0.780  (θ=0.698)  val_AUROC=0.917  val_ACC=0.774  TP=68 TN=206 FP=73 FN=7
  Epoch   80/400  loss=0.2859  bce=0.1242  gap=0.887  mrgn=0.000  val_MCC@0.5=0.897  val_bestMCC=0.906  (θ=0.663)  val_AUROC=0.929  val_ACC=0.966  TP=65 TN=277 FP=2 FN=10
  Epoch  120/400  loss=0.1661  bce=0.0384  gap=0.967  mrgn=0.000  val_MCC@0.5=0.870  val_bestMCC=0.879  (θ=0.734)  val_AUROC=0.926  val_ACC=0.958  TP=63 TN=276 FP=3 FN=12
  Epoch  160/400  loss=0.1299  bce=0.0199  gap=0.982  mrgn=0.000  val_MCC@0.5=0.844  val_bestMCC=0.871  (θ=0.977)  val_AUROC=0.929  val_ACC=0.949  TP=63 TN=273 FP=6 FN=12
  Epoch  200/400  loss=0.1127  bce=0.0129  gap=0.989  mrgn=0.000  val_MCC@0.5=0.853  val_bestMCC=0.873  (θ=0.054)  val_AUROC=0.934  val_ACC=0.952  TP=63 TN=274 FP=5 FN=12
  Epoch  240/400  loss=0.1027  bce=0.0097  gap=0.991  mrgn=0.000  val_MCC@0.5=0.853  val_bestMCC=0.880  (θ=0.047)  val_AUROC=0.935  val_ACC=0.952  TP=63 TN=274 FP=5 FN=12
  Epoch  280/400  loss=0.0970  bce=0.0080  gap=0.993  mrgn=0.000  val_MCC@0.5=0.844  val_bestMCC=0.880  (θ=0.045)  val_AUROC=0.936  val_ACC=0.949  TP=62 TN=274 FP=5 FN=13
  Epoch  320/400  loss=0.0941  bce=0.0072  gap=0.993  mrgn=0.000  val_MCC@0.5=0.844  val_bestMCC=0.889  (θ=0.044)  val_AUROC=0.936  val_ACC=0.949  TP=62 TN=274 FP=5 FN=13
  Epoch  360/400  loss=0.0929  bce=0.0069  gap=0.993  mrgn=0.000  val_MCC@0.5=0.844  val_bestMCC=0.889  (θ=0.044)  val_AUROC=0.936  val_ACC=0.949  TP=62 TN=274 FP=5 FN=13
  Epoch  400/400  loss=0.0928  bce=0.0069  gap=0.994  mrgn=0.000  val_MCC@0.5=0.844  val_bestMCC=0.889  (θ=0.044)  val_AUROC=0.936  val_ACC=0.949  TP=62 TN=274 FP=5 FN=13

[TGN] Best checkpoint: epoch=80  val_bestMCC=0.906  val_AUROC=0.929
[TGN] Restart check: val_bestMCC=0.906 (>=0.975? False)  gap_width=0.0000 (>=0.01? False)

[TGN] Restart 1/4 — val_bestMCC=0.906 < target=0.975. Re-initialising model.
       pos_weight = 6.00  (1297 benign / 344 attack in train)  [override]

[TGN] Training attempt 2/5: dim=128 layers=2 epochs=400 lr=0.001 theta=-1.0

  Epoch   40/400  loss=0.8632  bce=0.6727  gap=0.436  mrgn=0.000  val_MCC@0.5=0.557  val_bestMCC=0.809  (θ=0.728)  val_AUROC=0.923  val_ACC=0.788  TP=68 TN=211 FP=68 FN=7
  Epoch   80/400  loss=0.2733  bce=0.1159  gap=0.898  mrgn=0.000  val_MCC@0.5=0.897  val_bestMCC=0.905  (θ=0.301)  val_AUROC=0.943  val_ACC=0.966  TP=64 TN=278 FP=1 FN=11
  Epoch  120/400  loss=0.1621  bce=0.0370  gap=0.969  mrgn=0.000  val_MCC@0.5=0.852  val_bestMCC=0.880  (θ=0.115)  val_AUROC=0.937  val_ACC=0.952  TP=62 TN=275 FP=4 FN=13
  Epoch  160/400  loss=0.1284  bce=0.0199  gap=0.983  mrgn=0.000  val_MCC@0.5=0.843  val_bestMCC=0.872  (θ=0.034)  val_AUROC=0.942  val_ACC=0.949  TP=61 TN=275 FP=4 FN=14
  Epoch  200/400  loss=0.1105  bce=0.0125  gap=0.989  mrgn=0.000  val_MCC@0.5=0.843  val_bestMCC=0.872  (θ=0.023)  val_AUROC=0.931  val_ACC=0.949  TP=61 TN=275 FP=4 FN=14
  Epoch  240/400  loss=0.1000  bce=0.0089  gap=0.992  mrgn=0.000  val_MCC@0.5=0.852  val_bestMCC=0.872  (θ=0.018)  val_AUROC=0.927  val_ACC=0.952  TP=62 TN=275 FP=4 FN=13
  Epoch  280/400  loss=0.0941  bce=0.0071  gap=0.993  mrgn=0.000  val_MCC@0.5=0.852  val_bestMCC=0.872  (θ=0.016)  val_AUROC=0.926  val_ACC=0.952  TP=62 TN=275 FP=4 FN=13
  Epoch  320/400  loss=0.0911  bce=0.0063  gap=0.994  mrgn=0.000  val_MCC@0.5=0.852  val_bestMCC=0.872  (θ=0.015)  val_AUROC=0.922  val_ACC=0.952  TP=62 TN=275 FP=4 FN=13
  Epoch  360/400  loss=0.0899  bce=0.0060  gap=0.994  mrgn=0.000  val_MCC@0.5=0.852  val_bestMCC=0.872  (θ=0.015)  val_AUROC=0.922  val_ACC=0.952  TP=62 TN=275 FP=4 FN=13
  Epoch  400/400  loss=0.0897  bce=0.0059  gap=0.994  mrgn=0.000  val_MCC@0.5=0.852  val_bestMCC=0.872  (θ=0.015)  val_AUROC=0.922  val_ACC=0.952  TP=62 TN=275 FP=4 FN=13

[TGN] Best checkpoint: epoch=80  val_bestMCC=0.905  val_AUROC=0.943
[TGN] Restart check: val_bestMCC=0.905 (>=0.975? False)  gap_width=0.0000 (>=0.01? False)

[TGN] Restart 2/4 — val_bestMCC=0.905 < target=0.975. Re-initialising model.
       pos_weight = 6.00  (1297 benign / 344 attack in train)  [override]

[TGN] Training attempt 3/5: dim=128 layers=2 epochs=400 lr=0.001 theta=-1.0

  Epoch   40/400  loss=0.8855  bce=0.6929  gap=0.423  mrgn=0.000  val_MCC@0.5=0.528  val_bestMCC=0.773  (θ=0.831)  val_AUROC=0.915  val_ACC=0.760  TP=69 TN=200 FP=79 FN=6
  Epoch   80/400  loss=0.3029  bce=0.1459  gap=0.866  mrgn=0.000  val_MCC@0.5=0.897  val_bestMCC=0.905  (θ=0.342)  val_AUROC=0.948  val_ACC=0.966  TP=66 TN=276 FP=3 FN=9
  Epoch  120/400  loss=0.1607  bce=0.0409  gap=0.966  mrgn=0.000  val_MCC@0.5=0.897  val_bestMCC=0.906  (θ=0.574)  val_AUROC=0.947  val_ACC=0.966  TP=65 TN=277 FP=2 FN=10
  Epoch  160/400  loss=0.1249  bce=0.0218  gap=0.981  mrgn=0.000  val_MCC@0.5=0.905  val_bestMCC=0.905  (θ=0.480)  val_AUROC=0.947  val_ACC=0.969  TP=66 TN=277 FP=2 FN=9
  Epoch  200/400  loss=0.1088  bce=0.0144  gap=0.987  mrgn=0.000  val_MCC@0.5=0.888  val_bestMCC=0.897  (θ=0.346)  val_AUROC=0.947  val_ACC=0.963  TP=66 TN=275 FP=4 FN=9
  Epoch  240/400  loss=0.0998  bce=0.0106  gap=0.990  mrgn=0.000  val_MCC@0.5=0.888  val_bestMCC=0.897  (θ=0.758)  val_AUROC=0.946  val_ACC=0.963  TP=66 TN=275 FP=4 FN=9
  Epoch  280/400  loss=0.0948  bce=0.0086  gap=0.992  mrgn=0.000  val_MCC@0.5=0.888  val_bestMCC=0.897  (θ=0.378)  val_AUROC=0.946  val_ACC=0.963  TP=66 TN=275 FP=4 FN=9
  Epoch  320/400  loss=0.0923  bce=0.0077  gap=0.993  mrgn=0.000  val_MCC@0.5=0.888  val_bestMCC=0.897  (θ=0.433)  val_AUROC=0.946  val_ACC=0.963  TP=66 TN=275 FP=4 FN=9
  Epoch  360/400  loss=0.0913  bce=0.0074  gap=0.993  mrgn=0.000  val_MCC@0.5=0.888  val_bestMCC=0.897  (θ=0.449)  val_AUROC=0.946  val_ACC=0.963  TP=66 TN=275 FP=4 FN=9
  Epoch  400/400  loss=0.0912  bce=0.0073  gap=0.993  mrgn=0.000  val_MCC@0.5=0.888  val_bestMCC=0.897  (θ=0.451)  val_AUROC=0.946  val_ACC=0.963  TP=66 TN=275 FP=4 FN=9

[TGN] Best checkpoint: epoch=120  val_bestMCC=0.906  val_AUROC=0.947
[TGN] Restart check: val_bestMCC=0.906 (>=0.975? False)  gap_width=0.0000 (>=0.01? False)

[TGN] Restart 3/4 — val_bestMCC=0.906 < target=0.975. Re-initialising model.
       pos_weight = 6.00  (1297 benign / 344 attack in train)  [override]

[TGN] Training attempt 4/5: dim=128 layers=2 epochs=400 lr=0.001 theta=-1.0

  Epoch   40/400  loss=0.8897  bce=0.6929  gap=0.422  mrgn=0.000  val_MCC@0.5=0.535  val_bestMCC=0.770  (θ=0.677)  val_AUROC=0.908  val_ACC=0.766  TP=69 TN=202 FP=77 FN=6
  Epoch   80/400  loss=0.3159  bce=0.1515  gap=0.864  mrgn=0.000  val_MCC@0.5=0.897  val_bestMCC=0.897  (θ=0.496)  val_AUROC=0.921  val_ACC=0.966  TP=65 TN=277 FP=2 FN=10
  Epoch  120/400  loss=0.1838  bce=0.0516  gap=0.956  mrgn=0.000  val_MCC@0.5=0.853  val_bestMCC=0.873  (θ=0.111)  val_AUROC=0.929  val_ACC=0.952  TP=63 TN=274 FP=5 FN=12
  Epoch  160/400  loss=0.1415  bce=0.0270  gap=0.977  mrgn=0.000  val_MCC@0.5=0.853  val_bestMCC=0.890  (θ=0.061)  val_AUROC=0.936  val_ACC=0.952  TP=63 TN=274 FP=5 FN=12
  Epoch  200/400  loss=0.1206  bce=0.0170  gap=0.985  mrgn=0.000  val_MCC@0.5=0.853  val_bestMCC=0.890  (θ=0.041)  val_AUROC=0.936  val_ACC=0.952  TP=63 TN=274 FP=5 FN=12
  Epoch  240/400  loss=0.1086  bce=0.0123  gap=0.989  mrgn=0.000  val_MCC@0.5=0.853  val_bestMCC=0.890  (θ=0.032)  val_AUROC=0.936  val_ACC=0.952  TP=63 TN=274 FP=5 FN=12
  Epoch  280/400  loss=0.1018  bce=0.0099  gap=0.991  mrgn=0.000  val_MCC@0.5=0.853  val_bestMCC=0.890  (θ=0.029)  val_AUROC=0.936  val_ACC=0.952  TP=63 TN=274 FP=5 FN=12
  Epoch  320/400  loss=0.0983  bce=0.0088  gap=0.992  mrgn=0.000  val_MCC@0.5=0.853  val_bestMCC=0.890  (θ=0.027)  val_AUROC=0.936  val_ACC=0.952  TP=63 TN=274 FP=5 FN=12
  Epoch  360/400  loss=0.0970  bce=0.0084  gap=0.992  mrgn=0.000  val_MCC@0.5=0.853  val_bestMCC=0.890  (θ=0.027)  val_AUROC=0.936  val_ACC=0.952  TP=63 TN=274 FP=5 FN=12
  Epoch  400/400  loss=0.0968  bce=0.0083  gap=0.992  mrgn=0.000  val_MCC@0.5=0.853  val_bestMCC=0.890  (θ=0.028)  val_AUROC=0.936  val_ACC=0.952  TP=63 TN=274 FP=5 FN=12

[TGN] Best checkpoint: epoch=80  val_bestMCC=0.897  val_AUROC=0.921
[TGN] Restart check: val_bestMCC=0.897 (>=0.975? False)  gap_width=0.0000 (>=0.01? False)

[TGN] Restart 4/4 — val_bestMCC=0.897 < target=0.975. Re-initialising model.
       pos_weight = 6.00  (1297 benign / 344 attack in train)  [override]

[TGN] Training attempt 5/5: dim=128 layers=2 epochs=400 lr=0.001 theta=-1.0

  Epoch   40/400  loss=0.8917  bce=0.6959  gap=0.416  mrgn=0.000  val_MCC@0.5=0.538  val_bestMCC=0.798  (θ=0.743)  val_AUROC=0.919  val_ACC=0.768  TP=69 TN=203 FP=76 FN=6
  Epoch   80/400  loss=0.3439  bce=0.1760  gap=0.842  mrgn=0.000  val_MCC@0.5=0.914  val_bestMCC=0.914  (θ=0.483)  val_AUROC=0.943  val_ACC=0.972  TP=66 TN=278 FP=1 FN=9
  Epoch  120/400  loss=0.1844  bce=0.0544  gap=0.953  mrgn=0.000  val_MCC@0.5=0.915  val_bestMCC=0.915  (θ=0.447)  val_AUROC=0.940  val_ACC=0.972  TP=65 TN=279 FP=0 FN=10
  Epoch  160/400  loss=0.1371  bce=0.0259  gap=0.977  mrgn=0.000  val_MCC@0.5=0.861  val_bestMCC=0.890  (θ=0.048)  val_AUROC=0.938  val_ACC=0.955  TP=63 TN=275 FP=4 FN=12
  Epoch  200/400  loss=0.1152  bce=0.0162  gap=0.986  mrgn=0.000  val_MCC@0.5=0.870  val_bestMCC=0.890  (θ=0.030)  val_AUROC=0.937  val_ACC=0.958  TP=64 TN=275 FP=4 FN=11
  Epoch  240/400  loss=0.1029  bce=0.0115  gap=0.990  mrgn=0.000  val_MCC@0.5=0.879  val_bestMCC=0.890  (θ=0.023)  val_AUROC=0.936  val_ACC=0.960  TP=64 TN=276 FP=3 FN=11
  Epoch  280/400  loss=0.0961  bce=0.0092  gap=0.991  mrgn=0.000  val_MCC@0.5=0.879  val_bestMCC=0.897  (θ=0.109)  val_AUROC=0.935  val_ACC=0.960  TP=64 TN=276 FP=3 FN=11
  Epoch  320/400  loss=0.0928  bce=0.0081  gap=0.992  mrgn=0.000  val_MCC@0.5=0.879  val_bestMCC=0.897  (θ=0.063)  val_AUROC=0.935  val_ACC=0.960  TP=64 TN=276 FP=3 FN=11
  Epoch  360/400  loss=0.0916  bce=0.0077  gap=0.993  mrgn=0.000  val_MCC@0.5=0.879  val_bestMCC=0.897  (θ=0.049)  val_AUROC=0.934  val_ACC=0.960  TP=64 TN=276 FP=3 FN=11
  Epoch  400/400  loss=0.0914  bce=0.0076  gap=0.993  mrgn=0.000  val_MCC@0.5=0.879  val_bestMCC=0.897  (θ=0.047)  val_AUROC=0.934  val_ACC=0.960  TP=64 TN=276 FP=3 FN=11

[TGN] Best checkpoint: epoch=120  val_bestMCC=0.915  val_AUROC=0.940
[TGN] Restart check: val_bestMCC=0.915 (>=0.975? False)  gap_width=0.0000 (>=0.01? False)
[TGN] Max restarts (5) reached. Proceeding with global best (val_bestMCC=0.915).
[TGN] Global best restored: epoch=120  val_bestMCC=0.915  val_AUROC=0.940
[TGN] Optimal theta_FS = 0.496  (val_MCC=0.915  theta_plateau=0.496  gap=N/A  method=plateau_mid [no val separation gap])

[TGN] Test  MCC=0.861  AUROC=0.925  ACC=0.954  TP=62 TN=287 FP=0 FN=17
[TGN] Test variant classifier (TTW/BSHH/ME)  ACC=0.478  F1_macro=0.567  n=366
[TGN] Wall-clock training time: 1834.0s (30.57 min)
[TGN] Weights saved to 'tgn_weights_best_seed3.bin'  (1076264 bytes, dim=128 layers=2)

[TGN] Complete.  Deploy with (use the SAME simTime/N_Vehicles/mobility_scenario
                 as the data generation runs to avoid train/eval mismatch):
  ./waf --run "scratch/routing --simTime=<N> --N_Vehicles=<N> \
               --mobility_scenario=<N> --maxspeed=<N> \
               --attack_scenario=1 --tgn_weights=tgn_weights_best_seed3.bin \
               --tgn_theta=0.50 --tgn_l_link=43.0"
  # Also pass: --tgn_dim=128 --tgn_layers=2
