[TGN] No seed fixed (--seed not passed) — runs are not reproducible.
[TGN] L_link=43.0s  gamma=310.2  W_max=430
[TGN] Loaded 2361 rows from '/home/sdvn_echo_topology/ns-allinone-3.35/ns-3.35/scratch/SDVN project /SDVN-Temporal-Attacks/training_data/all_events.csv'
      Attack events: 498  Benign events: 1863
[TGN] After BEACON filter: 2361 rows

[TGN] Events per attack_scenario:
        scenario  1:   390 events (52 attack, 338 benign)
        scenario  2:   513 events (12 attack, 501 benign)
        scenario  3:   185 events (37 attack, 148 benign)
        scenario  4:   170 events (34 attack, 136 benign)
        scenario  5:   193 events (22 attack, 171 benign)
        scenario  6:   422 events (35 attack, 387 benign)
        scenario  7:   148 events (74 attack, 74 benign)
        scenario  8:   144 events (72 attack, 72 benign)
        scenario  9:     2 events (0 attack, 2 benign)
        scenario 10:    18 events (0 attack, 18 benign)
        scenario 11:    88 events (80 attack, 8 benign)
        scenario 12:    88 events (80 attack, 8 benign)
[TGN] Device: cuda
       train:  1641 events  (344 attack, 1297 benign)
       val  :   354 events  (75 attack, 279 benign)
       test :   366 events  (79 attack, 287 benign)
       pos_weight = 5.50  (1297 benign / 344 attack in train)  [override]

[TGN] Training attempt 1/5: dim=32 layers=2 epochs=400 lr=0.001 theta=-1.0

  Epoch   40/400  loss=1.6929  bce=1.2832  gap=0.046  mrgn=0.304  val_MCC@0.5=0.192  val_bestMCC=0.419  (θ=0.414)  val_AUROC=0.788  val_ACC=0.777  TP=16 TN=259 FP=20 FN=59
  Epoch   80/400  loss=0.9961  bce=0.7777  gap=0.342  mrgn=0.008  val_MCC@0.5=0.672  val_bestMCC=0.807  (θ=0.652)  val_AUROC=0.954  val_ACC=0.870  TP=66 TN=242 FP=37 FN=9
  Epoch  120/400  loss=0.6177  bce=0.4312  gap=0.599  mrgn=0.000  val_MCC@0.5=0.777  val_bestMCC=0.890  (θ=0.545)  val_AUROC=0.985  val_ACC=0.918  TP=68 TN=257 FP=22 FN=7
  Epoch  160/400  loss=0.3746  bce=0.1939  gap=0.815  mrgn=0.000  val_MCC@0.5=0.897  val_bestMCC=0.907  (θ=0.381)  val_AUROC=0.987  val_ACC=0.966  TP=67 TN=275 FP=4 FN=8
  Epoch  200/400  loss=0.2795  bce=0.1110  gap=0.896  mrgn=0.000  val_MCC@0.5=0.888  val_bestMCC=0.915  (θ=0.205)  val_AUROC=0.967  val_ACC=0.963  TP=66 TN=275 FP=4 FN=9
  Epoch  240/400  loss=0.2373  bce=0.0809  gap=0.924  mrgn=0.000  val_MCC@0.5=0.897  val_bestMCC=0.915  (θ=0.151)  val_AUROC=0.965  val_ACC=0.966  TP=66 TN=276 FP=3 FN=9
  Epoch  280/400  loss=0.2161  bce=0.0666  gap=0.937  mrgn=0.000  val_MCC@0.5=0.897  val_bestMCC=0.915  (θ=0.127)  val_AUROC=0.964  val_ACC=0.966  TP=66 TN=276 FP=3 FN=9
  Epoch  320/400  loss=0.2062  bce=0.0600  gap=0.944  mrgn=0.000  val_MCC@0.5=0.897  val_bestMCC=0.915  (θ=0.117)  val_AUROC=0.964  val_ACC=0.966  TP=66 TN=276 FP=3 FN=9
  Epoch  360/400  loss=0.2026  bce=0.0576  gap=0.946  mrgn=0.000  val_MCC@0.5=0.897  val_bestMCC=0.915  (θ=0.114)  val_AUROC=0.964  val_ACC=0.966  TP=66 TN=276 FP=3 FN=9
  Epoch  400/400  loss=0.2020  bce=0.0572  gap=0.946  mrgn=0.000  val_MCC@0.5=0.897  val_bestMCC=0.915  (θ=0.113)  val_AUROC=0.964  val_ACC=0.966  TP=66 TN=276 FP=3 FN=9

[TGN] Best checkpoint: epoch=200  val_bestMCC=0.915  val_AUROC=0.967
[TGN] Restart check: val_bestMCC=0.915 (>=0.975? False)  gap_width=0.0000 (>=0.01? False)

[TGN] Restart 1/4 — val_bestMCC=0.915 < target=0.975. Re-initialising model.
       pos_weight = 5.50  (1297 benign / 344 attack in train)  [override]

[TGN] Training attempt 2/5: dim=32 layers=2 epochs=400 lr=0.001 theta=-1.0

  Epoch   40/400  loss=1.7236  bce=1.2989  gap=0.034  mrgn=0.316  val_MCC@0.5=0.056  val_bestMCC=0.382  (θ=0.401)  val_AUROC=0.710  val_ACC=0.706  TP=16 TN=234 FP=45 FN=59
  Epoch   80/400  loss=1.0541  bce=0.7960  gap=0.328  mrgn=0.022  val_MCC@0.5=0.547  val_bestMCC=0.799  (θ=0.644)  val_AUROC=0.912  val_ACC=0.799  TP=64 TN=219 FP=60 FN=11
  Epoch  120/400  loss=0.6113  bce=0.4100  gap=0.624  mrgn=0.000  val_MCC@0.5=0.741  val_bestMCC=0.870  (θ=0.575)  val_AUROC=0.935  val_ACC=0.907  TP=65 TN=256 FP=23 FN=10
  Epoch  160/400  loss=0.3551  bce=0.1743  gap=0.839  mrgn=0.000  val_MCC@0.5=0.906  val_bestMCC=0.914  (θ=0.438)  val_AUROC=0.946  val_ACC=0.969  TP=65 TN=278 FP=1 FN=10
  Epoch  200/400  loss=0.2644  bce=0.0965  gap=0.910  mrgn=0.000  val_MCC@0.5=0.906  val_bestMCC=0.923  (θ=0.305)  val_AUROC=0.950  val_ACC=0.969  TP=65 TN=278 FP=1 FN=10
  Epoch  240/400  loss=0.2265  bce=0.0683  gap=0.936  mrgn=0.000  val_MCC@0.5=0.914  val_bestMCC=0.923  (θ=0.228)  val_AUROC=0.949  val_ACC=0.972  TP=66 TN=278 FP=1 FN=9
  Epoch  280/400  loss=0.2084  bce=0.0557  gap=0.948  mrgn=0.000  val_MCC@0.5=0.923  val_bestMCC=0.923  (θ=0.190)  val_AUROC=0.949  val_ACC=0.975  TP=67 TN=278 FP=1 FN=8
  Epoch  320/400  loss=0.1998  bce=0.0501  gap=0.953  mrgn=0.000  val_MCC@0.5=0.923  val_bestMCC=0.923  (θ=0.172)  val_AUROC=0.949  val_ACC=0.975  TP=67 TN=278 FP=1 FN=8
  Epoch  360/400  loss=0.1967  bce=0.0480  gap=0.955  mrgn=0.000  val_MCC@0.5=0.923  val_bestMCC=0.923  (θ=0.179)  val_AUROC=0.949  val_ACC=0.975  TP=67 TN=278 FP=1 FN=8
  Epoch  400/400  loss=0.1962  bce=0.0476  gap=0.956  mrgn=0.000  val_MCC@0.5=0.923  val_bestMCC=0.923  (θ=0.181)  val_AUROC=0.949  val_ACC=0.975  TP=67 TN=278 FP=1 FN=8

[TGN] Best checkpoint: epoch=200  val_bestMCC=0.923  val_AUROC=0.950
[TGN] Restart check: val_bestMCC=0.923 (>=0.975? False)  gap_width=0.0000 (>=0.01? False)

[TGN] Restart 2/4 — val_bestMCC=0.923 < target=0.975. Re-initialising model.
       pos_weight = 5.50  (1297 benign / 344 attack in train)  [override]

[TGN] Training attempt 3/5: dim=32 layers=2 epochs=400 lr=0.001 theta=-1.0

  Epoch   40/400  loss=1.7528  bce=1.3228  gap=0.031  mrgn=0.319  val_MCC@0.5=0.066  val_bestMCC=0.392  (θ=0.371)  val_AUROC=0.729  val_ACC=0.754  TP=9 TN=258 FP=21 FN=66
  Epoch   80/400  loss=1.1210  bce=0.8511  gap=0.292  mrgn=0.058  val_MCC@0.5=0.611  val_bestMCC=0.744  (θ=0.583)  val_AUROC=0.883  val_ACC=0.850  TP=61 TN=240 FP=39 FN=14
  Epoch  120/400  loss=0.6784  bce=0.4738  gap=0.562  mrgn=0.000  val_MCC@0.5=0.871  val_bestMCC=0.880  (θ=0.477)  val_AUROC=0.945  val_ACC=0.958  TP=65 TN=274 FP=5 FN=10
  Epoch  160/400  loss=0.4344  bce=0.2491  gap=0.755  mrgn=0.000  val_MCC@0.5=0.879  val_bestMCC=0.897  (θ=0.687)  val_AUROC=0.963  val_ACC=0.960  TP=65 TN=275 FP=4 FN=10
  Epoch  200/400  loss=0.3137  bce=0.1408  gap=0.861  mrgn=0.000  val_MCC@0.5=0.888  val_bestMCC=0.907  (θ=0.323)  val_AUROC=0.961  val_ACC=0.963  TP=65 TN=276 FP=3 FN=10
  Epoch  240/400  loss=0.2622  bce=0.0974  gap=0.903  mrgn=0.000  val_MCC@0.5=0.888  val_bestMCC=0.907  (θ=0.252)  val_AUROC=0.964  val_ACC=0.963  TP=65 TN=276 FP=3 FN=10
  Epoch  280/400  loss=0.2385  bce=0.0791  gap=0.921  mrgn=0.000  val_MCC@0.5=0.897  val_bestMCC=0.907  (θ=0.217)  val_AUROC=0.968  val_ACC=0.966  TP=66 TN=276 FP=3 FN=9
  Epoch  320/400  loss=0.2275  bce=0.0711  gap=0.929  mrgn=0.000  val_MCC@0.5=0.897  val_bestMCC=0.914  (θ=0.380)  val_AUROC=0.968  val_ACC=0.966  TP=66 TN=276 FP=3 FN=9
  Epoch  360/400  loss=0.2235  bce=0.0682  gap=0.932  mrgn=0.000  val_MCC@0.5=0.897  val_bestMCC=0.914  (θ=0.375)  val_AUROC=0.968  val_ACC=0.966  TP=66 TN=276 FP=3 FN=9
  Epoch  400/400  loss=0.2229  bce=0.0678  gap=0.932  mrgn=0.000  val_MCC@0.5=0.897  val_bestMCC=0.914  (θ=0.373)  val_AUROC=0.968  val_ACC=0.966  TP=66 TN=276 FP=3 FN=9

[TGN] Best checkpoint: epoch=320  val_bestMCC=0.914  val_AUROC=0.968
[TGN] Restart check: val_bestMCC=0.914 (>=0.975? False)  gap_width=0.0000 (>=0.01? False)

[TGN] Restart 3/4 — val_bestMCC=0.914 < target=0.975. Re-initialising model.
       pos_weight = 5.50  (1297 benign / 344 attack in train)  [override]

[TGN] Training attempt 4/5: dim=32 layers=2 epochs=400 lr=0.001 theta=-1.0

  Epoch   40/400  loss=1.7768  bce=1.3673  gap=0.036  mrgn=0.314  val_MCC@0.5=0.000  val_bestMCC=0.498  (θ=0.380)  val_AUROC=0.824  val_ACC=0.788  TP=0 TN=279 FP=0 FN=75
  Epoch   80/400  loss=1.0926  bce=0.8347  gap=0.300  mrgn=0.050  val_MCC@0.5=0.722  val_bestMCC=0.801  (θ=0.520)  val_AUROC=0.922  val_ACC=0.901  TP=63 TN=256 FP=23 FN=12
  Epoch  120/400  loss=0.7054  bce=0.5065  gap=0.532  mrgn=0.000  val_MCC@0.5=0.780  val_bestMCC=0.845  (θ=0.591)  val_AUROC=0.963  val_ACC=0.918  TP=69 TN=256 FP=23 FN=6
  Epoch  160/400  loss=0.4915  bce=0.3041  gap=0.702  mrgn=0.000  val_MCC@0.5=0.866  val_bestMCC=0.866  (θ=0.443)  val_AUROC=0.959  val_ACC=0.955  TP=68 TN=270 FP=9 FN=7
  Epoch  200/400  loss=0.3400  bce=0.1652  gap=0.839  mrgn=0.000  val_MCC@0.5=0.866  val_bestMCC=0.873  (θ=0.580)  val_AUROC=0.944  val_ACC=0.955  TP=68 TN=270 FP=9 FN=7
  Epoch  240/400  loss=0.2722  bce=0.1100  gap=0.894  mrgn=0.000  val_MCC@0.5=0.873  val_bestMCC=0.881  (θ=0.694)  val_AUROC=0.945  val_ACC=0.958  TP=67 TN=272 FP=7 FN=8
  Epoch  280/400  loss=0.2411  bce=0.0877  gap=0.915  mrgn=0.000  val_MCC@0.5=0.873  val_bestMCC=0.889  (θ=0.666)  val_AUROC=0.945  val_ACC=0.958  TP=67 TN=272 FP=7 FN=8
  Epoch  320/400  loss=0.2269  bce=0.0781  gap=0.925  mrgn=0.000  val_MCC@0.5=0.873  val_bestMCC=0.889  (θ=0.610)  val_AUROC=0.948  val_ACC=0.958  TP=67 TN=272 FP=7 FN=8
  Epoch  360/400  loss=0.2217  bce=0.0746  gap=0.928  mrgn=0.000  val_MCC@0.5=0.873  val_bestMCC=0.897  (θ=0.736)  val_AUROC=0.949  val_ACC=0.958  TP=67 TN=272 FP=7 FN=8
  Epoch  400/400  loss=0.2209  bce=0.0741  gap=0.928  mrgn=0.000  val_MCC@0.5=0.873  val_bestMCC=0.897  (θ=0.732)  val_AUROC=0.949  val_ACC=0.958  TP=67 TN=272 FP=7 FN=8

[TGN] Best checkpoint: epoch=400  val_bestMCC=0.897  val_AUROC=0.949
[TGN] Restart check: val_bestMCC=0.897 (>=0.975? False)  gap_width=0.0000 (>=0.01? False)

[TGN] Restart 4/4 — val_bestMCC=0.897 < target=0.975. Re-initialising model.
       pos_weight = 5.50  (1297 benign / 344 attack in train)  [override]

[TGN] Training attempt 5/5: dim=32 layers=2 epochs=400 lr=0.001 theta=-1.0

  Epoch   40/400  loss=1.7394  bce=1.3097  gap=0.032  mrgn=0.318  val_MCC@0.5=0.066  val_bestMCC=0.371  (θ=0.384)  val_AUROC=0.707  val_ACC=0.737  TP=12 TN=249 FP=30 FN=63
  Epoch   80/400  loss=1.0778  bce=0.8201  gap=0.310  mrgn=0.040  val_MCC@0.5=0.581  val_bestMCC=0.780  (θ=0.599)  val_AUROC=0.907  val_ACC=0.836  TP=60 TN=236 FP=43 FN=15
  Epoch  120/400  loss=0.5853  bce=0.3847  gap=0.647  mrgn=0.000  val_MCC@0.5=0.771  val_bestMCC=0.861  (θ=0.578)  val_AUROC=0.913  val_ACC=0.921  TP=64 TN=262 FP=17 FN=11
  Epoch  160/400  loss=0.3507  bce=0.1598  gap=0.849  mrgn=0.000  val_MCC@0.5=0.897  val_bestMCC=0.897  (θ=0.478)  val_AUROC=0.911  val_ACC=0.966  TP=64 TN=278 FP=1 FN=11
  Epoch  200/400  loss=0.2724  bce=0.0925  gap=0.911  mrgn=0.000  val_MCC@0.5=0.889  val_bestMCC=0.906  (θ=0.356)  val_AUROC=0.916  val_ACC=0.963  TP=62 TN=279 FP=0 FN=13
  Epoch  240/400  loss=0.2368  bce=0.0681  gap=0.935  mrgn=0.000  val_MCC@0.5=0.889  val_bestMCC=0.906  (θ=0.301)  val_AUROC=0.924  val_ACC=0.963  TP=62 TN=279 FP=0 FN=13
  Epoch  280/400  loss=0.2184  bce=0.0571  gap=0.946  mrgn=0.000  val_MCC@0.5=0.880  val_bestMCC=0.906  (θ=0.287)  val_AUROC=0.929  val_ACC=0.960  TP=61 TN=279 FP=0 FN=14
  Epoch  320/400  loss=0.2093  bce=0.0519  gap=0.951  mrgn=0.000  val_MCC@0.5=0.880  val_bestMCC=0.906  (θ=0.272)  val_AUROC=0.930  val_ACC=0.960  TP=61 TN=279 FP=0 FN=14
  Epoch  360/400  loss=0.2059  bce=0.0500  gap=0.952  mrgn=0.000  val_MCC@0.5=0.880  val_bestMCC=0.906  (θ=0.268)  val_AUROC=0.930  val_ACC=0.960  TP=61 TN=279 FP=0 FN=14
  Epoch  400/400  loss=0.2054  bce=0.0498  gap=0.953  mrgn=0.000  val_MCC@0.5=0.880  val_bestMCC=0.906  (θ=0.268)  val_AUROC=0.930  val_ACC=0.960  TP=61 TN=279 FP=0 FN=14

[TGN] Best checkpoint: epoch=400  val_bestMCC=0.906  val_AUROC=0.930
[TGN] Restart check: val_bestMCC=0.906 (>=0.975? False)  gap_width=0.0000 (>=0.01? False)
[TGN] Max restarts (5) reached. Proceeding with global best (val_bestMCC=0.923).
[TGN] Global best restored: epoch=200  val_bestMCC=0.923  val_AUROC=0.950
[TGN] Optimal theta_FS = 0.368  (val_MCC=0.923  theta_plateau=0.368  gap=N/A  method=plateau_mid [no val separation gap])

[TGN] Test  MCC=0.842  AUROC=0.969  ACC=0.948  TP=65 TN=282 FP=5 FN=14
[TGN] Test variant classifier (TTW/BSHH/ME)  ACC=0.648  F1_macro=0.696  n=366
[TGN] Wall-clock training time: 1794.2s (29.90 min)
[TGN] Weights saved to 'tgn_weights_pw5_5.bin'  (72488 bytes, dim=32 layers=2)

[TGN] Complete.  Deploy with (use the SAME simTime/N_Vehicles/mobility_scenario
                 as the data generation runs to avoid train/eval mismatch):
  ./waf --run "scratch/routing --simTime=<N> --N_Vehicles=<N> \
               --mobility_scenario=<N> --maxspeed=<N> \
               --attack_scenario=1 --tgn_weights=tgn_weights_pw5_5.bin \
               --tgn_theta=0.37 --tgn_l_link=43.0"
