[TGN] No seed fixed (--seed not passed) — runs are not reproducible.
[TGN] L_link=43.0s  gamma=310.2  W_max=430
[TGN] Loaded 2361 rows from '/home/sdvn_echo_topology/ns-allinone-3.35/ns-3.35/scratch/SDVN project /SDVN-Temporal-Attacks/training_data/all_events.csv'
      Attack events: 498  Benign events: 1863
[TGN] After BEACON filter: 2361 rows

[TGN] Events per attack_scenario:
        scenario  1:   390 events (52 attack, 338 benign)
        scenario  2:   513 events (12 attack, 501 benign)
        scenario  3:   185 events (37 attack, 148 benign)
        scenario  4:   170 events (34 attack, 136 benign)
        scenario  5:   193 events (22 attack, 171 benign)
        scenario  6:   422 events (35 attack, 387 benign)
        scenario  7:   148 events (74 attack, 74 benign)
        scenario  8:   144 events (72 attack, 72 benign)
        scenario  9:     2 events (0 attack, 2 benign)
        scenario 10:    18 events (0 attack, 18 benign)
        scenario 11:    88 events (80 attack, 8 benign)
        scenario 12:    88 events (80 attack, 8 benign)
[TGN] Device: cuda
       train:  1641 events  (344 attack, 1297 benign)
       val  :   354 events  (75 attack, 279 benign)
       test :   366 events  (79 attack, 287 benign)
       pos_weight = 3.77  (1297 benign / 344 attack in train)  [dynamic ratio]

[TGN] Training attempt 1/5: dim=32 layers=2 epochs=400 lr=0.001 theta=-1.0

  Epoch   40/400  loss=1.4315  bce=1.0621  gap=0.035  mrgn=0.315  val_MCC@0.5=0.178  val_bestMCC=0.451  (θ=0.382)  val_AUROC=0.795  val_ACC=0.797  TP=3 TN=279 FP=0 FN=72
  Epoch   80/400  loss=0.8982  bce=0.6865  gap=0.329  mrgn=0.021  val_MCC@0.5=0.680  val_bestMCC=0.807  (θ=0.599)  val_AUROC=0.937  val_ACC=0.881  TP=63 TN=249 FP=30 FN=12
  Epoch  120/400  loss=0.5583  bce=0.3797  gap=0.607  mrgn=0.000  val_MCC@0.5=0.761  val_bestMCC=0.861  (θ=0.600)  val_AUROC=0.968  val_ACC=0.918  TP=63 TN=262 FP=17 FN=12
  Epoch  160/400  loss=0.3426  bce=0.1836  gap=0.808  mrgn=0.000  val_MCC@0.5=0.897  val_bestMCC=0.915  (θ=0.586)  val_AUROC=0.966  val_ACC=0.966  TP=66 TN=276 FP=3 FN=9
  Epoch  200/400  loss=0.2556  bce=0.1112  gap=0.886  mrgn=0.000  val_MCC@0.5=0.897  val_bestMCC=0.923  (θ=0.442)  val_AUROC=0.969  val_ACC=0.966  TP=63 TN=279 FP=0 FN=12
  Epoch  240/400  loss=0.2165  bce=0.0828  gap=0.916  mrgn=0.000  val_MCC@0.5=0.897  val_bestMCC=0.932  (θ=0.291)  val_AUROC=0.963  val_ACC=0.966  TP=63 TN=279 FP=0 FN=12
  Epoch  280/400  loss=0.1967  bce=0.0690  gap=0.930  mrgn=0.000  val_MCC@0.5=0.906  val_bestMCC=0.932  (θ=0.251)  val_AUROC=0.957  val_ACC=0.969  TP=64 TN=279 FP=0 FN=11
  Epoch  320/400  loss=0.1873  bce=0.0625  gap=0.936  mrgn=0.000  val_MCC@0.5=0.906  val_bestMCC=0.932  (θ=0.338)  val_AUROC=0.957  val_ACC=0.969  TP=64 TN=279 FP=0 FN=11
  Epoch  360/400  loss=0.1839  bce=0.0600  gap=0.939  mrgn=0.000  val_MCC@0.5=0.906  val_bestMCC=0.932  (θ=0.328)  val_AUROC=0.957  val_ACC=0.969  TP=64 TN=279 FP=0 FN=11
  Epoch  400/400  loss=0.1834  bce=0.0597  gap=0.939  mrgn=0.000  val_MCC@0.5=0.906  val_bestMCC=0.932  (θ=0.224)  val_AUROC=0.957  val_ACC=0.969  TP=64 TN=279 FP=0 FN=11

[TGN] Best checkpoint: epoch=320  val_bestMCC=0.932  val_AUROC=0.957
[TGN] Restart check: val_bestMCC=0.932 (>=0.975? False)  gap_width=0.0000 (>=0.01? False)

[TGN] Restart 1/4 — val_bestMCC=0.932 < target=0.975. Re-initialising model.
       pos_weight = 3.77  (1297 benign / 344 attack in train)  [dynamic ratio]

[TGN] Training attempt 2/5: dim=32 layers=2 epochs=400 lr=0.001 theta=-1.0

  Epoch   40/400  loss=1.3590  bce=1.0259  gap=0.052  mrgn=0.298  val_MCC@0.5=0.153  val_bestMCC=0.504  (θ=0.401)  val_AUROC=0.836  val_ACC=0.785  TP=9 TN=269 FP=10 FN=66
  Epoch   80/400  loss=0.7669  bce=0.6044  gap=0.407  mrgn=0.000  val_MCC@0.5=0.687  val_bestMCC=0.827  (θ=0.704)  val_AUROC=0.939  val_ACC=0.870  TP=69 TN=239 FP=40 FN=6
  Epoch  120/400  loss=0.4025  bce=0.2593  gap=0.733  mrgn=0.000  val_MCC@0.5=0.751  val_bestMCC=0.861  (θ=0.608)  val_AUROC=0.950  val_ACC=0.910  TP=66 TN=256 FP=23 FN=9
  Epoch  160/400  loss=0.2450  bce=0.1128  gap=0.881  mrgn=0.000  val_MCC@0.5=0.888  val_bestMCC=0.906  (θ=0.592)  val_AUROC=0.951  val_ACC=0.963  TP=65 TN=276 FP=3 FN=10
  Epoch  200/400  loss=0.1901  bce=0.0685  gap=0.928  mrgn=0.000  val_MCC@0.5=0.897  val_bestMCC=0.906  (θ=0.683)  val_AUROC=0.953  val_ACC=0.966  TP=65 TN=277 FP=2 FN=10
  Epoch  240/400  loss=0.1655  bce=0.0511  gap=0.947  mrgn=0.000  val_MCC@0.5=0.905  val_bestMCC=0.914  (θ=0.528)  val_AUROC=0.959  val_ACC=0.969  TP=66 TN=277 FP=2 FN=9
  Epoch  280/400  loss=0.1533  bce=0.0429  gap=0.955  mrgn=0.000  val_MCC@0.5=0.905  val_bestMCC=0.906  (θ=0.526)  val_AUROC=0.960  val_ACC=0.969  TP=66 TN=277 FP=2 FN=9
  Epoch  320/400  loss=0.1476  bce=0.0392  gap=0.959  mrgn=0.000  val_MCC@0.5=0.897  val_bestMCC=0.906  (θ=0.532)  val_AUROC=0.961  val_ACC=0.966  TP=65 TN=277 FP=2 FN=10
  Epoch  360/400  loss=0.1454  bce=0.0378  gap=0.960  mrgn=0.000  val_MCC@0.5=0.897  val_bestMCC=0.906  (θ=0.531)  val_AUROC=0.961  val_ACC=0.966  TP=65 TN=277 FP=2 FN=10
  Epoch  400/400  loss=0.1451  bce=0.0375  gap=0.960  mrgn=0.000  val_MCC@0.5=0.897  val_bestMCC=0.906  (θ=0.532)  val_AUROC=0.960  val_ACC=0.966  TP=65 TN=277 FP=2 FN=10

[TGN] Best checkpoint: epoch=240  val_bestMCC=0.914  val_AUROC=0.959
[TGN] Restart check: val_bestMCC=0.914 (>=0.975? False)  gap_width=0.0000 (>=0.01? False)

[TGN] Restart 2/4 — val_bestMCC=0.914 < target=0.975. Re-initialising model.
       pos_weight = 3.77  (1297 benign / 344 attack in train)  [dynamic ratio]

[TGN] Training attempt 3/5: dim=32 layers=2 epochs=400 lr=0.001 theta=-1.0

  Epoch   40/400  loss=1.4402  bce=1.0757  gap=0.025  mrgn=0.325  val_MCC@0.5=0.000  val_bestMCC=0.378  (θ=0.354)  val_AUROC=0.733  val_ACC=0.788  TP=0 TN=279 FP=0 FN=75
  Epoch   80/400  loss=0.9887  bce=0.7609  gap=0.262  mrgn=0.088  val_MCC@0.5=0.550  val_bestMCC=0.779  (θ=0.592)  val_AUROC=0.892  val_ACC=0.814  TP=61 TN=227 FP=52 FN=14
  Epoch  120/400  loss=0.5724  bce=0.3986  gap=0.591  mrgn=0.000  val_MCC@0.5=0.752  val_bestMCC=0.853  (θ=0.657)  val_AUROC=0.917  val_ACC=0.915  TP=62 TN=262 FP=17 FN=13
  Epoch  160/400  loss=0.3193  bce=0.1612  gap=0.833  mrgn=0.000  val_MCC@0.5=0.870  val_bestMCC=0.879  (θ=0.657)  val_AUROC=0.927  val_ACC=0.958  TP=64 TN=275 FP=4 FN=11
  Epoch  200/400  loss=0.2310  bce=0.0870  gap=0.908  mrgn=0.000  val_MCC@0.5=0.861  val_bestMCC=0.888  (θ=0.540)  val_AUROC=0.937  val_ACC=0.955  TP=63 TN=275 FP=4 FN=12
  Epoch  240/400  loss=0.1945  bce=0.0613  gap=0.935  mrgn=0.000  val_MCC@0.5=0.879  val_bestMCC=0.888  (θ=0.404)  val_AUROC=0.939  val_ACC=0.960  TP=62 TN=278 FP=1 FN=13
  Epoch  280/400  loss=0.1774  bce=0.0507  gap=0.947  mrgn=0.000  val_MCC@0.5=0.879  val_bestMCC=0.897  (θ=0.317)  val_AUROC=0.940  val_ACC=0.960  TP=62 TN=278 FP=1 FN=13
  Epoch  320/400  loss=0.1692  bce=0.0459  gap=0.952  mrgn=0.000  val_MCC@0.5=0.879  val_bestMCC=0.897  (θ=0.283)  val_AUROC=0.940  val_ACC=0.960  TP=62 TN=278 FP=1 FN=13
  Epoch  360/400  loss=0.1663  bce=0.0441  gap=0.954  mrgn=0.000  val_MCC@0.5=0.879  val_bestMCC=0.906  (θ=0.272)  val_AUROC=0.940  val_ACC=0.960  TP=62 TN=278 FP=1 FN=13
  Epoch  400/400  loss=0.1658  bce=0.0439  gap=0.954  mrgn=0.000  val_MCC@0.5=0.879  val_bestMCC=0.906  (θ=0.272)  val_AUROC=0.940  val_ACC=0.960  TP=62 TN=278 FP=1 FN=13

[TGN] Best checkpoint: epoch=400  val_bestMCC=0.906  val_AUROC=0.940
[TGN] Restart check: val_bestMCC=0.906 (>=0.975? False)  gap_width=0.0000 (>=0.01? False)

[TGN] Restart 3/4 — val_bestMCC=0.906 < target=0.975. Re-initialising model.
       pos_weight = 3.77  (1297 benign / 344 attack in train)  [dynamic ratio]

[TGN] Training attempt 4/5: dim=32 layers=2 epochs=400 lr=0.001 theta=-1.0

  Epoch   40/400  loss=1.4191  bce=1.0579  gap=0.035  mrgn=0.315  val_MCC@0.5=0.055  val_bestMCC=0.472  (θ=0.378)  val_AUROC=0.795  val_ACC=0.785  TP=2 TN=276 FP=3 FN=73
  Epoch   80/400  loss=0.9141  bce=0.7129  gap=0.305  mrgn=0.045  val_MCC@0.5=0.596  val_bestMCC=0.770  (θ=0.586)  val_AUROC=0.910  val_ACC=0.845  TP=60 TN=239 FP=40 FN=15
  Epoch  120/400  loss=0.5674  bce=0.3932  gap=0.593  mrgn=0.000  val_MCC@0.5=0.761  val_bestMCC=0.870  (θ=0.533)  val_AUROC=0.957  val_ACC=0.918  TP=63 TN=262 FP=17 FN=12
  Epoch  160/400  loss=0.3378  bce=0.1820  gap=0.803  mrgn=0.000  val_MCC@0.5=0.879  val_bestMCC=0.888  (θ=0.383)  val_AUROC=0.955  val_ACC=0.960  TP=64 TN=276 FP=3 FN=11
  Epoch  200/400  loss=0.2398  bce=0.1012  gap=0.891  mrgn=0.000  val_MCC@0.5=0.897  val_bestMCC=0.907  (θ=0.259)  val_AUROC=0.973  val_ACC=0.966  TP=64 TN=278 FP=1 FN=11
  Epoch  240/400  loss=0.1990  bce=0.0715  gap=0.924  mrgn=0.000  val_MCC@0.5=0.897  val_bestMCC=0.914  (θ=0.238)  val_AUROC=0.973  val_ACC=0.966  TP=64 TN=278 FP=1 FN=11
  Epoch  280/400  loss=0.1804  bce=0.0584  gap=0.938  mrgn=0.000  val_MCC@0.5=0.897  val_bestMCC=0.914  (θ=0.374)  val_AUROC=0.971  val_ACC=0.966  TP=64 TN=278 FP=1 FN=11
  Epoch  320/400  loss=0.1721  bce=0.0528  gap=0.944  mrgn=0.000  val_MCC@0.5=0.897  val_bestMCC=0.906  (θ=0.166)  val_AUROC=0.971  val_ACC=0.966  TP=64 TN=278 FP=1 FN=11
  Epoch  360/400  loss=0.1690  bce=0.0508  gap=0.946  mrgn=0.000  val_MCC@0.5=0.897  val_bestMCC=0.906  (θ=0.162)  val_AUROC=0.972  val_ACC=0.966  TP=64 TN=278 FP=1 FN=11
  Epoch  400/400  loss=0.1686  bce=0.0505  gap=0.946  mrgn=0.000  val_MCC@0.5=0.897  val_bestMCC=0.915  (θ=0.161)  val_AUROC=0.972  val_ACC=0.966  TP=64 TN=278 FP=1 FN=11

[TGN] Best checkpoint: epoch=400  val_bestMCC=0.915  val_AUROC=0.972
[TGN] Restart check: val_bestMCC=0.915 (>=0.975? False)  gap_width=0.0000 (>=0.01? False)

[TGN] Restart 4/4 — val_bestMCC=0.915 < target=0.975. Re-initialising model.
       pos_weight = 3.77  (1297 benign / 344 attack in train)  [dynamic ratio]

[TGN] Training attempt 5/5: dim=32 layers=2 epochs=400 lr=0.001 theta=-1.0

  Epoch   40/400  loss=1.3626  bce=1.0219  gap=0.057  mrgn=0.293  val_MCC@0.5=0.192  val_bestMCC=0.429  (θ=0.431)  val_AUROC=0.746  val_ACC=0.732  TP=27 TN=232 FP=47 FN=48
  Epoch   80/400  loss=0.8239  bce=0.6495  gap=0.363  mrgn=0.000  val_MCC@0.5=0.532  val_bestMCC=0.764  (θ=0.640)  val_AUROC=0.900  val_ACC=0.780  TP=66 TN=210 FP=69 FN=9
  Epoch  120/400  loss=0.4572  bce=0.3007  gap=0.689  mrgn=0.000  val_MCC@0.5=0.732  val_bestMCC=0.888  (θ=0.662)  val_AUROC=0.942  val_ACC=0.904  TP=64 TN=256 FP=23 FN=11
  Epoch  160/400  loss=0.2737  bce=0.1320  gap=0.862  mrgn=0.000  val_MCC@0.5=0.897  val_bestMCC=0.906  (θ=0.550)  val_AUROC=0.943  val_ACC=0.966  TP=64 TN=278 FP=1 FN=11
  Epoch  200/400  loss=0.2071  bce=0.0766  gap=0.920  mrgn=0.000  val_MCC@0.5=0.897  val_bestMCC=0.906  (θ=0.254)  val_AUROC=0.954  val_ACC=0.966  TP=63 TN=279 FP=0 FN=12
  Epoch  240/400  loss=0.1783  bce=0.0553  gap=0.943  mrgn=0.000  val_MCC@0.5=0.897  val_bestMCC=0.906  (θ=0.188)  val_AUROC=0.963  val_ACC=0.966  TP=63 TN=279 FP=0 FN=12
  Epoch  280/400  loss=0.1641  bce=0.0458  gap=0.953  mrgn=0.000  val_MCC@0.5=0.889  val_bestMCC=0.906  (θ=0.231)  val_AUROC=0.960  val_ACC=0.963  TP=62 TN=279 FP=0 FN=13
  Epoch  320/400  loss=0.1575  bce=0.0416  gap=0.957  mrgn=0.000  val_MCC@0.5=0.889  val_bestMCC=0.906  (θ=0.244)  val_AUROC=0.960  val_ACC=0.963  TP=62 TN=279 FP=0 FN=13
  Epoch  360/400  loss=0.1551  bce=0.0401  gap=0.959  mrgn=0.000  val_MCC@0.5=0.889  val_bestMCC=0.906  (θ=0.255)  val_AUROC=0.960  val_ACC=0.963  TP=62 TN=279 FP=0 FN=13
  Epoch  400/400  loss=0.1547  bce=0.0398  gap=0.959  mrgn=0.000  val_MCC@0.5=0.889  val_bestMCC=0.906  (θ=0.256)  val_AUROC=0.960  val_ACC=0.963  TP=62 TN=279 FP=0 FN=13

[TGN] Best checkpoint: epoch=240  val_bestMCC=0.906  val_AUROC=0.963
[TGN] Restart check: val_bestMCC=0.906 (>=0.975? False)  gap_width=0.0000 (>=0.01? False)
[TGN] Max restarts (5) reached. Proceeding with global best (val_bestMCC=0.932).
[TGN] Global best restored: epoch=320  val_bestMCC=0.932  val_AUROC=0.957
[TGN] Optimal theta_FS = 0.343  (val_MCC=0.932  theta_plateau=0.343  gap=N/A  method=plateau_mid [no val separation gap])

[TGN] Test  MCC=0.885  AUROC=0.938  ACC=0.962  TP=66 TN=286 FP=1 FN=13
[TGN] Test variant classifier (TTW/BSHH/ME)  ACC=0.524  F1_macro=0.524  n=334
[TGN] Wall-clock training time: 1804.7s (30.08 min)
[TGN] Weights saved to 'tgn_weights_variant_excl_me.bin'  (72488 bytes, dim=32 layers=2)

[TGN] Complete.  Deploy with (use the SAME simTime/N_Vehicles/mobility_scenario
                 as the data generation runs to avoid train/eval mismatch):
  ./waf --run "scratch/routing --simTime=<N> --N_Vehicles=<N> \
               --mobility_scenario=<N> --maxspeed=<N> \
               --attack_scenario=1 --tgn_weights=tgn_weights_variant_excl_me.bin \
               --tgn_theta=0.34 --tgn_l_link=43.0"
